******************************************************************************
                  TI ARM Linker PC v18.12.4                    
******************************************************************************
>> Linked Fri Jun  4 11:35:09 2021

OUTPUT FILE NAME:   <CC_2021_04x_v2.out>
ENTRY POINT SYMBOL: "_c_int00"  address: 00016a50


MEMORY CONFIGURATION

         name            origin    length      used     unused   attr    fill
----------------------  --------  ---------  --------  --------  ----  --------
  VECTORS               00000000   00000020  00000020  00000000     X
  KERNEL                00000020   00008000  000051c8  00002e38  R  X
  FLASH0                00008020   00057fe0  00011f94  0004604c  R  X
  STACKS                08000000   00000800  00000000  00000800  RW  
  KRAM                  08000800   00000800  00000104  000006fc  RW  
  RAM                   08001000   00007000  00002394  00004c6c  RW  


SEGMENT ALLOCATION MAP

run origin  load origin   length   init length attrs members
----------  ----------- ---------- ----------- ----- -------
00000000    00000000    000051e8   000051e8    r-x
  00000000    00000000    00000020   00000020    r-x .intvecs
  00000020    00000020    000050c0   000050c0    r-x .kernelTEXT
  000050e0    000050e0    00000108   00000108    r-- .cinit
00008020    00008020    00011f94   00011f94    r-x
  00008020    00008020    00011750   00011750    r-x .text
  00019770    00019770    00000844   00000844    r-- .const
08000800    08000800    00000104   00000000    rw-
  08000800    08000800    00000104   00000000    rw- .kernelBSS
08001000    08001000    00002394   00000000    rw-
  08001000    08001000    00002000   00000000    rw- .kernelHEAP
  08003000    08003000    000001d4   00000000    rw- .bss
  080031d4    080031d4    000001c0   00000000    rw- .data


SECTION ALLOCATION MAP

 output                                  attributes/
section   page    origin      length       input sections
--------  ----  ----------  ----------   ----------------
.intvecs   0    00000000    00000020     
                  00000000    00000020     sys_intvecs.obj (.intvecs)

.kernelTEXT 
*          0    00000020    000050c0     
                  00000020    00002bdc     os_tasks.obj (.kernelTEXT)
                  00002bfc    000011dc     os_queue.obj (.kernelTEXT)
                  00003dd8    0000081c     os_event_groups.obj (.kernelTEXT)
                  000045f4    000003bc     os_port.obj (.kernelTEXT)
                  000049b0    000003b0     os_portasm.obj (.kernelTEXT)
                  00004d60    00000380     os_heap.obj (.kernelTEXT)

.cinit     0    000050e0    00000108     
                  000050e0    000000bc     (.cinit..data.load) [load image, compression = lzss]
                  0000519c    0000000c     (__TI_handler_table)
                  000051a8    00000009     (.cinit..kernelBSS.load) [load image, compression = lzss]
                  000051b1    00000007     --HOLE-- [fill = 0]
                  000051b8    00000008     (.cinit..bss.load) [load image, compression = zero_init]
                  000051c0    00000008     (.cinit..kernelHEAP.load) [load image, compression = zero_init]
                  000051c8    00000020     (__TI_cinit_table)

.text      0    00008020    00011750     
                  00008020    000024f0     sys_selftest.obj (.text)
                  0000a510    000015a4     BMP280.obj (.text)
                  0000bab4    00000ff0     rtsv7R4_A_be_eabi.lib : _printfi.c.obj (.text:__TI_printfi)
                  0000caa4    00000e8c                           : e_pow.c.obj (.text:pow)
                  0000d930    00000c4c     Utilities.obj (.text)
                  0000e57c    00000ae0     spi.obj (.text)
                  0000f05c    00000aa0     system.obj (.text)
                  0000fafc    00000a78     adc.obj (.text)
                  00010574    000009a0     os_mpu_wrappers.obj (.text)
                  00010f14    000008fc     het.obj (.text)
                  00011810    0000089c     sys_vim.obj (.text)
                  000120ac    00000734     Commands.obj (.text)
                  000127e0    000006e4     sci.obj (.text)
                  00012ec4    00000664     errata_SSWF021_45.obj (.text)
                  00013528    00000664     rtsv7R4_A_be_eabi.lib : strtod.c.obj (.text:strtod)
                  00013b8c    000005bc     esm.obj (.text)
                  00014148    0000058c     rtsv7R4_A_be_eabi.lib : e_log.c.obj (.text:log)
                  000146d4    00000500     sys_main.obj (.text)
                  00014bd4    000004c8     spi.obj (.text:retain)
                  0001509c    00000384     sci.obj (.text:retain)
                  00015420    0000036c     gio.obj (.text)
                  0001578c    00000364     rtsv7R4_A_be_eabi.lib : _printfi.c.obj (.text:_pconv_a)
                  00015af0    000002d0     sys_core.obj (.text)
                  00015dc0    000002c0     rtsv7R4_A_be_eabi.lib : _printfi.c.obj (.text:_pconv_g)
                  00016080    000002b8                           : ull_div32.asm.obj (.text)
                  00016338    00000278     os_heap.obj (.text)
                  000165b0    00000268     sys_vim.obj (.text:retain)
                  00016818    00000238     os_list.obj (.text)
                  00016a50    0000021c     sys_startup.obj (.text:retain)
                  00016c6c    00000214     rtsv7R4_A_be_eabi.lib : fd_add32.asm.obj (.text)
                  00016e80    000001ec                           : e_sqrt.c.obj (.text:sqrt)
                  0001706c    000001b4     os_port.obj (.text)
                  00017220    000001b0     rtsv7R4_A_be_eabi.lib : _printfi.c.obj (.text:_pconv_e)
                  000173d0    000001ac                           : _printfi.c.obj (.text:fcvt)
                  0001757c    00000190                           : fd_div32.asm.obj (.text)
                  0001770c    00000180                           : memcpy32.asm.obj (.text)
                  0001788c    00000164     os_tasks.obj (.text)
                  000179f0    00000158     rtsv7R4_A_be_eabi.lib : s_floor.c.obj (.text:floor)
                  00017b48    00000154     pinmux.obj (.text)
                  00017c9c    00000144     allADC.obj (.text)
                  00017de0    00000134     rtsv7R4_A_be_eabi.lib : fs_add32.asm.obj (.text)
                  00017f14    00000128                           : fd_mul32.asm.obj (.text)
                  0001803c    00000120                           : s_scalbn.c.obj (.text:scalbn)
                  0001815c    00000115                           : _printfi.c.obj (.text:_ltostr)
                  00018271    00000003     --HOLE-- [fill = 0]
                  00018274    000000f8     notification.obj (.text)
                  0001836c    000000ec     esm.obj (.text:retain)
                  00018458    000000e8     dabort.obj (.text)
                  00018540    000000e0     rtsv7R4_A_be_eabi.lib : fd_cmp32.asm.obj (.text:__aeabi_cdcmple)
                  00018620    000000e0                           : fd_cmp32.asm.obj (.text:__aeabi_cdrcmple)
                  00018700    000000e0     sys_pmu.obj (.text)
                  000187e0    000000d4     rtsv7R4_A_be_eabi.lib : fs_div32.asm.obj (.text)
                  000188b4    000000c8                           : _printfi.c.obj (.text:_mcpy)
                  0001897c    000000b0                           : memset32.asm.obj (.text)
                  00018a2c    000000a8                           : fs_mul32.asm.obj (.text)
                  00018ad4    0000009c                           : fd_tos32.asm.obj (.text)
                  00018b70    00000098                           : _printfi.c.obj (.text:_ecpy)
                  00018c08    00000098                           : ll_div32.asm.obj (.text)
                  00018ca0    00000090                           : copy_decompress_lzss.c.obj (.text:decompress:lzss:__TI_decompress_lzss)
                  00018d30    00000088                           : fs_cmp32.asm.obj (.text:__aeabi_cfcmple)
                  00018db8    00000088                           : fs_cmp32.asm.obj (.text:__aeabi_cfrcmple)
                  00018e40    00000084                           : _printfi.c.obj (.text:_pconv_f)
                  00018ec4    00000084                           : atoi.c.obj (.text:atoi)
                  00018f48    00000080                           : ltoa.c.obj (.text:ltoa)
                  00018fc8    0000007c                           : s_frexp.c.obj (.text:frexp)
                  00019044    00000068                           : autoinit.c.obj (.text:__TI_auto_init_nobinit_nopinit:__TI_auto_init_nobinit_nopinit)
                  000190ac    00000068                           : strtok.c.obj (.text:strtok)
                  00019114    00000064                           : _printfi.c.obj (.text:_fcpy)
                  00019178    00000064                           : sprintf.c.obj (.text:sprintf)
                  000191dc    00000060                           : ll_tofs32.asm.obj (.text)
                  0001923c    0000005c                           : fd_toi32.asm.obj (.text)
                  00019298    0000005c                           : fs_tod32.asm.obj (.text)
                  000192f4    00000058                           : fd_tou32.asm.obj (.text)
                  0001934c    00000054                           : i_div32.asm.obj (.text)
                  000193a0    00000050                           : u_div32.asm.obj (.text)
                  000193f0    0000004c                           : fs_toi32.asm.obj (.text)
                  0001943c    0000004c                           : fs_tou32.asm.obj (.text)
                  00019488    0000004c                           : i_tofs32.asm.obj (.text)
                  000194d4    0000004c                           : strspn.c.obj (.text:strspn)
                  00019520    00000044                           : strcspn.c.obj (.text:strcspn)
                  00019564    0000003c                           : i_tofd32.asm.obj (.text)
                  000195a0    00000034                           : u_tofd32.asm.obj (.text)
                  000195d4    00000030                           : sprintf.c.obj (.text:_outs)
                  00019604    0000002c                           : memccpy.c.obj (.text:memccpy)
                  00019630    00000028                           : strcat.c.obj (.text:strcat)
                  00019658    00000028                           : strchr.c.obj (.text:strchr)
                  00019680    00000028                           : strcmp.c.obj (.text:strcmp)
                  000196a8    00000024                           : wcslen.c.obj (.text:wcslen)
                  000196cc    00000020                           : strlen.c.obj (.text:strlen)
                  000196ec    00000018                           : strcpy.c.obj (.text:strcpy)
                  00019704    00000014                           : sprintf.c.obj (.text:_outc)
                  00019718    00000014                           : copy_decompress_none.c.obj (.text:decompress:none:__TI_decompress_none)
                  0001972c    00000010                           : copy_zero_init.c.obj (.text:decompress:ZI:__TI_zero_init)
                  0001973c    0000000c                           : errno.c.obj (.text:__aeabi_errno_addr)
                  00019748    0000000c                           : s_copysign.c.obj (.text:copysign)
                  00019754    00000008                           : exit.c.obj (.text:abort:abort)
                  0001975c    00000008                           : atof.c.obj (.text:atof)
                  00019764    00000004     sys_phantom.obj (.text:retain)
                  00019768    00000004     rtsv7R4_A_be_eabi.lib : div0.asm.obj (.text)
                  0001976c    00000004     sys_startup.obj (.text)

.const     0    00019770    00000844     
                  00019770    000003a0     het.obj (.const:het1PROGRAM)
                  00019b10    00000180     sys_vim.obj (.const:s_vim_init)
                  00019c90    00000101     rtsv7R4_A_be_eabi.lib : ctype.c.obj (.const:.string:_ctypes_)
                  00019d91    00000002     Utilities.obj (.const:.string:$P$T0$1)
                  00019d93    00000001     --HOLE-- [fill = 0]
                  00019d94    000000b4     Utilities.obj (.const:.string)
                  00019e48    00000080     rtsv7R4_A_be_eabi.lib : strtod.c.obj (.const:digits)
                  00019ec8    00000048                           : strtod.c.obj (.const:powerof10)
                  00019f10    00000024     Commands.obj (.const:.string)
                  00019f34    00000020     het.obj (.const:s_het1pwmPolarity)
                  00019f54    00000014     sys_main.obj (.const:$P$T0$1)
                  00019f68    00000010     rtsv7R4_A_be_eabi.lib : e_pow.c.obj (.const:bp)
                  00019f78    00000010                           : e_pow.c.obj (.const:dp_h)
                  00019f88    00000010                           : e_pow.c.obj (.const:dp_l)
                  00019f98    0000000c     adc.obj (.const:s_adcFiFoSize)
                  00019fa4    0000000c     adc.obj (.const:s_adcSelect)
                  00019fb0    00000002     Utilities.obj (.const:.string:$P$T1$2)
                  00019fb2    00000002     Utilities.obj (.const:.string:$P$T2$3)

.kernelBSS 
*          0    08000800    00000104     UNINITIALIZED
                  08000800    000000d0     os_tasks.obj (.kernelBSS:uninit)
                  080008d0    00000034     os_tasks.obj (.kernelBSS:init)

.kernelHEAP 
*          0    08001000    00002000     UNINITIALIZED
                  08001000    00002000     os_heap.obj (.kernelHEAP)

.bss       0    08003000    000001d4     UNINITIALIZED
                  08003000    000000c8     (.common:command)
                  080030c8    00000064     (.common:CMD_KEY)
                  0800312c    00000048     spi.obj (.bss:g_spiPacket_t)
                  08003174    0000001c     BMP280.obj (.bss:ParametrosCalibracionBMP280)
                  08003190    00000014     sci.obj (.bss:g_sciTransfer_t)
                  080031a4    00000004     sys_main.obj (.bss:receivedData)
                  080031a8    00000010     (.common:SERVO_PAYLOAD)
                  080031b8    00000008     os_heap.obj (.bss:xStart)
                  080031c0    00000008     (.common:MyChannel)
                  080031c8    00000004     (.common:SPI1_data_configCh2)
                  080031cc    00000004     (.common:valorAdc_0)
                  080031d0    00000004     (.common:xTelemetryHandle)

.data      0    080031d4    000001c0     UNINITIALIZED
                  080031d4    00000060     Utilities.obj (.data)
                  08003234    00000018     Utilities.obj (.data:FSW_STATE)
                  0800324c    00000018     Commands.obj (.data:commands)
                  08003264    00000010     os_heap.obj (.data)
                  08003274    0000000c     Commands.obj (.data)
                  08003280    0000000c     Utilities.obj (.data:cLAT)
                  0800328c    0000000c     Utilities.obj (.data:cLON)
                  08003298    0000000a     Utilities.obj (.data:SP1_MISSION_TIME)
                  080032a2    0000000a     Utilities.obj (.data:SP2_MISSION_TIME)
                  080032ac    00000008     BMP280.obj (.data:ALTITUD)
                  080032b4    00000008     BMP280.obj (.data:Alt_bmp280)
                  080032bc    00000008     BMP280.obj (.data:ComandoSPI)
                  080032c4    00000008     BMP280.obj (.data:DatoSPI01)
                  080032cc    00000008     BMP280.obj (.data:DatoSPI02)
                  080032d4    00000008     BMP280.obj (.data:DatoSPI03)
                  080032dc    00000008     BMP280.obj (.data:DatoSPI04)
                  080032e4    00000008     BMP280.obj (.data:PRESION)
                  080032ec    00000008     BMP280.obj (.data:Pres_bmp280)
                  080032f4    00000008     Utilities.obj (.data:SP1_ALTITUDE)
                  080032fc    00000008     Utilities.obj (.data:SP2_ALTITUDE)
                  08003304    00000008     BMP280.obj (.data:TEMPERATURA)
                  0800330c    00000008     BMP280.obj (.data:Temp_bmp280)
                  08003314    00000008     Utilities.obj (.data:cALTITUDE_BAR)
                  0800331c    00000008     Utilities.obj (.data:cGPS_TIME)
                  08003324    00000008     Utilities.obj (.data:cPRESS_BAR)
                  0800332c    00000008     Utilities.obj (.data:cTEMPERATURE)
                  08003334    00000008     os_port.obj (.data)
                  0800333c    00000007     Utilities.obj (.data:cALT)
                  08003343    00000006     Utilities.obj (.data:SP1_ROTATION_RATE)
                  08003349    00000006     Utilities.obj (.data:SP1_TEMPERATURE)
                  0800334f    00000006     Utilities.obj (.data:SP2_ROTATION_RATE)
                  08003355    00000006     Utilities.obj (.data:SP2_TEMPERATURE)
                  0800335b    00000006     Utilities.obj (.data:cPACKET_COUNT)
                  08003361    00000006     Utilities.obj (.data:cSP1_PC)
                  08003367    00000006     Utilities.obj (.data:cSP2_PC)
                  0800336d    00000005     Utilities.obj (.data:ECHO)
                  08003372    00000004     Utilities.obj (.data:SP1_PACKET_COUNT)
                  08003376    00000004     Utilities.obj (.data:SP2_PACKET_COUNT)
                  0800337a    00000004     Utilities.obj (.data:cVOLT_BATT)
                  0800337e    00000002     BMP280.obj (.data)
                  08003380    00000004     rtsv7R4_A_be_eabi.lib : errno.c.obj (.data)
                  08003384    00000004                           : strtok.c.obj (.data)
                  08003388    00000003     Utilities.obj (.data:cH)
                  0800338b    00000003     Utilities.obj (.data:cM)
                  0800338e    00000003     Utilities.obj (.data:cNSATS)
                  08003391    00000003     Utilities.obj (.data:cS)

MODULE SUMMARY

       Module                       code    ro data   rw data
       ------                       ----    -------   -------
    .\source\
       os_tasks.obj                 11584   0         260    
       os_heap.obj                  1528    0         8216   
       sys_selftest.obj             9456    0         0      
       os_queue.obj                 4572    0         0      
       spi.obj                      4008    0         72     
       het.obj                      2300    960       0      
       sys_vim.obj                  2820    384       0      
       system.obj                   2720    0         0      
       adc.obj                      2680    24        0      
       sci.obj                      2664    0         20     
       os_mpu_wrappers.obj          2464    0         0      
       os_event_groups.obj          2076    0         0      
       esm.obj                      1704    0         0      
       errata_SSWF021_45.obj        1636    0         0      
       os_port.obj                  1392    0         8      
       sys_main.obj                 1280    20        4      
       os_portasm.obj               944     0         0      
       gio.obj                      876     0         0      
       sys_core.obj                 720     0         0      
       os_list.obj                  568     0         0      
       sys_startup.obj              544     0         0      
       pinmux.obj                   340     0         0      
       notification.obj             248     0         0      
       dabort.obj                   232     0         0      
       sys_pmu.obj                  224     0         0      
       sys_intvecs.obj              32      0         0      
       sys_phantom.obj              4       0         0      
    +--+----------------------------+-------+---------+---------+
       Total:                       59616   1388      8580   
                                                             
    .\source\KaanSat_Lib\
       BMP280.obj                   5540    0         122    
       Utilities.obj                3148    186       590    
       Commands.obj                 1844    36        68     
       allADC.obj                   324     0         0      
    +--+----------------------------+-------+---------+---------+
       Total:                       10856   222       780    
                                                             
    C:\ti\ccs930\ccs\tools\compiler\ti-cgt-arm_18.12.4.LTS\lib\rtsv7R4_A_be_eabi.lib
       _printfi.c.obj               7373    0         0      
       e_pow.c.obj                  3724    48        0      
       strtod.c.obj                 1636    200       0      
       e_log.c.obj                  1420    0         0      
       ull_div32.asm.obj            696     0         0      
       fd_add32.asm.obj             532     0         0      
       e_sqrt.c.obj                 492     0         0      
       fd_cmp32.asm.obj             448     0         0      
       fd_div32.asm.obj             400     0         0      
       memcpy32.asm.obj             384     0         0      
       s_floor.c.obj                344     0         0      
       fs_add32.asm.obj             308     0         0      
       fd_mul32.asm.obj             296     0         0      
       s_scalbn.c.obj               288     0         0      
       fs_cmp32.asm.obj             272     0         0      
       ctype.c.obj                  0       257       0      
       fs_div32.asm.obj             212     0         0      
       memset32.asm.obj             176     0         0      
       fs_mul32.asm.obj             168     0         0      
       sprintf.c.obj                168     0         0      
       fd_tos32.asm.obj             156     0         0      
       ll_div32.asm.obj             152     0         0      
       copy_decompress_lzss.c.obj   144     0         0      
       atoi.c.obj                   132     0         0      
       ltoa.c.obj                   128     0         0      
       s_frexp.c.obj                124     0         0      
       strtok.c.obj                 104     0         4      
       autoinit.c.obj               104     0         0      
       ll_tofs32.asm.obj            96      0         0      
       fd_toi32.asm.obj             92      0         0      
       fs_tod32.asm.obj             92      0         0      
       fd_tou32.asm.obj             88      0         0      
       i_div32.asm.obj              84      0         0      
       u_div32.asm.obj              80      0         0      
       fs_toi32.asm.obj             76      0         0      
       fs_tou32.asm.obj             76      0         0      
       i_tofs32.asm.obj             76      0         0      
       strspn.c.obj                 76      0         0      
       strcspn.c.obj                68      0         0      
       i_tofd32.asm.obj             60      0         0      
       u_tofd32.asm.obj             52      0         0      
       memccpy.c.obj                44      0         0      
       strcat.c.obj                 40      0         0      
       strchr.c.obj                 40      0         0      
       strcmp.c.obj                 40      0         0      
       wcslen.c.obj                 36      0         0      
       strlen.c.obj                 32      0         0      
       strcpy.c.obj                 24      0         0      
       copy_decompress_none.c.obj   20      0         0      
       copy_zero_init.c.obj         16      0         0      
       errno.c.obj                  12      0         4      
       s_copysign.c.obj             12      0         0      
       atof.c.obj                   8       0         0      
       exit.c.obj                   8       0         0      
       div0.asm.obj                 4       0         0      
    +--+----------------------------+-------+---------+---------+
       Total:                       21733   505       8      
                                                             
       Linker Generated:            0       257       0      
    +--+----------------------------+-------+---------+---------+
       Grand Total:                 92205   2372      9368   


LINKER GENERATED COPY TABLES

__TI_cinit_table @ 000051c8 records: 4, size/record: 8, table size: 32
	.data: load addr=000050e0, load size=000000bc bytes, run addr=080031d4, run size=000001c0 bytes, compression=lzss
	.kernelBSS: load addr=000051a8, load size=00000009 bytes, run addr=08000800, run size=00000104 bytes, compression=lzss
	.bss: load addr=000051b8, load size=00000008 bytes, run addr=08003000, run size=000001d4 bytes, compression=zero_init
	.kernelHEAP: load addr=000051c0, load size=00000008 bytes, run addr=08001000, run size=00002000 bytes, compression=zero_init


LINKER GENERATED HANDLER TABLE

__TI_handler_table @ 0000519c records: 3, size/record: 4, table size: 12
	index: 0, handler: __TI_decompress_lzss
	index: 1, handler: __TI_decompress_none
	index: 2, handler: __TI_zero_init


GLOBAL SYMBOLS: SORTED ALPHABETICALLY BY Name 

address   name                                  
-------   ----                                  
080031f0  ALTITUDE_BAR                          
080031f4  ALTITUDE_INIT                         
080032b4  Alt_bmp280                            
0000a600  BMP280_Altitud                        
0000ade8  BMP280_CalcularAltitud                
0000b5a8  BMP280_CalcularTemperaturaPresion     
0000a544  BMP280_Init                           
0000a5ec  BMP280_Presion                        
0000a60c  BMP280_Temperatura                    
00019754  C$$EXIT                               
0000a618  CAlibracion_BMP280                    
080030c8  CMD_KEY                               
0000ba14  CalcAltitudfloat                      
0000b0e8  CalcTempYpres_bmp280                  
080032bc  ComandoSPI                            
080032c4  DatoSPI01                             
080032cc  DatoSPI02                             
080032d4  DatoSPI03                             
080032dc  DatoSPI04                             
0800336d  ECHO                                  
0800320c  ENABLE_SIM                            
08003234  FSW_STATE                             
080031dc  FSW_STATE_TEMP                        
08003204  GPS_TIME                              
08003218  H                                     
08003214  LAND                                  
0000ae48  LEERTempYpresRAW_bmp280               
0800321c  M                                     
080031e4  MODE                                  
00010744  MPU_eTaskGetState                     
000108ac  MPU_pcTaskGetName                     
0001098c  MPU_pvTaskGetThreadLocalStoragePointer
00010aa4  MPU_ulTaskNotifyTake                  
00010c60  MPU_uxQueueMessagesWaiting            
00010c94  MPU_uxQueueSpacesAvailable            
00010880  MPU_uxTaskGetNumberOfTasks            
00010914  MPU_uxTaskGetStackHighWaterMark       
00010710  MPU_uxTaskPriorityGet                 
00010ee8  MPU_vEventGroupDelete                 
00010cc8  MPU_vQueueDelete                      
0001061c  MPU_vTaskAllocateMPURegions           
0001067c  MPU_vTaskDelay                        
000106a8  MPU_vTaskDelayUntil                   
00010650  MPU_vTaskDelete                       
00010778  MPU_vTaskPrioritySet                  
000107d8  MPU_vTaskResume                       
00010948  MPU_vTaskSetThreadLocalStoragePointer 
00010b1c  MPU_vTaskSetTimeOutState              
000107ac  MPU_vTaskSuspend                      
00010804  MPU_vTaskSuspendAll                   
00010e0c  MPU_xEventGroupClearBits              
00010d84  MPU_xEventGroupCreate                 
00010e50  MPU_xEventGroupSetBits                
00010e94  MPU_xEventGroupSync                   
00010db0  MPU_xEventGroupWaitBits               
00010cf4  MPU_xQueueGenericCreate               
00010c0c  MPU_xQueueGenericReceive              
00010d40  MPU_xQueueGenericReset                
00010bb8  MPU_xQueueGenericSend                 
000106dc  MPU_xTaskAbortDelay                   
00010b48  MPU_xTaskCheckForTimeOut              
00010574  MPU_xTaskCreate                       
000105d8  MPU_xTaskCreateRestricted             
000109fc  MPU_xTaskGenericNotify                
000108e0  MPU_xTaskGetHandle                    
000109d0  MPU_xTaskGetIdleTaskHandle            
00010b8c  MPU_xTaskGetSchedulerState            
00010854  MPU_xTaskGetTickCount                 
00010ae8  MPU_xTaskNotifyStateClear             
00010a50  MPU_xTaskNotifyWait                   
00010828  MPU_xTaskResumeAll                    
080031c0  MyChannel                             
080031e0  PACKET_COUNT                          
080031f8  PRESS_BAR                             
080032ec  Pres_bmp280                           
08003226  R1                                    
08003227  R2                                    
08003220  S                                     
080031a8  SERVO_PAYLOAD                         
UNDEFED   SHT$$INIT_ARRAY$$Base                 
UNDEFED   SHT$$INIT_ARRAY$$Limit                
0800320a  SIM_ON                                
08003224  SP1X_ON                               
080032f4  SP1_ALTITUDE                          
08003298  SP1_MISSION_TIME                      
08003372  SP1_PACKET_COUNT                      
080031e8  SP1_PC                                
080031e5  SP1_RELEASED                          
08003343  SP1_ROTATION_RATE                     
08003349  SP1_TEMPERATURE                       
08003225  SP2X_ON                               
080032fc  SP2_ALTITUDE                          
080032a2  SP2_MISSION_TIME                      
08003376  SP2_PACKET_COUNT                      
080031ec  SP2_PC                                
080031e6  SP2_RELEASED                          
0800334f  SP2_ROTATION_RATE                     
08003355  SP2_TEMPERATURE                       
080031c8  SPI1_data_configCh2                   
08003209  SP_ON                                 
080031e7  STATE                                 
08003210  STATE_INDEX                           
0000ed50  SpiRxStatus                           
0000ecf4  SpiTxStatus                           
080031fc  TEMPERATURE                           
0800330c  Temp_bmp280                           
08003200  VOLT_BATT                             
000051c8  __TI_CINIT_Base                       
000051e8  __TI_CINIT_Limit                      
0000519c  __TI_Handler_Table_Base               
000051a8  __TI_Handler_Table_Limit              
00015db8  __TI_PINIT_Base                       
00015dbc  __TI_PINIT_Limit                      
00019044  __TI_auto_init_nobinit_nopinit        
00018ca0  __TI_decompress_lzss                  
00019718  __TI_decompress_none                  
ffffffff  __TI_pprof_out_hndl                   
0000bab4  __TI_printfi                          
ffffffff  __TI_prof_data_size                   
ffffffff  __TI_prof_data_start                  
00000000  __TI_static_base__                    
0001972c  __TI_zero_init                        
00018540  __aeabi_cdcmpeq                       
00018540  __aeabi_cdcmple                       
00018620  __aeabi_cdrcmple                      
00018d30  __aeabi_cfcmpeq                       
00018d30  __aeabi_cfcmple                       
00018db8  __aeabi_cfrcmple                      
00018ad4  __aeabi_d2f                           
0001923c  __aeabi_d2iz                          
000192f4  __aeabi_d2uiz                         
00016c78  __aeabi_dadd                          
0001757c  __aeabi_ddiv                          
00017f14  __aeabi_dmul                          
00016c6c  __aeabi_dsub                          
0001973c  __aeabi_errno_addr                    
00019298  __aeabi_f2d                           
000193f0  __aeabi_f2iz                          
0001943c  __aeabi_f2uiz                         
00017de4  __aeabi_fadd                          
000187e0  __aeabi_fdiv                          
00018a2c  __aeabi_fmul                          
00017de0  __aeabi_fsub                          
00019564  __aeabi_i2d                           
00019488  __aeabi_i2f                           
0001934c  __aeabi_idiv                          
00019768  __aeabi_idiv0                         
0001934c  __aeabi_idivmod                       
000191dc  __aeabi_l2f                           
00019768  __aeabi_ldiv0                         
00018c08  __aeabi_ldivmod                       
0001897c  __aeabi_memclr                        
0001897c  __aeabi_memclr4                       
0001897c  __aeabi_memclr8                       
0001770c  __aeabi_memcpy                        
0001770c  __aeabi_memcpy4                       
0001770c  __aeabi_memcpy8                       
00018980  __aeabi_memset                        
00018980  __aeabi_memset4                       
00018980  __aeabi_memset8                       
000195a0  __aeabi_ui2d                          
000193a0  __aeabi_uidiv                         
000193a0  __aeabi_uidivmod                      
00016080  __aeabi_uldivmod                      
ffffffff  __binit__                             
ffffffff  __c_args__                            
00016a50  _c_int00                              
00015ce0  _coreClearAuxiliaryDataFault_         
00015cf4  _coreClearAuxiliaryInstructionFault_  
00015cb8  _coreClearDataFaultAddress_           
00015c90  _coreClearDataFault_                  
00015ccc  _coreClearInstructionFaultAddress_    
00015ca4  _coreClearInstructionFault_           
00015c24  _coreDisableEventBusExport_           
00015c68  _coreDisableFlashEcc_                 
00015c44  _coreDisableRamEcc_                   
00015c14  _coreEnableEventBusExport_            
00015c54  _coreEnableFlashEcc_                  
00015c78  _coreEnableIrqVicOffset_              
00015c34  _coreEnableRamEcc_                    
00015cd8  _coreGetAuxiliaryDataFault_           
00015cec  _coreGetAuxiliaryInstructionFault_    
00015cb0  _coreGetDataFaultAddress_             
00015c88  _coreGetDataFault_                    
00015cc4  _coreGetInstructionFaultAddress_      
00015c9c  _coreGetInstructionFault_             
00015af0  _coreInitRegisters_                   
00015ba8  _coreInitStackPointer_                
00019c90  _ctypes_                              
00018458  _dabort                               
00015d08  _disable_FIQ_interrupt_               
00015d10  _disable_IRQ_interrupt_               
00015d00  _disable_interrupt_                   
00015d18  _enable_interrupt_                    
00015da8  _errata_CORTEXR4_66_                  
00012ec4  _errata_SSWF021_45_both_plls          
000130b8  _errata_SSWF021_45_pll1               
00013230  _errata_SSWF021_45_pll2               
00015d20  _esmCcmErrorsClear_                   
00015bf4  _getCPSRValue_                        
00015bfc  _gotoCPUIdle_                         
0001875c  _pmuDisableCountersGlobal_            
0001874c  _pmuEnableCountersGlobal_             
000187b8  _pmuGetCycleCount_                    
000187c0  _pmuGetEventCount_                    
000187cc  _pmuGetOverflow_                      
00018700  _pmuInit_                             
0001878c  _pmuResetCounters_                    
0001876c  _pmuResetCycleCounter_                
0001877c  _pmuResetEventCounters_               
000187ac  _pmuSetCountEvent_                    
0001879c  _pmuStartCounters_                    
000187a4  _pmuStopCounters_                     
UNDEFED   _system_post_cinit                    
00019754  abort                                 
00010304  adc1GetConfigValue                    
00009004  adc1ParityCheck                       
0000fee0  adcCalibration                        
000102a4  adcDisableNotification                
00010254  adcEnableNotification                 
0000fcf4  adcGetData                            
000102ec  adcGetEVTPin                          
0000fafc  adcInit                               
0000feb0  adcIsConversionComplete               
0000fe80  adcIsFifoFull                         
000100b8  adcMidPointCalibration                
000182cc  adcNotification                       
0000fccc  adcResetFiFo                          
000102cc  adcSetEVTPin                          
0000fc58  adcStartConversion                    
0000fca4  adcStopConversion                     
0001975c  atof                                  
00018ec4  atoi                                  
ffffffff  binit                                 
080031d4  buff_size                             
080031d8  buff_sizeAPI                          
0800333c  cALT                                  
08003314  cALTITUDE_BAR                         
0800331c  cGPS_TIME                             
08003388  cH                                    
08003280  cLAT                                  
0800328c  cLON                                  
0800338b  cM                                    
0800338e  cNSATS                                
0800335b  cPACKET_COUNT                         
08003324  cPRESS_BAR                            
08003391  cS                                    
08003361  cSP1_PC                               
08003367  cSP2_PC                               
0800332c  cTEMPERATURE                          
0800337a  cVOLT_BATT                            
000090bc  can1ParityCheck                       
00009198  can2ParityCheck                       
00011524  capGetSignal                          
00008030  ccmSelfCheck                          
0000a034  ccmr4GetConfigValue                   
00008938  checkB0RAMECC                         
00008b28  checkB1RAMECC                         
00009604  checkClockMonitor                     
00008d18  checkFlashECC                         
000096d8  checkFlashEEPROMECC                   
00009880  checkPLL1Slip                         
0000999c  checkRAMAddrParity                    
000093bc  checkRAMECC                           
00009aa4  checkRAMUERRTest                      
000087bc  checkefcSelfTest                      
0800327c  cmd_cont                              
00012484  commCX                                
000125a0  commSIM                               
00012700  commSIMP                              
00012694  commSP1X                              
000126c8  commSP2X                              
000124ec  commST                                
08003000  command                               
0800324c  commands                              
08003274  commandsTam                           
00019748  copysign                              
00019748  copysignl                             
00008234  cpuSelfTest                           
00008dfc  cpuSelfTestFail                       
0000d930  createTelemetryPacket                 
0000fa3c  customTrimLPO                         
00008df4  custom_dabort                         
0000a424  disableParity                         
00001f18  eTaskConfirmSleepModeStatus           
00000890  eTaskGetState                         
000114e4  edgeDisableNotification               
000114a8  edgeEnableNotification                
0001147c  edgeGetCounter                        
00018344  edgeNotification                      
00011450  edgeResetCounter                      
00008660  efcCheck                              
00009f98  efcGetConfigValue                     
00008794  efcSelfTest                           
000086e8  efcStuckZeroTest                      
0800322d  ejectCom                              
0000a3d0  enableParity                          
0000a0b0  errata_PBIST_4                        
08003380  errno                                 
00013d10  esmActivateNormalOperation            
00013de4  esmClearStatus                        
00013e24  esmClearStatusBuffer                  
00013cd8  esmDisableError                       
00013d48  esmDisableInterrupt                   
00013cb0  esmEnableError                        
00013d20  esmEnableInterrupt                    
00013f1c  esmEnterSelfTest                      
00013c94  esmError                              
00013ff4  esmGetConfigValue                     
00013e60  esmGetStatus                          
00013ee4  esmGetStatusBuffer                    
00018274  esmGroup1Notification                 
00018284  esmGroup2Notification                 
0001836c  esmHighInterrupt                      
00013b8c  esmInit                               
00013fa4  esmSelfTestStatus                     
00013e40  esmSetCounterPreloadValue             
00013d70  esmSetInterruptLevel                  
00013d00  esmTriggerErrorPinReset               
000122b8  findCommand                           
000179f0  floor                                 
000179f0  floorl                                
00009c00  fmcBus1ParityCheck                    
0000885c  fmcBus2Check                          
00008898  fmcECCcheck                           
00018fc8  frexp                                 
00018fc8  frexpl                                
0000e39c  ftoa                                  
00017c9c  getAdcVoltage                         
0000e17c  getAltitude                           
000120ac  getCommand                            
0001213c  getSPTelemetry                        
0000dbf8  getTime                               
00015618  gioDisableNotification                
000155dc  gioEnableNotification                 
00015544  gioGetBit                             
00015654  gioGetConfigValue                     
0001556c  gioGetPort                            
00015420  gioInit                               
000182e0  gioNotification                       
000154d4  gioSetBit                             
000154b4  gioSetDirection                       
00015524  gioSetPort                            
00015584  gioToggleBit                          
0000a510  hacernada                             
0001976c  handlePLLLockFail                     
00011638  het1GetConfigValue                    
00008eac  het1ParityCheck                       
00011620  hetGetTimestamp                       
00010f14  hetInit                               
00018358  hetNotification                       
00011604  hetResetTimestamp                     
00008f4c  htu1ParityCheck                       
0001803c  ldexp                                 
0001803c  ldexpl                                
00015244  linHighLevelInterrupt                 
0001509c  linLowLevelInterrupt                  
00014188  log                                   
00014188  logl                                  
00018f48  ltoa                                  
000146d4  main                                  
0000f1b4  mapClocks                             
00019604  memccpy                               
0001770c  memcpy                                
00008174  memoryInit                            
00018294  memoryPort0TestFailNotification       
000182b0  memoryPort1TestFailNotification       
0001898c  memset                                
00014e14  mibspi1HighLevelInterrupt             
00014bd4  mibspi1LowLevelInterrupt              
00009260  mibspi1ParityCheck                    
00017b48  muxInit                               
00009d2c  pbistFail                             
00009db0  pbistGetConfigValue                   
000085a8  pbistIsTestCompleted                  
000085d4  pbistIsTestPassed                     
00008608  pbistPortTestStatus                   
000084ac  pbistRun                              
000082cc  pbistSelfCheck                        
00008578  pbistStop                             
00001354  pcTaskGetName                         
0000f160  periphInit                            
00019764  phantomInterrupt                      
00017bd0  pinmuxGetConfigValue                  
0000cacc  pow                                   
0000cacc  powl                                  
00004d38  prvMpuDisable                         
00004d20  prvMpuEnable                          
00004d08  prvMpuSetRegion                       
00004d60  pvPortMalloc                          
00001ff8  pvTaskGetThreadLocalStoragePointer    
00011420  pwmDisableNotification                
000113d8  pwmEnableNotification                 
000112f0  pwmGetSignal                          
0001832c  pwmNotification                       
0001103c  pwmSetDuty                            
00011178  pwmSetSignal                          
00010fd4  pwmStart                              
00011008  pwmStop                               
080008d0  pxCurrentTCB                          
000045f4  pxPortInitialiseStack                 
00017d04  readAllAdc                            
00000000  resetEntry                            
0001803c  scalbn                                
0001803c  scalbnl                               
08003228  sciControl                            
00012c2c  sciDisableLoopback                    
00012c84  sciDisableNotification                
00012bf8  sciEnableLoopback                     
00012c48  sciEnableNotification                 
00012cc0  sciEnterResetState                    
00012ce0  sciExitResetState                     
000127e0  sciInit                               
00012ae0  sciIsIdleDetected                     
00012ac4  sciIsRxReady                          
000129a4  sciIsTxReady                          
00014ae4  sciNotification                       
00012b58  sciReceive                            
00012b2c  sciReceiveByte                        
00012afc  sciRxError                            
000129f0  sciSend                               
000129c0  sciSendByte                           
0000e1ec  sciSendData                           
000128ec  sciSetBaudrate                        
000128cc  sciSetFunctional                      
00012d18  scilinGetConfigValue                  
00008020  selftestFailNotification              
0000f120  setupFlash                            
0000f05c  setupPLL                              
08003278  sim_ok                                
0000e2cc  sltoa                                 
0000ee58  spi1GetConfigValue                    
0000ede0  spiDisableLoopback                    
0000ee2c  spiDisableNotification                
0000edac  spiEnableLoopback                     
0000edfc  spiEnableNotification                 
0001831c  spiEndNotification                    
0000e7ec  spiGetData                            
0000e57c  spiInit                               
00018308  spiNotification                       
0000e6d0  spiReceiveData                        
0000ebe4  spiSendAndGetData                     
0000e9e0  spiSendData                           
0000e6b0  spiSetFunctional                      
0000eaa8  spiTransmitAndReceiveData             
0000e8b4  spiTransmitData                       
00019178  sprintf                               
00016e80  sqrt                                  
00016e80  sqrtl                                 
0000f900  sramGetConfigValue                    
00009ef8  stcGetConfigValue                     
000081b8  stcSelfCheck                          
00008df8  stcSelfCheckFail                      
00019630  strcat                                
00019658  strchr                                
00019680  strcmp                                
000196ec  strcpy                                
00019520  strcspn                               
000196cc  strlen                                
000194d4  strspn                                
00013528  strtod                                
000190ac  strtok                                
00013528  strtold                               
0000f394  systemGetConfigValue                  
0000f298  systemInit                            
0000f364  systemPowerDown                       
0000f754  tcmflashGetConfigValue                
08003208  telemetry_ON                          
0800322c  toggle_sim                            
0000f0ac  trimLPO                               
08003334  ulCriticalNesting                     
00004c44  ulPortCountLeadingZeros               
08003338  ulTaskHasFPUContext                   
00002390  ulTaskNotifyTake                      
0000ddf8  updateAltitude                        
0000dcb0  updateState                           
000169c4  uxListRemove                          
00003910  uxQueueMessagesWaiting                
00003994  uxQueueMessagesWaitingFromISR         
00003948  uxQueueSpacesAvailable                
00001348  uxTaskGetNumberOfTasks                
0000223c  uxTaskGetStackHighWaterMark           
00000994  uxTaskPriorityGet                     
000009d8  uxTaskPriorityGetFromISR              
00002354  uxTaskResetEventItemValue             
0000456c  vEventGroupClearBitsCallback          
000044cc  vEventGroupDelete                     
00004550  vEventGroupSetBitsCallback            
00016818  vListInitialise                       
00016870  vListInitialiseItem                   
00016900  vListInsert                           
0001688c  vListInsertEnd                        
00014948  vMissionOperations                    
0000497c  vPortEndScheduler                     
00004fb8  vPortFree                             
000050c8  vPortInitialiseBlocks                 
00004b84  vPortPreemptiveTick                   
00004c4c  vPortSWI                              
000049b4  vPortStartFirstTask                   
000046e4  vPortStoreTaskMPUSettings             
00004ad0  vPortYeildWithinAPI                   
00004a24  vPortYieldProcessor                   
000039c4  vQueueDelete                          
00014818  vSensors                              
00002064  vTaskAllocateMPURegions               
0000080c  vTaskDelay                            
000006a0  vTaskDelayUntil                       
00000538  vTaskDelete                           
00001084  vTaskEndScheduler                     
00001f08  vTaskMissedYield                      
00002954  vTaskNotifyGiveFromISR                
00001ad0  vTaskPlaceOnEventList                 
00001b14  vTaskPlaceOnUnorderedEventList        
00000a20  vTaskPrioritySet                      
00000e20  vTaskResume                           
00001f94  vTaskSetThreadLocalStoragePointer     
00001d90  vTaskSetTimeOutState                  
00000fec  vTaskStartScheduler                   
0000166c  vTaskStepTick                         
00000c18  vTaskSuspend                          
000010a0  vTaskSuspendAll                       
000019f0  vTaskSwitchContext                    
00014784  vTelemetry                            
080031cc  valorAdc_0                            
000118e4  vimChannelMap                         
00011ae0  vimDisableInterrupt                   
00011988  vimEnableInterrupt                    
00011b64  vimGetConfigValue                     
00011810  vimInit                               
00008e00  vimParityCheck                        
000165b0  vimParityErrorHandler                 
000196a8  wcslen                                
00004268  xEventGroupClearBits                  
00003dd8  xEventGroupCreate                     
000042ec  xEventGroupGetBitsFromISR             
0000431c  xEventGroupSetBits                    
00003e14  xEventGroupSync                       
00004014  xEventGroupWaitBits                   
000050b0  xPortGetFreeHeapSize                  
000050bc  xPortGetMinimumEverFreeHeapSize       
00004958  xPortStartScheduler                   
00002d24  xQueueGenericCreate                   
000033fc  xQueueGenericReceive                  
00002bfc  xQueueGenericReset                    
00002e40  xQueueGenericSend                     
00003100  xQueueGenericSendFromISR              
00003290  xQueueGiveFromISR                     
00003cfc  xQueueIsQueueEmptyFromISR             
00003d88  xQueueIsQueueFullFromISR              
0000381c  xQueuePeekFromISR                     
000036d4  xQueueReceiveFromISR                  
000016c8  xTaskAbortDelay                       
00001dd0  xTaskCheckForTimeOut                  
000000fc  xTaskCreate                           
00000020  xTaskCreateRestricted                 
00002580  xTaskGenericNotify                    
00002754  xTaskGenericNotifyFromISR             
0000152c  xTaskGetHandle                        
00001634  xTaskGetIdleTaskHandle                
00002304  xTaskGetSchedulerState                
00001308  xTaskGetTickCount                     
00001324  xTaskGetTickCountFromISR              
000017c8  xTaskIncrementTick                    
00017974  xTaskNotifyStateClear                 
00002468  xTaskNotifyWait                       
00001b98  xTaskRemoveFromEventList              
00001c88  xTaskRemoveFromUnorderedEventList     
00001158  xTaskResumeAll                        
00000f04  xTaskResumeFromISR                    
080031d0  xTelemetryHandle                      


GLOBAL SYMBOLS: SORTED BY Symbol Address 

address   name                                  
-------   ----                                  
00000000  __TI_static_base__                    
00000000  resetEntry                            
00000020  xTaskCreateRestricted                 
000000fc  xTaskCreate                           
00000538  vTaskDelete                           
000006a0  vTaskDelayUntil                       
0000080c  vTaskDelay                            
00000890  eTaskGetState                         
00000994  uxTaskPriorityGet                     
000009d8  uxTaskPriorityGetFromISR              
00000a20  vTaskPrioritySet                      
00000c18  vTaskSuspend                          
00000e20  vTaskResume                           
00000f04  xTaskResumeFromISR                    
00000fec  vTaskStartScheduler                   
00001084  vTaskEndScheduler                     
000010a0  vTaskSuspendAll                       
00001158  xTaskResumeAll                        
00001308  xTaskGetTickCount                     
00001324  xTaskGetTickCountFromISR              
00001348  uxTaskGetNumberOfTasks                
00001354  pcTaskGetName                         
0000152c  xTaskGetHandle                        
00001634  xTaskGetIdleTaskHandle                
0000166c  vTaskStepTick                         
000016c8  xTaskAbortDelay                       
000017c8  xTaskIncrementTick                    
000019f0  vTaskSwitchContext                    
00001ad0  vTaskPlaceOnEventList                 
00001b14  vTaskPlaceOnUnorderedEventList        
00001b98  xTaskRemoveFromEventList              
00001c88  xTaskRemoveFromUnorderedEventList     
00001d90  vTaskSetTimeOutState                  
00001dd0  xTaskCheckForTimeOut                  
00001f08  vTaskMissedYield                      
00001f18  eTaskConfirmSleepModeStatus           
00001f94  vTaskSetThreadLocalStoragePointer     
00001ff8  pvTaskGetThreadLocalStoragePointer    
00002064  vTaskAllocateMPURegions               
0000223c  uxTaskGetStackHighWaterMark           
00002304  xTaskGetSchedulerState                
00002354  uxTaskResetEventItemValue             
00002390  ulTaskNotifyTake                      
00002468  xTaskNotifyWait                       
00002580  xTaskGenericNotify                    
00002754  xTaskGenericNotifyFromISR             
00002954  vTaskNotifyGiveFromISR                
00002bfc  xQueueGenericReset                    
00002d24  xQueueGenericCreate                   
00002e40  xQueueGenericSend                     
00003100  xQueueGenericSendFromISR              
00003290  xQueueGiveFromISR                     
000033fc  xQueueGenericReceive                  
000036d4  xQueueReceiveFromISR                  
0000381c  xQueuePeekFromISR                     
00003910  uxQueueMessagesWaiting                
00003948  uxQueueSpacesAvailable                
00003994  uxQueueMessagesWaitingFromISR         
000039c4  vQueueDelete                          
00003cfc  xQueueIsQueueEmptyFromISR             
00003d88  xQueueIsQueueFullFromISR              
00003dd8  xEventGroupCreate                     
00003e14  xEventGroupSync                       
00004014  xEventGroupWaitBits                   
00004268  xEventGroupClearBits                  
000042ec  xEventGroupGetBitsFromISR             
0000431c  xEventGroupSetBits                    
000044cc  vEventGroupDelete                     
00004550  vEventGroupSetBitsCallback            
0000456c  vEventGroupClearBitsCallback          
000045f4  pxPortInitialiseStack                 
000046e4  vPortStoreTaskMPUSettings             
00004958  xPortStartScheduler                   
0000497c  vPortEndScheduler                     
000049b4  vPortStartFirstTask                   
00004a24  vPortYieldProcessor                   
00004ad0  vPortYeildWithinAPI                   
00004b84  vPortPreemptiveTick                   
00004c44  ulPortCountLeadingZeros               
00004c4c  vPortSWI                              
00004d08  prvMpuSetRegion                       
00004d20  prvMpuEnable                          
00004d38  prvMpuDisable                         
00004d60  pvPortMalloc                          
00004fb8  vPortFree                             
000050b0  xPortGetFreeHeapSize                  
000050bc  xPortGetMinimumEverFreeHeapSize       
000050c8  vPortInitialiseBlocks                 
0000519c  __TI_Handler_Table_Base               
000051a8  __TI_Handler_Table_Limit              
000051c8  __TI_CINIT_Base                       
000051e8  __TI_CINIT_Limit                      
00008020  selftestFailNotification              
00008030  ccmSelfCheck                          
00008174  memoryInit                            
000081b8  stcSelfCheck                          
00008234  cpuSelfTest                           
000082cc  pbistSelfCheck                        
000084ac  pbistRun                              
00008578  pbistStop                             
000085a8  pbistIsTestCompleted                  
000085d4  pbistIsTestPassed                     
00008608  pbistPortTestStatus                   
00008660  efcCheck                              
000086e8  efcStuckZeroTest                      
00008794  efcSelfTest                           
000087bc  checkefcSelfTest                      
0000885c  fmcBus2Check                          
00008898  fmcECCcheck                           
00008938  checkB0RAMECC                         
00008b28  checkB1RAMECC                         
00008d18  checkFlashECC                         
00008df4  custom_dabort                         
00008df8  stcSelfCheckFail                      
00008dfc  cpuSelfTestFail                       
00008e00  vimParityCheck                        
00008eac  het1ParityCheck                       
00008f4c  htu1ParityCheck                       
00009004  adc1ParityCheck                       
000090bc  can1ParityCheck                       
00009198  can2ParityCheck                       
00009260  mibspi1ParityCheck                    
000093bc  checkRAMECC                           
00009604  checkClockMonitor                     
000096d8  checkFlashEEPROMECC                   
00009880  checkPLL1Slip                         
0000999c  checkRAMAddrParity                    
00009aa4  checkRAMUERRTest                      
00009c00  fmcBus1ParityCheck                    
00009d2c  pbistFail                             
00009db0  pbistGetConfigValue                   
00009ef8  stcGetConfigValue                     
00009f98  efcGetConfigValue                     
0000a034  ccmr4GetConfigValue                   
0000a0b0  errata_PBIST_4                        
0000a3d0  enableParity                          
0000a424  disableParity                         
0000a510  hacernada                             
0000a544  BMP280_Init                           
0000a5ec  BMP280_Presion                        
0000a600  BMP280_Altitud                        
0000a60c  BMP280_Temperatura                    
0000a618  CAlibracion_BMP280                    
0000ade8  BMP280_CalcularAltitud                
0000ae48  LEERTempYpresRAW_bmp280               
0000b0e8  CalcTempYpres_bmp280                  
0000b5a8  BMP280_CalcularTemperaturaPresion     
0000ba14  CalcAltitudfloat                      
0000bab4  __TI_printfi                          
0000cacc  pow                                   
0000cacc  powl                                  
0000d930  createTelemetryPacket                 
0000dbf8  getTime                               
0000dcb0  updateState                           
0000ddf8  updateAltitude                        
0000e17c  getAltitude                           
0000e1ec  sciSendData                           
0000e2cc  sltoa                                 
0000e39c  ftoa                                  
0000e57c  spiInit                               
0000e6b0  spiSetFunctional                      
0000e6d0  spiReceiveData                        
0000e7ec  spiGetData                            
0000e8b4  spiTransmitData                       
0000e9e0  spiSendData                           
0000eaa8  spiTransmitAndReceiveData             
0000ebe4  spiSendAndGetData                     
0000ecf4  SpiTxStatus                           
0000ed50  SpiRxStatus                           
0000edac  spiEnableLoopback                     
0000ede0  spiDisableLoopback                    
0000edfc  spiEnableNotification                 
0000ee2c  spiDisableNotification                
0000ee58  spi1GetConfigValue                    
0000f05c  setupPLL                              
0000f0ac  trimLPO                               
0000f120  setupFlash                            
0000f160  periphInit                            
0000f1b4  mapClocks                             
0000f298  systemInit                            
0000f364  systemPowerDown                       
0000f394  systemGetConfigValue                  
0000f754  tcmflashGetConfigValue                
0000f900  sramGetConfigValue                    
0000fa3c  customTrimLPO                         
0000fafc  adcInit                               
0000fc58  adcStartConversion                    
0000fca4  adcStopConversion                     
0000fccc  adcResetFiFo                          
0000fcf4  adcGetData                            
0000fe80  adcIsFifoFull                         
0000feb0  adcIsConversionComplete               
0000fee0  adcCalibration                        
000100b8  adcMidPointCalibration                
00010254  adcEnableNotification                 
000102a4  adcDisableNotification                
000102cc  adcSetEVTPin                          
000102ec  adcGetEVTPin                          
00010304  adc1GetConfigValue                    
00010574  MPU_xTaskCreate                       
000105d8  MPU_xTaskCreateRestricted             
0001061c  MPU_vTaskAllocateMPURegions           
00010650  MPU_vTaskDelete                       
0001067c  MPU_vTaskDelay                        
000106a8  MPU_vTaskDelayUntil                   
000106dc  MPU_xTaskAbortDelay                   
00010710  MPU_uxTaskPriorityGet                 
00010744  MPU_eTaskGetState                     
00010778  MPU_vTaskPrioritySet                  
000107ac  MPU_vTaskSuspend                      
000107d8  MPU_vTaskResume                       
00010804  MPU_vTaskSuspendAll                   
00010828  MPU_xTaskResumeAll                    
00010854  MPU_xTaskGetTickCount                 
00010880  MPU_uxTaskGetNumberOfTasks            
000108ac  MPU_pcTaskGetName                     
000108e0  MPU_xTaskGetHandle                    
00010914  MPU_uxTaskGetStackHighWaterMark       
00010948  MPU_vTaskSetThreadLocalStoragePointer 
0001098c  MPU_pvTaskGetThreadLocalStoragePointer
000109d0  MPU_xTaskGetIdleTaskHandle            
000109fc  MPU_xTaskGenericNotify                
00010a50  MPU_xTaskNotifyWait                   
00010aa4  MPU_ulTaskNotifyTake                  
00010ae8  MPU_xTaskNotifyStateClear             
00010b1c  MPU_vTaskSetTimeOutState              
00010b48  MPU_xTaskCheckForTimeOut              
00010b8c  MPU_xTaskGetSchedulerState            
00010bb8  MPU_xQueueGenericSend                 
00010c0c  MPU_xQueueGenericReceive              
00010c60  MPU_uxQueueMessagesWaiting            
00010c94  MPU_uxQueueSpacesAvailable            
00010cc8  MPU_vQueueDelete                      
00010cf4  MPU_xQueueGenericCreate               
00010d40  MPU_xQueueGenericReset                
00010d84  MPU_xEventGroupCreate                 
00010db0  MPU_xEventGroupWaitBits               
00010e0c  MPU_xEventGroupClearBits              
00010e50  MPU_xEventGroupSetBits                
00010e94  MPU_xEventGroupSync                   
00010ee8  MPU_vEventGroupDelete                 
00010f14  hetInit                               
00010fd4  pwmStart                              
00011008  pwmStop                               
0001103c  pwmSetDuty                            
00011178  pwmSetSignal                          
000112f0  pwmGetSignal                          
000113d8  pwmEnableNotification                 
00011420  pwmDisableNotification                
00011450  edgeResetCounter                      
0001147c  edgeGetCounter                        
000114a8  edgeEnableNotification                
000114e4  edgeDisableNotification               
00011524  capGetSignal                          
00011604  hetResetTimestamp                     
00011620  hetGetTimestamp                       
00011638  het1GetConfigValue                    
00011810  vimInit                               
000118e4  vimChannelMap                         
00011988  vimEnableInterrupt                    
00011ae0  vimDisableInterrupt                   
00011b64  vimGetConfigValue                     
000120ac  getCommand                            
0001213c  getSPTelemetry                        
000122b8  findCommand                           
00012484  commCX                                
000124ec  commST                                
000125a0  commSIM                               
00012694  commSP1X                              
000126c8  commSP2X                              
00012700  commSIMP                              
000127e0  sciInit                               
000128cc  sciSetFunctional                      
000128ec  sciSetBaudrate                        
000129a4  sciIsTxReady                          
000129c0  sciSendByte                           
000129f0  sciSend                               
00012ac4  sciIsRxReady                          
00012ae0  sciIsIdleDetected                     
00012afc  sciRxError                            
00012b2c  sciReceiveByte                        
00012b58  sciReceive                            
00012bf8  sciEnableLoopback                     
00012c2c  sciDisableLoopback                    
00012c48  sciEnableNotification                 
00012c84  sciDisableNotification                
00012cc0  sciEnterResetState                    
00012ce0  sciExitResetState                     
00012d18  scilinGetConfigValue                  
00012ec4  _errata_SSWF021_45_both_plls          
000130b8  _errata_SSWF021_45_pll1               
00013230  _errata_SSWF021_45_pll2               
00013528  strtod                                
00013528  strtold                               
00013b8c  esmInit                               
00013c94  esmError                              
00013cb0  esmEnableError                        
00013cd8  esmDisableError                       
00013d00  esmTriggerErrorPinReset               
00013d10  esmActivateNormalOperation            
00013d20  esmEnableInterrupt                    
00013d48  esmDisableInterrupt                   
00013d70  esmSetInterruptLevel                  
00013de4  esmClearStatus                        
00013e24  esmClearStatusBuffer                  
00013e40  esmSetCounterPreloadValue             
00013e60  esmGetStatus                          
00013ee4  esmGetStatusBuffer                    
00013f1c  esmEnterSelfTest                      
00013fa4  esmSelfTestStatus                     
00013ff4  esmGetConfigValue                     
00014188  log                                   
00014188  logl                                  
000146d4  main                                  
00014784  vTelemetry                            
00014818  vSensors                              
00014948  vMissionOperations                    
00014ae4  sciNotification                       
00014bd4  mibspi1LowLevelInterrupt              
00014e14  mibspi1HighLevelInterrupt             
0001509c  linLowLevelInterrupt                  
00015244  linHighLevelInterrupt                 
00015420  gioInit                               
000154b4  gioSetDirection                       
000154d4  gioSetBit                             
00015524  gioSetPort                            
00015544  gioGetBit                             
0001556c  gioGetPort                            
00015584  gioToggleBit                          
000155dc  gioEnableNotification                 
00015618  gioDisableNotification                
00015654  gioGetConfigValue                     
00015af0  _coreInitRegisters_                   
00015ba8  _coreInitStackPointer_                
00015bf4  _getCPSRValue_                        
00015bfc  _gotoCPUIdle_                         
00015c14  _coreEnableEventBusExport_            
00015c24  _coreDisableEventBusExport_           
00015c34  _coreEnableRamEcc_                    
00015c44  _coreDisableRamEcc_                   
00015c54  _coreEnableFlashEcc_                  
00015c68  _coreDisableFlashEcc_                 
00015c78  _coreEnableIrqVicOffset_              
00015c88  _coreGetDataFault_                    
00015c90  _coreClearDataFault_                  
00015c9c  _coreGetInstructionFault_             
00015ca4  _coreClearInstructionFault_           
00015cb0  _coreGetDataFaultAddress_             
00015cb8  _coreClearDataFaultAddress_           
00015cc4  _coreGetInstructionFaultAddress_      
00015ccc  _coreClearInstructionFaultAddress_    
00015cd8  _coreGetAuxiliaryDataFault_           
00015ce0  _coreClearAuxiliaryDataFault_         
00015cec  _coreGetAuxiliaryInstructionFault_    
00015cf4  _coreClearAuxiliaryInstructionFault_  
00015d00  _disable_interrupt_                   
00015d08  _disable_FIQ_interrupt_               
00015d10  _disable_IRQ_interrupt_               
00015d18  _enable_interrupt_                    
00015d20  _esmCcmErrorsClear_                   
00015da8  _errata_CORTEXR4_66_                  
00015db8  __TI_PINIT_Base                       
00015dbc  __TI_PINIT_Limit                      
00016080  __aeabi_uldivmod                      
000165b0  vimParityErrorHandler                 
00016818  vListInitialise                       
00016870  vListInitialiseItem                   
0001688c  vListInsertEnd                        
00016900  vListInsert                           
000169c4  uxListRemove                          
00016a50  _c_int00                              
00016c6c  __aeabi_dsub                          
00016c78  __aeabi_dadd                          
00016e80  sqrt                                  
00016e80  sqrtl                                 
0001757c  __aeabi_ddiv                          
0001770c  __aeabi_memcpy                        
0001770c  __aeabi_memcpy4                       
0001770c  __aeabi_memcpy8                       
0001770c  memcpy                                
00017974  xTaskNotifyStateClear                 
000179f0  floor                                 
000179f0  floorl                                
00017b48  muxInit                               
00017bd0  pinmuxGetConfigValue                  
00017c9c  getAdcVoltage                         
00017d04  readAllAdc                            
00017de0  __aeabi_fsub                          
00017de4  __aeabi_fadd                          
00017f14  __aeabi_dmul                          
0001803c  ldexp                                 
0001803c  ldexpl                                
0001803c  scalbn                                
0001803c  scalbnl                               
00018274  esmGroup1Notification                 
00018284  esmGroup2Notification                 
00018294  memoryPort0TestFailNotification       
000182b0  memoryPort1TestFailNotification       
000182cc  adcNotification                       
000182e0  gioNotification                       
00018308  spiNotification                       
0001831c  spiEndNotification                    
0001832c  pwmNotification                       
00018344  edgeNotification                      
00018358  hetNotification                       
0001836c  esmHighInterrupt                      
00018458  _dabort                               
00018540  __aeabi_cdcmpeq                       
00018540  __aeabi_cdcmple                       
00018620  __aeabi_cdrcmple                      
00018700  _pmuInit_                             
0001874c  _pmuEnableCountersGlobal_             
0001875c  _pmuDisableCountersGlobal_            
0001876c  _pmuResetCycleCounter_                
0001877c  _pmuResetEventCounters_               
0001878c  _pmuResetCounters_                    
0001879c  _pmuStartCounters_                    
000187a4  _pmuStopCounters_                     
000187ac  _pmuSetCountEvent_                    
000187b8  _pmuGetCycleCount_                    
000187c0  _pmuGetEventCount_                    
000187cc  _pmuGetOverflow_                      
000187e0  __aeabi_fdiv                          
0001897c  __aeabi_memclr                        
0001897c  __aeabi_memclr4                       
0001897c  __aeabi_memclr8                       
00018980  __aeabi_memset                        
00018980  __aeabi_memset4                       
00018980  __aeabi_memset8                       
0001898c  memset                                
00018a2c  __aeabi_fmul                          
00018ad4  __aeabi_d2f                           
00018c08  __aeabi_ldivmod                       
00018ca0  __TI_decompress_lzss                  
00018d30  __aeabi_cfcmpeq                       
00018d30  __aeabi_cfcmple                       
00018db8  __aeabi_cfrcmple                      
00018ec4  atoi                                  
00018f48  ltoa                                  
00018fc8  frexp                                 
00018fc8  frexpl                                
00019044  __TI_auto_init_nobinit_nopinit        
000190ac  strtok                                
00019178  sprintf                               
000191dc  __aeabi_l2f                           
0001923c  __aeabi_d2iz                          
00019298  __aeabi_f2d                           
000192f4  __aeabi_d2uiz                         
0001934c  __aeabi_idiv                          
0001934c  __aeabi_idivmod                       
000193a0  __aeabi_uidiv                         
000193a0  __aeabi_uidivmod                      
000193f0  __aeabi_f2iz                          
0001943c  __aeabi_f2uiz                         
00019488  __aeabi_i2f                           
000194d4  strspn                                
00019520  strcspn                               
00019564  __aeabi_i2d                           
000195a0  __aeabi_ui2d                          
00019604  memccpy                               
00019630  strcat                                
00019658  strchr                                
00019680  strcmp                                
000196a8  wcslen                                
000196cc  strlen                                
000196ec  strcpy                                
00019718  __TI_decompress_none                  
0001972c  __TI_zero_init                        
0001973c  __aeabi_errno_addr                    
00019748  copysign                              
00019748  copysignl                             
00019754  C$$EXIT                               
00019754  abort                                 
0001975c  atof                                  
00019764  phantomInterrupt                      
00019768  __aeabi_idiv0                         
00019768  __aeabi_ldiv0                         
0001976c  handlePLLLockFail                     
00019c90  _ctypes_                              
080008d0  pxCurrentTCB                          
08003000  command                               
080030c8  CMD_KEY                               
080031a8  SERVO_PAYLOAD                         
080031c0  MyChannel                             
080031c8  SPI1_data_configCh2                   
080031cc  valorAdc_0                            
080031d0  xTelemetryHandle                      
080031d4  buff_size                             
080031d8  buff_sizeAPI                          
080031dc  FSW_STATE_TEMP                        
080031e0  PACKET_COUNT                          
080031e4  MODE                                  
080031e5  SP1_RELEASED                          
080031e6  SP2_RELEASED                          
080031e7  STATE                                 
080031e8  SP1_PC                                
080031ec  SP2_PC                                
080031f0  ALTITUDE_BAR                          
080031f4  ALTITUDE_INIT                         
080031f8  PRESS_BAR                             
080031fc  TEMPERATURE                           
08003200  VOLT_BATT                             
08003204  GPS_TIME                              
08003208  telemetry_ON                          
08003209  SP_ON                                 
0800320a  SIM_ON                                
0800320c  ENABLE_SIM                            
08003210  STATE_INDEX                           
08003214  LAND                                  
08003218  H                                     
0800321c  M                                     
08003220  S                                     
08003224  SP1X_ON                               
08003225  SP2X_ON                               
08003226  R1                                    
08003227  R2                                    
08003228  sciControl                            
0800322c  toggle_sim                            
0800322d  ejectCom                              
08003234  FSW_STATE                             
0800324c  commands                              
08003274  commandsTam                           
08003278  sim_ok                                
0800327c  cmd_cont                              
08003280  cLAT                                  
0800328c  cLON                                  
08003298  SP1_MISSION_TIME                      
080032a2  SP2_MISSION_TIME                      
080032b4  Alt_bmp280                            
080032bc  ComandoSPI                            
080032c4  DatoSPI01                             
080032cc  DatoSPI02                             
080032d4  DatoSPI03                             
080032dc  DatoSPI04                             
080032ec  Pres_bmp280                           
080032f4  SP1_ALTITUDE                          
080032fc  SP2_ALTITUDE                          
0800330c  Temp_bmp280                           
08003314  cALTITUDE_BAR                         
0800331c  cGPS_TIME                             
08003324  cPRESS_BAR                            
0800332c  cTEMPERATURE                          
08003334  ulCriticalNesting                     
08003338  ulTaskHasFPUContext                   
0800333c  cALT                                  
08003343  SP1_ROTATION_RATE                     
08003349  SP1_TEMPERATURE                       
0800334f  SP2_ROTATION_RATE                     
08003355  SP2_TEMPERATURE                       
0800335b  cPACKET_COUNT                         
08003361  cSP1_PC                               
08003367  cSP2_PC                               
0800336d  ECHO                                  
08003372  SP1_PACKET_COUNT                      
08003376  SP2_PACKET_COUNT                      
0800337a  cVOLT_BATT                            
08003380  errno                                 
08003388  cH                                    
0800338b  cM                                    
0800338e  cNSATS                                
08003391  cS                                    
ffffffff  __TI_pprof_out_hndl                   
ffffffff  __TI_prof_data_size                   
ffffffff  __TI_prof_data_start                  
ffffffff  __binit__                             
ffffffff  __c_args__                            
ffffffff  binit                                 
UNDEFED   SHT$$INIT_ARRAY$$Base                 
UNDEFED   SHT$$INIT_ARRAY$$Limit                
UNDEFED   _system_post_cinit                    

[570 symbols]
