<?xml version="1.0" encoding="ISO-8859-1" ?>
<link_info>
   <banner>TI ARM Linker PC v18.12.4.LTS</banner>
   <copyright>Copyright (c) 1996-2018 Texas Instruments Incorporated</copyright>
   <link_time>0x60ba563d</link_time>
   <link_errors>0x0</link_errors>
   <output_file>CC_2021_04x_v2.out</output_file>
   <entry_point>
      <name>_c_int00</name>
      <address>0x16a50</address>
   </entry_point>
   <input_file_list>
      <input_file id="fl-2">
         <path>.\source\KaanSat_Lib\</path>
         <kind>object</kind>
         <file>BMP280.obj</file>
         <name>BMP280.obj</name>
      </input_file>
      <input_file id="fl-3">
         <path>.\source\KaanSat_Lib\</path>
         <kind>object</kind>
         <file>Commands.obj</file>
         <name>Commands.obj</name>
      </input_file>
      <input_file id="fl-4">
         <path>.\source\KaanSat_Lib\</path>
         <kind>object</kind>
         <file>PWM.obj</file>
         <name>PWM.obj</name>
      </input_file>
      <input_file id="fl-5">
         <path>.\source\KaanSat_Lib\</path>
         <kind>object</kind>
         <file>Utilities.obj</file>
         <name>Utilities.obj</name>
      </input_file>
      <input_file id="fl-6">
         <path>.\source\KaanSat_Lib\</path>
         <kind>object</kind>
         <file>allADC.obj</file>
         <name>allADC.obj</name>
      </input_file>
      <input_file id="fl-7">
         <path>.\source\</path>
         <kind>object</kind>
         <file>adc.obj</file>
         <name>adc.obj</name>
      </input_file>
      <input_file id="fl-8">
         <path>.\source\</path>
         <kind>object</kind>
         <file>dabort.obj</file>
         <name>dabort.obj</name>
      </input_file>
      <input_file id="fl-9">
         <path>.\source\</path>
         <kind>object</kind>
         <file>errata_SSWF021_45.obj</file>
         <name>errata_SSWF021_45.obj</name>
      </input_file>
      <input_file id="fl-a">
         <path>.\source\</path>
         <kind>object</kind>
         <file>esm.obj</file>
         <name>esm.obj</name>
      </input_file>
      <input_file id="fl-b">
         <path>.\source\</path>
         <kind>object</kind>
         <file>gio.obj</file>
         <name>gio.obj</name>
      </input_file>
      <input_file id="fl-c">
         <path>.\source\</path>
         <kind>object</kind>
         <file>het.obj</file>
         <name>het.obj</name>
      </input_file>
      <input_file id="fl-d">
         <path>.\source\</path>
         <kind>object</kind>
         <file>notification.obj</file>
         <name>notification.obj</name>
      </input_file>
      <input_file id="fl-e">
         <path>.\source\</path>
         <kind>object</kind>
         <file>os_croutine.obj</file>
         <name>os_croutine.obj</name>
      </input_file>
      <input_file id="fl-f">
         <path>.\source\</path>
         <kind>object</kind>
         <file>os_event_groups.obj</file>
         <name>os_event_groups.obj</name>
      </input_file>
      <input_file id="fl-10">
         <path>.\source\</path>
         <kind>object</kind>
         <file>os_heap.obj</file>
         <name>os_heap.obj</name>
      </input_file>
      <input_file id="fl-11">
         <path>.\source\</path>
         <kind>object</kind>
         <file>os_list.obj</file>
         <name>os_list.obj</name>
      </input_file>
      <input_file id="fl-12">
         <path>.\source\</path>
         <kind>object</kind>
         <file>os_mpu_wrappers.obj</file>
         <name>os_mpu_wrappers.obj</name>
      </input_file>
      <input_file id="fl-13">
         <path>.\source\</path>
         <kind>object</kind>
         <file>os_port.obj</file>
         <name>os_port.obj</name>
      </input_file>
      <input_file id="fl-14">
         <path>.\source\</path>
         <kind>object</kind>
         <file>os_portasm.obj</file>
         <name>os_portasm.obj</name>
      </input_file>
      <input_file id="fl-15">
         <path>.\source\</path>
         <kind>object</kind>
         <file>os_queue.obj</file>
         <name>os_queue.obj</name>
      </input_file>
      <input_file id="fl-16">
         <path>.\source\</path>
         <kind>object</kind>
         <file>os_tasks.obj</file>
         <name>os_tasks.obj</name>
      </input_file>
      <input_file id="fl-17">
         <path>.\source\</path>
         <kind>object</kind>
         <file>os_timer.obj</file>
         <name>os_timer.obj</name>
      </input_file>
      <input_file id="fl-18">
         <path>.\source\</path>
         <kind>object</kind>
         <file>pinmux.obj</file>
         <name>pinmux.obj</name>
      </input_file>
      <input_file id="fl-19">
         <path>.\source\</path>
         <kind>object</kind>
         <file>sci.obj</file>
         <name>sci.obj</name>
      </input_file>
      <input_file id="fl-1a">
         <path>.\source\</path>
         <kind>object</kind>
         <file>spi.obj</file>
         <name>spi.obj</name>
      </input_file>
      <input_file id="fl-1b">
         <path>.\source\</path>
         <kind>object</kind>
         <file>sys_core.obj</file>
         <name>sys_core.obj</name>
      </input_file>
      <input_file id="fl-1c">
         <path>.\source\</path>
         <kind>object</kind>
         <file>sys_intvecs.obj</file>
         <name>sys_intvecs.obj</name>
      </input_file>
      <input_file id="fl-1d">
         <path>.\source\</path>
         <kind>object</kind>
         <file>sys_main.obj</file>
         <name>sys_main.obj</name>
      </input_file>
      <input_file id="fl-1e">
         <path>.\source\</path>
         <kind>object</kind>
         <file>sys_mpu.obj</file>
         <name>sys_mpu.obj</name>
      </input_file>
      <input_file id="fl-1f">
         <path>.\source\</path>
         <kind>object</kind>
         <file>sys_pcr.obj</file>
         <name>sys_pcr.obj</name>
      </input_file>
      <input_file id="fl-20">
         <path>.\source\</path>
         <kind>object</kind>
         <file>sys_phantom.obj</file>
         <name>sys_phantom.obj</name>
      </input_file>
      <input_file id="fl-21">
         <path>.\source\</path>
         <kind>object</kind>
         <file>sys_pmu.obj</file>
         <name>sys_pmu.obj</name>
      </input_file>
      <input_file id="fl-22">
         <path>.\source\</path>
         <kind>object</kind>
         <file>sys_selftest.obj</file>
         <name>sys_selftest.obj</name>
      </input_file>
      <input_file id="fl-23">
         <path>.\source\</path>
         <kind>object</kind>
         <file>sys_startup.obj</file>
         <name>sys_startup.obj</name>
      </input_file>
      <input_file id="fl-24">
         <path>.\source\</path>
         <kind>object</kind>
         <file>sys_vim.obj</file>
         <name>sys_vim.obj</name>
      </input_file>
      <input_file id="fl-25">
         <path>.\source\</path>
         <kind>object</kind>
         <file>system.obj</file>
         <name>system.obj</name>
      </input_file>
      <input_file id="fl-29">
         <kind>object</kind>
         <file>&lt;internal&gt;</file>
         <name>&lt;internal&gt;</name>
      </input_file>
      <input_file id="fl-df">
         <path>C:\ti\ccs930\ccs\tools\compiler\ti-cgt-arm_18.12.4.LTS\lib\</path>
         <kind>archive</kind>
         <file>rtsv7R4_A_be_eabi.lib</file>
         <name>e_log.c.obj</name>
      </input_file>
      <input_file id="fl-e0">
         <path>C:\ti\ccs930\ccs\tools\compiler\ti-cgt-arm_18.12.4.LTS\lib\</path>
         <kind>archive</kind>
         <file>rtsv7R4_A_be_eabi.lib</file>
         <name>e_pow.c.obj</name>
      </input_file>
      <input_file id="fl-e1">
         <path>C:\ti\ccs930\ccs\tools\compiler\ti-cgt-arm_18.12.4.LTS\lib\</path>
         <kind>archive</kind>
         <file>rtsv7R4_A_be_eabi.lib</file>
         <name>e_sqrt.c.obj</name>
      </input_file>
      <input_file id="fl-e2">
         <path>C:\ti\ccs930\ccs\tools\compiler\ti-cgt-arm_18.12.4.LTS\lib\</path>
         <kind>archive</kind>
         <file>rtsv7R4_A_be_eabi.lib</file>
         <name>s_floor.c.obj</name>
      </input_file>
      <input_file id="fl-e3">
         <path>C:\ti\ccs930\ccs\tools\compiler\ti-cgt-arm_18.12.4.LTS\lib\</path>
         <kind>archive</kind>
         <file>rtsv7R4_A_be_eabi.lib</file>
         <name>s_scalbn.c.obj</name>
      </input_file>
      <input_file id="fl-e4">
         <path>C:\ti\ccs930\ccs\tools\compiler\ti-cgt-arm_18.12.4.LTS\lib\</path>
         <kind>archive</kind>
         <file>rtsv7R4_A_be_eabi.lib</file>
         <name>sprintf.c.obj</name>
      </input_file>
      <input_file id="fl-e5">
         <path>C:\ti\ccs930\ccs\tools\compiler\ti-cgt-arm_18.12.4.LTS\lib\</path>
         <kind>archive</kind>
         <file>rtsv7R4_A_be_eabi.lib</file>
         <name>s_copysign.c.obj</name>
      </input_file>
      <input_file id="fl-e6">
         <path>C:\ti\ccs930\ccs\tools\compiler\ti-cgt-arm_18.12.4.LTS\lib\</path>
         <kind>archive</kind>
         <file>rtsv7R4_A_be_eabi.lib</file>
         <name>memset32.asm.obj</name>
      </input_file>
      <input_file id="fl-e7">
         <path>C:\ti\ccs930\ccs\tools\compiler\ti-cgt-arm_18.12.4.LTS\lib\</path>
         <kind>archive</kind>
         <file>rtsv7R4_A_be_eabi.lib</file>
         <name>u_div32.asm.obj</name>
      </input_file>
      <input_file id="fl-e8">
         <path>C:\ti\ccs930\ccs\tools\compiler\ti-cgt-arm_18.12.4.LTS\lib\</path>
         <kind>archive</kind>
         <file>rtsv7R4_A_be_eabi.lib</file>
         <name>fd_add32.asm.obj</name>
      </input_file>
      <input_file id="fl-e9">
         <path>C:\ti\ccs930\ccs\tools\compiler\ti-cgt-arm_18.12.4.LTS\lib\</path>
         <kind>archive</kind>
         <file>rtsv7R4_A_be_eabi.lib</file>
         <name>fd_cmp32.asm.obj</name>
      </input_file>
      <input_file id="fl-ea">
         <path>C:\ti\ccs930\ccs\tools\compiler\ti-cgt-arm_18.12.4.LTS\lib\</path>
         <kind>archive</kind>
         <file>rtsv7R4_A_be_eabi.lib</file>
         <name>fd_div32.asm.obj</name>
      </input_file>
      <input_file id="fl-eb">
         <path>C:\ti\ccs930\ccs\tools\compiler\ti-cgt-arm_18.12.4.LTS\lib\</path>
         <kind>archive</kind>
         <file>rtsv7R4_A_be_eabi.lib</file>
         <name>fd_mul32.asm.obj</name>
      </input_file>
      <input_file id="fl-ec">
         <path>C:\ti\ccs930\ccs\tools\compiler\ti-cgt-arm_18.12.4.LTS\lib\</path>
         <kind>archive</kind>
         <file>rtsv7R4_A_be_eabi.lib</file>
         <name>fd_toi32.asm.obj</name>
      </input_file>
      <input_file id="fl-ed">
         <path>C:\ti\ccs930\ccs\tools\compiler\ti-cgt-arm_18.12.4.LTS\lib\</path>
         <kind>archive</kind>
         <file>rtsv7R4_A_be_eabi.lib</file>
         <name>fd_tos32.asm.obj</name>
      </input_file>
      <input_file id="fl-ee">
         <path>C:\ti\ccs930\ccs\tools\compiler\ti-cgt-arm_18.12.4.LTS\lib\</path>
         <kind>archive</kind>
         <file>rtsv7R4_A_be_eabi.lib</file>
         <name>fd_tou32.asm.obj</name>
      </input_file>
      <input_file id="fl-ef">
         <path>C:\ti\ccs930\ccs\tools\compiler\ti-cgt-arm_18.12.4.LTS\lib\</path>
         <kind>archive</kind>
         <file>rtsv7R4_A_be_eabi.lib</file>
         <name>fs_add32.asm.obj</name>
      </input_file>
      <input_file id="fl-f0">
         <path>C:\ti\ccs930\ccs\tools\compiler\ti-cgt-arm_18.12.4.LTS\lib\</path>
         <kind>archive</kind>
         <file>rtsv7R4_A_be_eabi.lib</file>
         <name>fs_cmp32.asm.obj</name>
      </input_file>
      <input_file id="fl-f1">
         <path>C:\ti\ccs930\ccs\tools\compiler\ti-cgt-arm_18.12.4.LTS\lib\</path>
         <kind>archive</kind>
         <file>rtsv7R4_A_be_eabi.lib</file>
         <name>fs_div32.asm.obj</name>
      </input_file>
      <input_file id="fl-f2">
         <path>C:\ti\ccs930\ccs\tools\compiler\ti-cgt-arm_18.12.4.LTS\lib\</path>
         <kind>archive</kind>
         <file>rtsv7R4_A_be_eabi.lib</file>
         <name>fs_mul32.asm.obj</name>
      </input_file>
      <input_file id="fl-f3">
         <path>C:\ti\ccs930\ccs\tools\compiler\ti-cgt-arm_18.12.4.LTS\lib\</path>
         <kind>archive</kind>
         <file>rtsv7R4_A_be_eabi.lib</file>
         <name>fs_tod32.asm.obj</name>
      </input_file>
      <input_file id="fl-f4">
         <path>C:\ti\ccs930\ccs\tools\compiler\ti-cgt-arm_18.12.4.LTS\lib\</path>
         <kind>archive</kind>
         <file>rtsv7R4_A_be_eabi.lib</file>
         <name>fs_toi32.asm.obj</name>
      </input_file>
      <input_file id="fl-f5">
         <path>C:\ti\ccs930\ccs\tools\compiler\ti-cgt-arm_18.12.4.LTS\lib\</path>
         <kind>archive</kind>
         <file>rtsv7R4_A_be_eabi.lib</file>
         <name>fs_tou32.asm.obj</name>
      </input_file>
      <input_file id="fl-f6">
         <path>C:\ti\ccs930\ccs\tools\compiler\ti-cgt-arm_18.12.4.LTS\lib\</path>
         <kind>archive</kind>
         <file>rtsv7R4_A_be_eabi.lib</file>
         <name>i_tofd32.asm.obj</name>
      </input_file>
      <input_file id="fl-f7">
         <path>C:\ti\ccs930\ccs\tools\compiler\ti-cgt-arm_18.12.4.LTS\lib\</path>
         <kind>archive</kind>
         <file>rtsv7R4_A_be_eabi.lib</file>
         <name>i_tofs32.asm.obj</name>
      </input_file>
      <input_file id="fl-f8">
         <path>C:\ti\ccs930\ccs\tools\compiler\ti-cgt-arm_18.12.4.LTS\lib\</path>
         <kind>archive</kind>
         <file>rtsv7R4_A_be_eabi.lib</file>
         <name>ll_tofs32.asm.obj</name>
      </input_file>
      <input_file id="fl-f9">
         <path>C:\ti\ccs930\ccs\tools\compiler\ti-cgt-arm_18.12.4.LTS\lib\</path>
         <kind>archive</kind>
         <file>rtsv7R4_A_be_eabi.lib</file>
         <name>memcpy32.asm.obj</name>
      </input_file>
      <input_file id="fl-fa">
         <path>C:\ti\ccs930\ccs\tools\compiler\ti-cgt-arm_18.12.4.LTS\lib\</path>
         <kind>archive</kind>
         <file>rtsv7R4_A_be_eabi.lib</file>
         <name>u_tofd32.asm.obj</name>
      </input_file>
      <input_file id="fl-fb">
         <path>C:\ti\ccs930\ccs\tools\compiler\ti-cgt-arm_18.12.4.LTS\lib\</path>
         <kind>archive</kind>
         <file>rtsv7R4_A_be_eabi.lib</file>
         <name>ll_div32.asm.obj</name>
      </input_file>
      <input_file id="fl-fc">
         <path>C:\ti\ccs930\ccs\tools\compiler\ti-cgt-arm_18.12.4.LTS\lib\</path>
         <kind>archive</kind>
         <file>rtsv7R4_A_be_eabi.lib</file>
         <name>ull_div32.asm.obj</name>
      </input_file>
      <input_file id="fl-fd">
         <path>C:\ti\ccs930\ccs\tools\compiler\ti-cgt-arm_18.12.4.LTS\lib\</path>
         <kind>archive</kind>
         <file>rtsv7R4_A_be_eabi.lib</file>
         <name>autoinit.c.obj</name>
      </input_file>
      <input_file id="fl-fe">
         <path>C:\ti\ccs930\ccs\tools\compiler\ti-cgt-arm_18.12.4.LTS\lib\</path>
         <kind>archive</kind>
         <file>rtsv7R4_A_be_eabi.lib</file>
         <name>cpy_tbl.c.obj</name>
      </input_file>
      <input_file id="fl-ff">
         <path>C:\ti\ccs930\ccs\tools\compiler\ti-cgt-arm_18.12.4.LTS\lib\</path>
         <kind>archive</kind>
         <file>rtsv7R4_A_be_eabi.lib</file>
         <name>copy_zero_init.c.obj</name>
      </input_file>
      <input_file id="fl-100">
         <path>C:\ti\ccs930\ccs\tools\compiler\ti-cgt-arm_18.12.4.LTS\lib\</path>
         <kind>archive</kind>
         <file>rtsv7R4_A_be_eabi.lib</file>
         <name>copy_decompress_none.c.obj</name>
      </input_file>
      <input_file id="fl-101">
         <path>C:\ti\ccs930\ccs\tools\compiler\ti-cgt-arm_18.12.4.LTS\lib\</path>
         <kind>archive</kind>
         <file>rtsv7R4_A_be_eabi.lib</file>
         <name>copy_decompress_lzss.c.obj</name>
      </input_file>
      <input_file id="fl-102">
         <path>C:\ti\ccs930\ccs\tools\compiler\ti-cgt-arm_18.12.4.LTS\lib\</path>
         <kind>archive</kind>
         <file>rtsv7R4_A_be_eabi.lib</file>
         <name>exit.c.obj</name>
      </input_file>
      <input_file id="fl-103">
         <path>C:\ti\ccs930\ccs\tools\compiler\ti-cgt-arm_18.12.4.LTS\lib\</path>
         <kind>archive</kind>
         <file>rtsv7R4_A_be_eabi.lib</file>
         <name>_lock.c.obj</name>
      </input_file>
      <input_file id="fl-104">
         <path>C:\ti\ccs930\ccs\tools\compiler\ti-cgt-arm_18.12.4.LTS\lib\</path>
         <kind>archive</kind>
         <file>rtsv7R4_A_be_eabi.lib</file>
         <name>atof.c.obj</name>
      </input_file>
      <input_file id="fl-105">
         <path>C:\ti\ccs930\ccs\tools\compiler\ti-cgt-arm_18.12.4.LTS\lib\</path>
         <kind>archive</kind>
         <file>rtsv7R4_A_be_eabi.lib</file>
         <name>strcat.c.obj</name>
      </input_file>
      <input_file id="fl-106">
         <path>C:\ti\ccs930\ccs\tools\compiler\ti-cgt-arm_18.12.4.LTS\lib\</path>
         <kind>archive</kind>
         <file>rtsv7R4_A_be_eabi.lib</file>
         <name>strcmp.c.obj</name>
      </input_file>
      <input_file id="fl-107">
         <path>C:\ti\ccs930\ccs\tools\compiler\ti-cgt-arm_18.12.4.LTS\lib\</path>
         <kind>archive</kind>
         <file>rtsv7R4_A_be_eabi.lib</file>
         <name>strcpy.c.obj</name>
      </input_file>
      <input_file id="fl-108">
         <path>C:\ti\ccs930\ccs\tools\compiler\ti-cgt-arm_18.12.4.LTS\lib\</path>
         <kind>archive</kind>
         <file>rtsv7R4_A_be_eabi.lib</file>
         <name>strlen.c.obj</name>
      </input_file>
      <input_file id="fl-109">
         <path>C:\ti\ccs930\ccs\tools\compiler\ti-cgt-arm_18.12.4.LTS\lib\</path>
         <kind>archive</kind>
         <file>rtsv7R4_A_be_eabi.lib</file>
         <name>strtod.c.obj</name>
      </input_file>
      <input_file id="fl-10a">
         <path>C:\ti\ccs930\ccs\tools\compiler\ti-cgt-arm_18.12.4.LTS\lib\</path>
         <kind>archive</kind>
         <file>rtsv7R4_A_be_eabi.lib</file>
         <name>strtok.c.obj</name>
      </input_file>
      <input_file id="fl-10b">
         <path>C:\ti\ccs930\ccs\tools\compiler\ti-cgt-arm_18.12.4.LTS\lib\</path>
         <kind>archive</kind>
         <file>rtsv7R4_A_be_eabi.lib</file>
         <name>errno.c.obj</name>
      </input_file>
      <input_file id="fl-10c">
         <path>C:\ti\ccs930\ccs\tools\compiler\ti-cgt-arm_18.12.4.LTS\lib\</path>
         <kind>archive</kind>
         <file>rtsv7R4_A_be_eabi.lib</file>
         <name>_printfi.c.obj</name>
      </input_file>
      <input_file id="fl-10d">
         <path>C:\ti\ccs930\ccs\tools\compiler\ti-cgt-arm_18.12.4.LTS\lib\</path>
         <kind>archive</kind>
         <file>rtsv7R4_A_be_eabi.lib</file>
         <name>div0.asm.obj</name>
      </input_file>
      <input_file id="fl-10e">
         <path>C:\ti\ccs930\ccs\tools\compiler\ti-cgt-arm_18.12.4.LTS\lib\</path>
         <kind>archive</kind>
         <file>rtsv7R4_A_be_eabi.lib</file>
         <name>atoi.c.obj</name>
      </input_file>
      <input_file id="fl-10f">
         <path>C:\ti\ccs930\ccs\tools\compiler\ti-cgt-arm_18.12.4.LTS\lib\</path>
         <kind>archive</kind>
         <file>rtsv7R4_A_be_eabi.lib</file>
         <name>ctype.c.obj</name>
      </input_file>
      <input_file id="fl-110">
         <path>C:\ti\ccs930\ccs\tools\compiler\ti-cgt-arm_18.12.4.LTS\lib\</path>
         <kind>archive</kind>
         <file>rtsv7R4_A_be_eabi.lib</file>
         <name>ltoa.c.obj</name>
      </input_file>
      <input_file id="fl-111">
         <path>C:\ti\ccs930\ccs\tools\compiler\ti-cgt-arm_18.12.4.LTS\lib\</path>
         <kind>archive</kind>
         <file>rtsv7R4_A_be_eabi.lib</file>
         <name>memccpy.c.obj</name>
      </input_file>
      <input_file id="fl-112">
         <path>C:\ti\ccs930\ccs\tools\compiler\ti-cgt-arm_18.12.4.LTS\lib\</path>
         <kind>archive</kind>
         <file>rtsv7R4_A_be_eabi.lib</file>
         <name>strchr.c.obj</name>
      </input_file>
      <input_file id="fl-113">
         <path>C:\ti\ccs930\ccs\tools\compiler\ti-cgt-arm_18.12.4.LTS\lib\</path>
         <kind>archive</kind>
         <file>rtsv7R4_A_be_eabi.lib</file>
         <name>strcspn.c.obj</name>
      </input_file>
      <input_file id="fl-114">
         <path>C:\ti\ccs930\ccs\tools\compiler\ti-cgt-arm_18.12.4.LTS\lib\</path>
         <kind>archive</kind>
         <file>rtsv7R4_A_be_eabi.lib</file>
         <name>strspn.c.obj</name>
      </input_file>
      <input_file id="fl-115">
         <path>C:\ti\ccs930\ccs\tools\compiler\ti-cgt-arm_18.12.4.LTS\lib\</path>
         <kind>archive</kind>
         <file>rtsv7R4_A_be_eabi.lib</file>
         <name>wcslen.c.obj</name>
      </input_file>
      <input_file id="fl-116">
         <path>C:\ti\ccs930\ccs\tools\compiler\ti-cgt-arm_18.12.4.LTS\lib\</path>
         <kind>archive</kind>
         <file>rtsv7R4_A_be_eabi.lib</file>
         <name>s_frexp.c.obj</name>
      </input_file>
      <input_file id="fl-117">
         <path>C:\ti\ccs930\ccs\tools\compiler\ti-cgt-arm_18.12.4.LTS\lib\</path>
         <kind>archive</kind>
         <file>rtsv7R4_A_be_eabi.lib</file>
         <name>i_div32.asm.obj</name>
      </input_file>
   </input_file_list>
   <object_component_list>
      <object_component id="oc-36">
         <name>.intvecs</name>
         <load_address>0x0</load_address>
         <run_address>0x0</run_address>
         <size>0x20</size>
         <input_file_ref idref="fl-1c"/>
      </object_component>
      <object_component id="oc-163">
         <name>.kernelTEXT</name>
         <load_address>0x20</load_address>
         <run_address>0x20</run_address>
         <size>0x2bdc</size>
         <input_file_ref idref="fl-16"/>
      </object_component>
      <object_component id="oc-2c1">
         <name>.kernelTEXT</name>
         <load_address>0x2bfc</load_address>
         <run_address>0x2bfc</run_address>
         <size>0x11dc</size>
         <input_file_ref idref="fl-15"/>
      </object_component>
      <object_component id="oc-2c7">
         <name>.kernelTEXT</name>
         <load_address>0x3dd8</load_address>
         <run_address>0x3dd8</run_address>
         <size>0x81c</size>
         <input_file_ref idref="fl-f"/>
      </object_component>
      <object_component id="oc-2ef">
         <name>.kernelTEXT</name>
         <load_address>0x45f4</load_address>
         <run_address>0x45f4</run_address>
         <size>0x3bc</size>
         <input_file_ref idref="fl-13"/>
      </object_component>
      <object_component id="oc-a8">
         <name>.kernelTEXT</name>
         <load_address>0x49b0</load_address>
         <run_address>0x49b0</run_address>
         <size>0x3b0</size>
         <input_file_ref idref="fl-14"/>
      </object_component>
      <object_component id="oc-2e3">
         <name>.kernelTEXT</name>
         <load_address>0x4d60</load_address>
         <run_address>0x4d60</run_address>
         <size>0x380</size>
         <input_file_ref idref="fl-10"/>
      </object_component>
      <object_component id="oc-708">
         <name>.cinit..data.load</name>
         <load_address>0x50e0</load_address>
         <run_address>0x50e0</run_address>
         <size>0xbc</size>
      </object_component>
      <object_component id="oc-703">
         <name>__TI_handler_table</name>
         <load_address>0x519c</load_address>
         <run_address>0x519c</run_address>
         <size>0xc</size>
      </object_component>
      <object_component id="oc-705">
         <name>.cinit..kernelBSS.load</name>
         <load_address>0x51a8</load_address>
         <run_address>0x51a8</run_address>
         <size>0x9</size>
      </object_component>
      <object_component id="oc-707">
         <name>.cinit..bss.load</name>
         <load_address>0x51b8</load_address>
         <run_address>0x51b8</run_address>
         <size>0x8</size>
      </object_component>
      <object_component id="oc-706">
         <name>.cinit..kernelHEAP.load</name>
         <load_address>0x51c0</load_address>
         <run_address>0x51c0</run_address>
         <size>0x8</size>
      </object_component>
      <object_component id="oc-704">
         <name>__TI_cinit_table</name>
         <load_address>0x51c8</load_address>
         <run_address>0x51c8</run_address>
         <size>0x20</size>
      </object_component>
      <object_component id="oc-87">
         <name>.text</name>
         <load_address>0x8020</load_address>
         <run_address>0x8020</run_address>
         <size>0x24f0</size>
         <input_file_ref idref="fl-22"/>
      </object_component>
      <object_component id="oc-17b">
         <name>.text</name>
         <load_address>0xa510</load_address>
         <run_address>0xa510</run_address>
         <size>0x15a4</size>
         <input_file_ref idref="fl-2"/>
      </object_component>
      <object_component id="oc-3a6">
         <name>.text:__TI_printfi</name>
         <load_address>0xbab4</load_address>
         <run_address>0xbab4</run_address>
         <size>0xff0</size>
         <input_file_ref idref="fl-10c"/>
      </object_component>
      <object_component id="oc-31b">
         <name>.text:pow</name>
         <load_address>0xcaa4</load_address>
         <run_address>0xcaa4</run_address>
         <size>0xe8c</size>
         <input_file_ref idref="fl-e0"/>
      </object_component>
      <object_component id="oc-169">
         <name>.text</name>
         <load_address>0xd930</load_address>
         <run_address>0xd930</run_address>
         <size>0xc4c</size>
         <input_file_ref idref="fl-5"/>
      </object_component>
      <object_component id="oc-151">
         <name>.text</name>
         <load_address>0xe57c</load_address>
         <run_address>0xe57c</run_address>
         <size>0xae0</size>
         <input_file_ref idref="fl-1a"/>
      </object_component>
      <object_component id="oc-81">
         <name>.text</name>
         <load_address>0xf05c</load_address>
         <run_address>0xf05c</run_address>
         <size>0xaa0</size>
         <input_file_ref idref="fl-25"/>
      </object_component>
      <object_component id="oc-14b">
         <name>.text</name>
         <load_address>0xfafc</load_address>
         <run_address>0xfafc</run_address>
         <size>0xa78</size>
         <input_file_ref idref="fl-7"/>
      </object_component>
      <object_component id="oc-15d">
         <name>.text</name>
         <load_address>0x10574</load_address>
         <run_address>0x10574</run_address>
         <size>0x9a0</size>
         <input_file_ref idref="fl-12"/>
      </object_component>
      <object_component id="oc-145">
         <name>.text</name>
         <load_address>0x10f14</load_address>
         <run_address>0x10f14</run_address>
         <size>0x8fc</size>
         <input_file_ref idref="fl-c"/>
      </object_component>
      <object_component id="oc-45">
         <name>.text</name>
         <load_address>0x11810</load_address>
         <run_address>0x11810</run_address>
         <size>0x89c</size>
         <input_file_ref idref="fl-24"/>
      </object_component>
      <object_component id="oc-190">
         <name>.text</name>
         <load_address>0x120ac</load_address>
         <run_address>0x120ac</run_address>
         <size>0x734</size>
         <input_file_ref idref="fl-3"/>
      </object_component>
      <object_component id="oc-157">
         <name>.text</name>
         <load_address>0x127e0</load_address>
         <run_address>0x127e0</run_address>
         <size>0x6e4</size>
         <input_file_ref idref="fl-19"/>
      </object_component>
      <object_component id="oc-75">
         <name>.text</name>
         <load_address>0x12ec4</load_address>
         <run_address>0x12ec4</run_address>
         <size>0x664</size>
         <input_file_ref idref="fl-9"/>
      </object_component>
      <object_component id="oc-5b8">
         <name>.text:strtod</name>
         <load_address>0x13528</load_address>
         <run_address>0x13528</run_address>
         <size>0x664</size>
         <input_file_ref idref="fl-109"/>
      </object_component>
      <object_component id="oc-8d">
         <name>.text</name>
         <load_address>0x13b8c</load_address>
         <run_address>0x13b8c</run_address>
         <size>0x5bc</size>
         <input_file_ref idref="fl-a"/>
      </object_component>
      <object_component id="oc-331">
         <name>.text:log</name>
         <load_address>0x14148</load_address>
         <run_address>0x14148</run_address>
         <size>0x58c</size>
         <input_file_ref idref="fl-df"/>
      </object_component>
      <object_component id="oc-94">
         <name>.text</name>
         <load_address>0x146d4</load_address>
         <run_address>0x146d4</run_address>
         <size>0x500</size>
         <input_file_ref idref="fl-1d"/>
      </object_component>
      <object_component id="oc-30">
         <name>.text:retain</name>
         <load_address>0x14bd4</load_address>
         <run_address>0x14bd4</run_address>
         <size>0x4c8</size>
         <input_file_ref idref="fl-1a"/>
      </object_component>
      <object_component id="oc-2a">
         <name>.text:retain</name>
         <load_address>0x1509c</load_address>
         <run_address>0x1509c</run_address>
         <size>0x384</size>
         <input_file_ref idref="fl-19"/>
      </object_component>
      <object_component id="oc-13f">
         <name>.text</name>
         <load_address>0x15420</load_address>
         <run_address>0x15420</run_address>
         <size>0x36c</size>
         <input_file_ref idref="fl-b"/>
      </object_component>
      <object_component id="oc-566">
         <name>.text:_pconv_a</name>
         <load_address>0x1578c</load_address>
         <run_address>0x1578c</run_address>
         <size>0x364</size>
         <input_file_ref idref="fl-10c"/>
      </object_component>
      <object_component id="oc-70">
         <name>.text</name>
         <load_address>0x15af0</load_address>
         <run_address>0x15af0</run_address>
         <size>0x2d0</size>
         <input_file_ref idref="fl-1b"/>
      </object_component>
      <object_component id="oc-554">
         <name>.text:_pconv_g</name>
         <load_address>0x15dc0</load_address>
         <run_address>0x15dc0</run_address>
         <size>0x2c0</size>
         <input_file_ref idref="fl-10c"/>
      </object_component>
      <object_component id="oc-589">
         <name>.text</name>
         <load_address>0x16080</load_address>
         <run_address>0x16080</run_address>
         <size>0x2b8</size>
         <input_file_ref idref="fl-fc"/>
      </object_component>
      <object_component id="oc-4be">
         <name>.text</name>
         <load_address>0x16338</load_address>
         <run_address>0x16338</run_address>
         <size>0x278</size>
         <input_file_ref idref="fl-10"/>
      </object_component>
      <object_component id="oc-41">
         <name>.text:retain</name>
         <load_address>0x165b0</load_address>
         <run_address>0x165b0</run_address>
         <size>0x268</size>
         <input_file_ref idref="fl-24"/>
      </object_component>
      <object_component id="oc-2e9">
         <name>.text</name>
         <load_address>0x16818</load_address>
         <run_address>0x16818</run_address>
         <size>0x238</size>
         <input_file_ref idref="fl-11"/>
      </object_component>
      <object_component id="oc-1b">
         <name>.text:retain</name>
         <load_address>0x16a50</load_address>
         <run_address>0x16a50</run_address>
         <size>0x21c</size>
         <input_file_ref idref="fl-23"/>
      </object_component>
      <object_component id="oc-2af">
         <name>.text</name>
         <load_address>0x16c6c</load_address>
         <run_address>0x16c6c</run_address>
         <size>0x214</size>
         <input_file_ref idref="fl-e8"/>
      </object_component>
      <object_component id="oc-326">
         <name>.text:sqrt</name>
         <load_address>0x16e80</load_address>
         <run_address>0x16e80</run_address>
         <size>0x1ec</size>
         <input_file_ref idref="fl-e1"/>
      </object_component>
      <object_component id="oc-4ce">
         <name>.text</name>
         <load_address>0x1706c</load_address>
         <run_address>0x1706c</run_address>
         <size>0x1b4</size>
         <input_file_ref idref="fl-13"/>
      </object_component>
      <object_component id="oc-560">
         <name>.text:_pconv_e</name>
         <load_address>0x17220</load_address>
         <run_address>0x17220</run_address>
         <size>0x1b0</size>
         <input_file_ref idref="fl-10c"/>
      </object_component>
      <object_component id="oc-64f">
         <name>.text:fcvt</name>
         <load_address>0x173d0</load_address>
         <run_address>0x173d0</run_address>
         <size>0x1ac</size>
         <input_file_ref idref="fl-10c"/>
      </object_component>
      <object_component id="oc-28b">
         <name>.text</name>
         <load_address>0x1757c</load_address>
         <run_address>0x1757c</run_address>
         <size>0x190</size>
         <input_file_ref idref="fl-ea"/>
      </object_component>
      <object_component id="oc-58">
         <name>.text</name>
         <load_address>0x1770c</load_address>
         <run_address>0x1770c</run_address>
         <size>0x180</size>
         <input_file_ref idref="fl-f9"/>
      </object_component>
      <object_component id="oc-2bb">
         <name>.text</name>
         <load_address>0x1788c</load_address>
         <run_address>0x1788c</run_address>
         <size>0x164</size>
         <input_file_ref idref="fl-16"/>
      </object_component>
      <object_component id="oc-2b4">
         <name>.text:floor</name>
         <load_address>0x179f0</load_address>
         <run_address>0x179f0</run_address>
         <size>0x158</size>
         <input_file_ref idref="fl-e2"/>
      </object_component>
      <object_component id="oc-f9">
         <name>.text</name>
         <load_address>0x17b48</load_address>
         <run_address>0x17b48</run_address>
         <size>0x154</size>
         <input_file_ref idref="fl-18"/>
      </object_component>
      <object_component id="oc-175">
         <name>.text</name>
         <load_address>0x17c9c</load_address>
         <run_address>0x17c9c</run_address>
         <size>0x144</size>
         <input_file_ref idref="fl-6"/>
      </object_component>
      <object_component id="oc-181">
         <name>.text</name>
         <load_address>0x17de0</load_address>
         <run_address>0x17de0</run_address>
         <size>0x134</size>
         <input_file_ref idref="fl-ef"/>
      </object_component>
      <object_component id="oc-286">
         <name>.text</name>
         <load_address>0x17f14</load_address>
         <run_address>0x17f14</run_address>
         <size>0x128</size>
         <input_file_ref idref="fl-eb"/>
      </object_component>
      <object_component id="oc-4f3">
         <name>.text:scalbn</name>
         <load_address>0x1803c</load_address>
         <run_address>0x1803c</run_address>
         <size>0x120</size>
         <input_file_ref idref="fl-e3"/>
      </object_component>
      <object_component id="oc-54e">
         <name>.text:_ltostr</name>
         <load_address>0x1815c</load_address>
         <run_address>0x1815c</run_address>
         <size>0x115</size>
         <input_file_ref idref="fl-10c"/>
      </object_component>
      <object_component id="oc-9c">
         <name>.text</name>
         <load_address>0x18274</load_address>
         <run_address>0x18274</run_address>
         <size>0xf8</size>
         <input_file_ref idref="fl-d"/>
      </object_component>
      <object_component id="oc-21">
         <name>.text:retain</name>
         <load_address>0x1836c</load_address>
         <run_address>0x1836c</run_address>
         <size>0xec</size>
         <input_file_ref idref="fl-a"/>
      </object_component>
      <object_component id="oc-be">
         <name>.text</name>
         <load_address>0x18458</load_address>
         <run_address>0x18458</run_address>
         <size>0xe8</size>
         <input_file_ref idref="fl-8"/>
      </object_component>
      <object_component id="oc-4ee">
         <name>.text:__aeabi_cdcmple</name>
         <load_address>0x18540</load_address>
         <run_address>0x18540</run_address>
         <size>0xe0</size>
         <input_file_ref idref="fl-e9"/>
      </object_component>
      <object_component id="oc-4a1">
         <name>.text:__aeabi_cdrcmple</name>
         <load_address>0x18620</load_address>
         <run_address>0x18620</run_address>
         <size>0xe0</size>
         <input_file_ref idref="fl-e9"/>
      </object_component>
      <object_component id="oc-101">
         <name>.text</name>
         <load_address>0x18700</load_address>
         <run_address>0x18700</run_address>
         <size>0xe0</size>
         <input_file_ref idref="fl-21"/>
      </object_component>
      <object_component id="oc-311">
         <name>.text</name>
         <load_address>0x187e0</load_address>
         <run_address>0x187e0</run_address>
         <size>0xd4</size>
         <input_file_ref idref="fl-f1"/>
      </object_component>
      <object_component id="oc-648">
         <name>.text:_mcpy</name>
         <load_address>0x188b4</load_address>
         <run_address>0x188b4</run_address>
         <size>0xc8</size>
         <input_file_ref idref="fl-10c"/>
      </object_component>
      <object_component id="oc-eb">
         <name>.text</name>
         <load_address>0x1897c</load_address>
         <run_address>0x1897c</run_address>
         <size>0xb0</size>
         <input_file_ref idref="fl-e6"/>
      </object_component>
      <object_component id="oc-32c">
         <name>.text</name>
         <load_address>0x18a2c</load_address>
         <run_address>0x18a2c</run_address>
         <size>0xa8</size>
         <input_file_ref idref="fl-f2"/>
      </object_component>
      <object_component id="oc-321">
         <name>.text</name>
         <load_address>0x18ad4</load_address>
         <run_address>0x18ad4</run_address>
         <size>0x9c</size>
         <input_file_ref idref="fl-ed"/>
      </object_component>
      <object_component id="oc-642">
         <name>.text:_ecpy</name>
         <load_address>0x18b70</load_address>
         <run_address>0x18b70</run_address>
         <size>0x98</size>
         <input_file_ref idref="fl-10c"/>
      </object_component>
      <object_component id="oc-3c5">
         <name>.text</name>
         <load_address>0x18c08</load_address>
         <run_address>0x18c08</run_address>
         <size>0x98</size>
         <input_file_ref idref="fl-fb"/>
      </object_component>
      <object_component id="oc-e">
         <name>.text:decompress:lzss:__TI_decompress_lzss</name>
         <load_address>0x18ca0</load_address>
         <run_address>0x18ca0</run_address>
         <size>0x90</size>
         <input_file_ref idref="fl-101"/>
      </object_component>
      <object_component id="oc-18b">
         <name>.text:__aeabi_cfcmple</name>
         <load_address>0x18d30</load_address>
         <run_address>0x18d30</run_address>
         <size>0x88</size>
         <input_file_ref idref="fl-f0"/>
      </object_component>
      <object_component id="oc-186">
         <name>.text:__aeabi_cfrcmple</name>
         <load_address>0x18db8</load_address>
         <run_address>0x18db8</run_address>
         <size>0x88</size>
         <input_file_ref idref="fl-f0"/>
      </object_component>
      <object_component id="oc-55a">
         <name>.text:_pconv_f</name>
         <load_address>0x18e40</load_address>
         <run_address>0x18e40</run_address>
         <size>0x84</size>
         <input_file_ref idref="fl-10c"/>
      </object_component>
      <object_component id="oc-548">
         <name>.text:atoi</name>
         <load_address>0x18ec4</load_address>
         <run_address>0x18ec4</run_address>
         <size>0x84</size>
         <input_file_ref idref="fl-10e"/>
      </object_component>
      <object_component id="oc-63c">
         <name>.text:ltoa</name>
         <load_address>0x18f48</load_address>
         <run_address>0x18f48</run_address>
         <size>0x80</size>
         <input_file_ref idref="fl-110"/>
      </object_component>
      <object_component id="oc-65d">
         <name>.text:frexp</name>
         <load_address>0x18fc8</load_address>
         <run_address>0x18fc8</run_address>
         <size>0x7c</size>
         <input_file_ref idref="fl-116"/>
      </object_component>
      <object_component id="oc-10f">
         <name>.text:__TI_auto_init_nobinit_nopinit:__TI_auto_init_nobinit_nopinit</name>
         <load_address>0x19044</load_address>
         <run_address>0x19044</run_address>
         <size>0x68</size>
         <input_file_ref idref="fl-fd"/>
      </object_component>
      <object_component id="oc-3eb">
         <name>.text:strtok</name>
         <load_address>0x190ac</load_address>
         <run_address>0x190ac</run_address>
         <size>0x68</size>
         <input_file_ref idref="fl-10a"/>
      </object_component>
      <object_component id="oc-655">
         <name>.text:_fcpy</name>
         <load_address>0x19114</load_address>
         <run_address>0x19114</run_address>
         <size>0x64</size>
         <input_file_ref idref="fl-10c"/>
      </object_component>
      <object_component id="oc-16f">
         <name>.text:sprintf</name>
         <load_address>0x19178</load_address>
         <run_address>0x19178</run_address>
         <size>0x64</size>
         <input_file_ref idref="fl-e4"/>
      </object_component>
      <object_component id="oc-3ca">
         <name>.text</name>
         <load_address>0x191dc</load_address>
         <run_address>0x191dc</run_address>
         <size>0x60</size>
         <input_file_ref idref="fl-f8"/>
      </object_component>
      <object_component id="oc-341">
         <name>.text</name>
         <load_address>0x1923c</load_address>
         <run_address>0x1923c</run_address>
         <size>0x5c</size>
         <input_file_ref idref="fl-ec"/>
      </object_component>
      <object_component id="oc-316">
         <name>.text</name>
         <load_address>0x19298</load_address>
         <run_address>0x19298</run_address>
         <size>0x5c</size>
         <input_file_ref idref="fl-f3"/>
      </object_component>
      <object_component id="oc-290">
         <name>.text</name>
         <load_address>0x192f4</load_address>
         <run_address>0x192f4</run_address>
         <size>0x58</size>
         <input_file_ref idref="fl-ee"/>
      </object_component>
      <object_component id="oc-6af">
         <name>.text</name>
         <load_address>0x1934c</load_address>
         <run_address>0x1934c</run_address>
         <size>0x54</size>
         <input_file_ref idref="fl-117"/>
      </object_component>
      <object_component id="oc-281">
         <name>.text</name>
         <load_address>0x193a0</load_address>
         <run_address>0x193a0</run_address>
         <size>0x50</size>
         <input_file_ref idref="fl-e7"/>
      </object_component>
      <object_component id="oc-337">
         <name>.text</name>
         <load_address>0x193f0</load_address>
         <run_address>0x193f0</run_address>
         <size>0x4c</size>
         <input_file_ref idref="fl-f4"/>
      </object_component>
      <object_component id="oc-3c0">
         <name>.text</name>
         <load_address>0x1943c</load_address>
         <run_address>0x1943c</run_address>
         <size>0x4c</size>
         <input_file_ref idref="fl-f5"/>
      </object_component>
      <object_component id="oc-300">
         <name>.text</name>
         <load_address>0x19488</load_address>
         <run_address>0x19488</run_address>
         <size>0x4c</size>
         <input_file_ref idref="fl-f7"/>
      </object_component>
      <object_component id="oc-5a5">
         <name>.text:strspn</name>
         <load_address>0x194d4</load_address>
         <run_address>0x194d4</run_address>
         <size>0x4c</size>
         <input_file_ref idref="fl-114"/>
      </object_component>
      <object_component id="oc-5ab">
         <name>.text:strcspn</name>
         <load_address>0x19520</load_address>
         <run_address>0x19520</run_address>
         <size>0x44</size>
         <input_file_ref idref="fl-113"/>
      </object_component>
      <object_component id="oc-33c">
         <name>.text</name>
         <load_address>0x19564</load_address>
         <run_address>0x19564</run_address>
         <size>0x3c</size>
         <input_file_ref idref="fl-f6"/>
      </object_component>
      <object_component id="oc-295">
         <name>.text</name>
         <load_address>0x195a0</load_address>
         <run_address>0x195a0</run_address>
         <size>0x34</size>
         <input_file_ref idref="fl-fa"/>
      </object_component>
      <object_component id="oc-3ac">
         <name>.text:_outs</name>
         <load_address>0x195d4</load_address>
         <run_address>0x195d4</run_address>
         <size>0x30</size>
         <input_file_ref idref="fl-e4"/>
      </object_component>
      <object_component id="oc-56c">
         <name>.text:memccpy</name>
         <load_address>0x19604</load_address>
         <run_address>0x19604</run_address>
         <size>0x2c</size>
         <input_file_ref idref="fl-111"/>
      </object_component>
      <object_component id="oc-305">
         <name>.text:strcat</name>
         <load_address>0x19630</load_address>
         <run_address>0x19630</run_address>
         <size>0x28</size>
         <input_file_ref idref="fl-105"/>
      </object_component>
      <object_component id="oc-663">
         <name>.text:strchr</name>
         <load_address>0x19658</load_address>
         <run_address>0x19658</run_address>
         <size>0x28</size>
         <input_file_ref idref="fl-112"/>
      </object_component>
      <object_component id="oc-3f1">
         <name>.text:strcmp</name>
         <load_address>0x19680</load_address>
         <run_address>0x19680</run_address>
         <size>0x28</size>
         <input_file_ref idref="fl-106"/>
      </object_component>
      <object_component id="oc-572">
         <name>.text:wcslen</name>
         <load_address>0x196a8</load_address>
         <run_address>0x196a8</run_address>
         <size>0x24</size>
         <input_file_ref idref="fl-115"/>
      </object_component>
      <object_component id="oc-2f8">
         <name>.text:strlen</name>
         <load_address>0x196cc</load_address>
         <run_address>0x196cc</run_address>
         <size>0x20</size>
         <input_file_ref idref="fl-108"/>
      </object_component>
      <object_component id="oc-30b">
         <name>.text:strcpy</name>
         <load_address>0x196ec</load_address>
         <run_address>0x196ec</run_address>
         <size>0x18</size>
         <input_file_ref idref="fl-107"/>
      </object_component>
      <object_component id="oc-3b2">
         <name>.text:_outc</name>
         <load_address>0x19704</load_address>
         <run_address>0x19704</run_address>
         <size>0x14</size>
         <input_file_ref idref="fl-e4"/>
      </object_component>
      <object_component id="oc-14">
         <name>.text:decompress:none:__TI_decompress_none</name>
         <load_address>0x19718</load_address>
         <run_address>0x19718</run_address>
         <size>0x14</size>
         <input_file_ref idref="fl-100"/>
      </object_component>
      <object_component id="oc-6a">
         <name>.text:decompress:ZI:__TI_zero_init</name>
         <load_address>0x1972c</load_address>
         <run_address>0x1972c</run_address>
         <size>0x10</size>
         <input_file_ref idref="fl-ff"/>
      </object_component>
      <object_component id="oc-4e8">
         <name>.text:__aeabi_errno_addr</name>
         <load_address>0x1973c</load_address>
         <run_address>0x1973c</run_address>
         <size>0xc</size>
         <input_file_ref idref="fl-10b"/>
      </object_component>
      <object_component id="oc-61f">
         <name>.text:copysign</name>
         <load_address>0x19748</load_address>
         <run_address>0x19748</run_address>
         <size>0xc</size>
         <input_file_ref idref="fl-e5"/>
      </object_component>
      <object_component id="oc-1c4">
         <name>.text:abort:abort</name>
         <load_address>0x19754</load_address>
         <run_address>0x19754</run_address>
         <size>0x8</size>
         <input_file_ref idref="fl-102"/>
      </object_component>
      <object_component id="oc-3f7">
         <name>.text:atof</name>
         <load_address>0x1975c</load_address>
         <run_address>0x1975c</run_address>
         <size>0x8</size>
         <input_file_ref idref="fl-104"/>
      </object_component>
      <object_component id="oc-3b">
         <name>.text:retain</name>
         <load_address>0x19764</load_address>
         <run_address>0x19764</run_address>
         <size>0x4</size>
         <input_file_ref idref="fl-20"/>
      </object_component>
      <object_component id="oc-48c">
         <name>.text</name>
         <load_address>0x19768</load_address>
         <run_address>0x19768</run_address>
         <size>0x4</size>
         <input_file_ref idref="fl-10d"/>
      </object_component>
      <object_component id="oc-7b">
         <name>.text</name>
         <load_address>0x1976c</load_address>
         <run_address>0x1976c</run_address>
         <size>0x4</size>
         <input_file_ref idref="fl-23"/>
      </object_component>
      <object_component id="oc-29a">
         <name>.const:het1PROGRAM</name>
         <load_address>0x19770</load_address>
         <run_address>0x19770</run_address>
         <size>0x3a0</size>
         <input_file_ref idref="fl-c"/>
      </object_component>
      <object_component id="oc-27">
         <name>.const:s_vim_init</name>
         <load_address>0x19b10</load_address>
         <run_address>0x19b10</run_address>
         <size>0x180</size>
         <input_file_ref idref="fl-24"/>
      </object_component>
      <object_component id="oc-636">
         <name>.const:.string:_ctypes_</name>
         <load_address>0x19c90</load_address>
         <run_address>0x19c90</run_address>
         <size>0x101</size>
         <input_file_ref idref="fl-10f"/>
      </object_component>
      <object_component id="oc-346">
         <name>.const:.string:$P$T0$1</name>
         <load_address>0x19d91</load_address>
         <run_address>0x19d91</run_address>
         <size>0x2</size>
         <input_file_ref idref="fl-5"/>
      </object_component>
      <object_component id="oc-42b">
         <name>.const:.string</name>
         <load_address>0x19d94</load_address>
         <run_address>0x19d94</run_address>
         <size>0xb4</size>
         <input_file_ref idref="fl-5"/>
      </object_component>
      <object_component id="oc-68f">
         <name>.const:digits</name>
         <load_address>0x19e48</load_address>
         <run_address>0x19e48</run_address>
         <size>0x80</size>
         <input_file_ref idref="fl-109"/>
      </object_component>
      <object_component id="oc-692">
         <name>.const:powerof10</name>
         <load_address>0x19ec8</load_address>
         <run_address>0x19ec8</run_address>
         <size>0x48</size>
         <input_file_ref idref="fl-109"/>
      </object_component>
      <object_component id="oc-5c2">
         <name>.const:.string</name>
         <load_address>0x19f10</load_address>
         <run_address>0x19f10</run_address>
         <size>0x24</size>
         <input_file_ref idref="fl-3"/>
      </object_component>
      <object_component id="oc-29d">
         <name>.const:s_het1pwmPolarity</name>
         <load_address>0x19f34</load_address>
         <run_address>0x19f34</run_address>
         <size>0x20</size>
         <input_file_ref idref="fl-c"/>
      </object_component>
      <object_component id="oc-1bb">
         <name>.const:$P$T0$1</name>
         <load_address>0x19f54</load_address>
         <run_address>0x19f54</run_address>
         <size>0x14</size>
         <input_file_ref idref="fl-1d"/>
      </object_component>
      <object_component id="oc-4f9">
         <name>.const:bp</name>
         <load_address>0x19f68</load_address>
         <run_address>0x19f68</run_address>
         <size>0x10</size>
         <input_file_ref idref="fl-e0"/>
      </object_component>
      <object_component id="oc-4fc">
         <name>.const:dp_h</name>
         <load_address>0x19f78</load_address>
         <run_address>0x19f78</run_address>
         <size>0x10</size>
         <input_file_ref idref="fl-e0"/>
      </object_component>
      <object_component id="oc-4ff">
         <name>.const:dp_l</name>
         <load_address>0x19f88</load_address>
         <run_address>0x19f88</run_address>
         <size>0x10</size>
         <input_file_ref idref="fl-e0"/>
      </object_component>
      <object_component id="oc-2a7">
         <name>.const:s_adcFiFoSize</name>
         <load_address>0x19f98</load_address>
         <run_address>0x19f98</run_address>
         <size>0xc</size>
         <input_file_ref idref="fl-7"/>
      </object_component>
      <object_component id="oc-2aa">
         <name>.const:s_adcSelect</name>
         <load_address>0x19fa4</load_address>
         <run_address>0x19fa4</run_address>
         <size>0xc</size>
         <input_file_ref idref="fl-7"/>
      </object_component>
      <object_component id="oc-349">
         <name>.const:.string:$P$T1$2</name>
         <load_address>0x19fb0</load_address>
         <run_address>0x19fb0</run_address>
         <size>0x2</size>
         <input_file_ref idref="fl-5"/>
      </object_component>
      <object_component id="oc-34c">
         <name>.const:.string:$P$T2$3</name>
         <load_address>0x19fb2</load_address>
         <run_address>0x19fb2</run_address>
         <size>0x2</size>
         <input_file_ref idref="fl-5"/>
      </object_component>
      <object_component id="oc-1d7">
         <name>.kernelBSS:init</name>
         <load_address>0x80008d0</load_address>
         <run_address>0x80008d0</run_address>
         <size>0x34</size>
         <input_file_ref idref="fl-16"/>
      </object_component>
      <object_component id="oc-2f5">
         <name>.kernelBSS:uninit</name>
         <load_address>0x8000800</load_address>
         <run_address>0x8000800</run_address>
         <size>0xd0</size>
         <input_file_ref idref="fl-16"/>
      </object_component>
      <object_component id="oc-5ff">
         <name>.kernelHEAP</name>
         <uninitialized>true</uninitialized>
         <run_address>0x8001000</run_address>
         <size>0x2000</size>
         <input_file_ref idref="fl-10"/>
      </object_component>
      <object_component id="oc-3db">
         <name>.bss:ParametrosCalibracionBMP280</name>
         <uninitialized>true</uninitialized>
         <run_address>0x8003174</run_address>
         <size>0x1c</size>
         <input_file_ref idref="fl-2"/>
      </object_component>
      <object_component id="oc-4c7">
         <name>.bss:xStart</name>
         <uninitialized>true</uninitialized>
         <run_address>0x80031b8</run_address>
         <size>0x8</size>
         <input_file_ref idref="fl-10"/>
      </object_component>
      <object_component id="oc-b0">
         <name>.bss:g_sciTransfer_t</name>
         <uninitialized>true</uninitialized>
         <run_address>0x8003190</run_address>
         <size>0x14</size>
         <input_file_ref idref="fl-19"/>
      </object_component>
      <object_component id="oc-b4">
         <name>.bss:g_spiPacket_t</name>
         <uninitialized>true</uninitialized>
         <run_address>0x800312c</run_address>
         <size>0x48</size>
         <input_file_ref idref="fl-1a"/>
      </object_component>
      <object_component id="oc-196">
         <name>.bss:receivedData</name>
         <uninitialized>true</uninitialized>
         <run_address>0x80031a4</run_address>
         <size>0x4</size>
         <input_file_ref idref="fl-1d"/>
      </object_component>
      <object_component id="oc-1ae">
         <name>.common:SPI1_data_configCh2</name>
         <uninitialized>true</uninitialized>
         <run_address>0x80031c8</run_address>
         <size>0x4</size>
      </object_component>
      <object_component id="oc-1a4">
         <name>.common:MyChannel</name>
         <uninitialized>true</uninitialized>
         <run_address>0x80031c0</run_address>
         <size>0x8</size>
      </object_component>
      <object_component id="oc-1a7">
         <name>.common:valorAdc_0</name>
         <uninitialized>true</uninitialized>
         <run_address>0x80031cc</run_address>
         <size>0x4</size>
      </object_component>
      <object_component id="oc-1ba">
         <name>.common:SERVO_PAYLOAD</name>
         <uninitialized>true</uninitialized>
         <run_address>0x80031a8</run_address>
         <size>0x10</size>
      </object_component>
      <object_component id="oc-199">
         <name>.common:xTelemetryHandle</name>
         <uninitialized>true</uninitialized>
         <run_address>0x80031d0</run_address>
         <size>0x4</size>
      </object_component>
      <object_component id="oc-1a3">
         <name>.common:command</name>
         <uninitialized>true</uninitialized>
         <run_address>0x8003000</run_address>
         <size>0xc8</size>
      </object_component>
      <object_component id="oc-3fd">
         <name>.common:CMD_KEY</name>
         <uninitialized>true</uninitialized>
         <run_address>0x80030c8</run_address>
         <size>0x64</size>
      </object_component>
      <object_component id="oc-3cf">
         <name>.data:PRESION</name>
         <load_address>0x80032e4</load_address>
         <run_address>0x80032e4</run_address>
         <size>0x8</size>
         <input_file_ref idref="fl-2"/>
      </object_component>
      <object_component id="oc-3d2">
         <name>.data:ALTITUD</name>
         <load_address>0x80032ac</load_address>
         <run_address>0x80032ac</run_address>
         <size>0x8</size>
         <input_file_ref idref="fl-2"/>
      </object_component>
      <object_component id="oc-3d5">
         <name>.data:TEMPERATURA</name>
         <load_address>0x8003304</load_address>
         <run_address>0x8003304</run_address>
         <size>0x8</size>
         <input_file_ref idref="fl-2"/>
      </object_component>
      <object_component id="oc-1b1">
         <name>.data:Temp_bmp280</name>
         <load_address>0x800330c</load_address>
         <run_address>0x800330c</run_address>
         <size>0x8</size>
         <input_file_ref idref="fl-2"/>
      </object_component>
      <object_component id="oc-1b7">
         <name>.data:Pres_bmp280</name>
         <load_address>0x80032ec</load_address>
         <run_address>0x80032ec</run_address>
         <size>0x8</size>
         <input_file_ref idref="fl-2"/>
      </object_component>
      <object_component id="oc-1b4">
         <name>.data:Alt_bmp280</name>
         <load_address>0x80032b4</load_address>
         <run_address>0x80032b4</run_address>
         <size>0x8</size>
         <input_file_ref idref="fl-2"/>
      </object_component>
      <object_component id="oc-1a8">
         <name>.data:ComandoSPI</name>
         <load_address>0x80032bc</load_address>
         <run_address>0x80032bc</run_address>
         <size>0x8</size>
         <input_file_ref idref="fl-2"/>
      </object_component>
      <object_component id="oc-1ab">
         <name>.data:DatoSPI01</name>
         <load_address>0x80032c4</load_address>
         <run_address>0x80032c4</run_address>
         <size>0x8</size>
         <input_file_ref idref="fl-2"/>
      </object_component>
      <object_component id="oc-3d8">
         <name>.data:DatoSPI02</name>
         <load_address>0x80032cc</load_address>
         <run_address>0x80032cc</run_address>
         <size>0x8</size>
         <input_file_ref idref="fl-2"/>
      </object_component>
      <object_component id="oc-3e1">
         <name>.data:DatoSPI03</name>
         <load_address>0x80032d4</load_address>
         <run_address>0x80032d4</run_address>
         <size>0x8</size>
         <input_file_ref idref="fl-2"/>
      </object_component>
      <object_component id="oc-3e4">
         <name>.data:DatoSPI04</name>
         <load_address>0x80032dc</load_address>
         <run_address>0x80032dc</run_address>
         <size>0x8</size>
         <input_file_ref idref="fl-2"/>
      </object_component>
      <object_component id="oc-3de">
         <name>.data</name>
         <load_address>0x800337e</load_address>
         <run_address>0x800337e</run_address>
         <size>0x2</size>
         <input_file_ref idref="fl-2"/>
      </object_component>
      <object_component id="oc-401">
         <name>.data:commands</name>
         <load_address>0x800324c</load_address>
         <run_address>0x800324c</run_address>
         <size>0x18</size>
         <input_file_ref idref="fl-3"/>
      </object_component>
      <object_component id="oc-3fe">
         <name>.data</name>
         <load_address>0x8003274</load_address>
         <run_address>0x8003274</run_address>
         <size>0xc</size>
         <input_file_ref idref="fl-3"/>
      </object_component>
      <object_component id="oc-1a0">
         <name>.data</name>
         <load_address>0x80031d4</load_address>
         <run_address>0x80031d4</run_address>
         <size>0x60</size>
         <input_file_ref idref="fl-5"/>
      </object_component>
      <object_component id="oc-34f">
         <name>.data:cPACKET_COUNT</name>
         <load_address>0x800335b</load_address>
         <run_address>0x800335b</run_address>
         <size>0x6</size>
         <input_file_ref idref="fl-5"/>
      </object_component>
      <object_component id="oc-370">
         <name>.data:FSW_STATE</name>
         <load_address>0x8003234</load_address>
         <run_address>0x8003234</run_address>
         <size>0x18</size>
         <input_file_ref idref="fl-5"/>
      </object_component>
      <object_component id="oc-364">
         <name>.data:cSP1_PC</name>
         <load_address>0x8003361</load_address>
         <run_address>0x8003361</run_address>
         <size>0x6</size>
         <input_file_ref idref="fl-5"/>
      </object_component>
      <object_component id="oc-367">
         <name>.data:cSP2_PC</name>
         <load_address>0x8003367</load_address>
         <run_address>0x8003367</run_address>
         <size>0x6</size>
         <input_file_ref idref="fl-5"/>
      </object_component>
      <object_component id="oc-36a">
         <name>.data:cALTITUDE_BAR</name>
         <load_address>0x8003314</load_address>
         <run_address>0x8003314</run_address>
         <size>0x8</size>
         <input_file_ref idref="fl-5"/>
      </object_component>
      <object_component id="oc-35b">
         <name>.data:cPRESS_BAR</name>
         <load_address>0x8003324</load_address>
         <run_address>0x8003324</run_address>
         <size>0x8</size>
         <input_file_ref idref="fl-5"/>
      </object_component>
      <object_component id="oc-35e">
         <name>.data:cTEMPERATURE</name>
         <load_address>0x800332c</load_address>
         <run_address>0x800332c</run_address>
         <size>0x8</size>
         <input_file_ref idref="fl-5"/>
      </object_component>
      <object_component id="oc-361">
         <name>.data:cVOLT_BATT</name>
         <load_address>0x800337a</load_address>
         <run_address>0x800337a</run_address>
         <size>0x4</size>
         <input_file_ref idref="fl-5"/>
      </object_component>
      <object_component id="oc-36d">
         <name>.data:cGPS_TIME</name>
         <load_address>0x800331c</load_address>
         <run_address>0x800331c</run_address>
         <size>0x8</size>
         <input_file_ref idref="fl-5"/>
      </object_component>
      <object_component id="oc-373">
         <name>.data:cLAT</name>
         <load_address>0x8003280</load_address>
         <run_address>0x8003280</run_address>
         <size>0xc</size>
         <input_file_ref idref="fl-5"/>
      </object_component>
      <object_component id="oc-376">
         <name>.data:cLON</name>
         <load_address>0x800328c</load_address>
         <run_address>0x800328c</run_address>
         <size>0xc</size>
         <input_file_ref idref="fl-5"/>
      </object_component>
      <object_component id="oc-379">
         <name>.data:cALT</name>
         <load_address>0x800333c</load_address>
         <run_address>0x800333c</run_address>
         <size>0x7</size>
         <input_file_ref idref="fl-5"/>
      </object_component>
      <object_component id="oc-37c">
         <name>.data:cNSATS</name>
         <load_address>0x800338e</load_address>
         <run_address>0x800338e</run_address>
         <size>0x3</size>
         <input_file_ref idref="fl-5"/>
      </object_component>
      <object_component id="oc-382">
         <name>.data:SP1_MISSION_TIME</name>
         <load_address>0x8003298</load_address>
         <run_address>0x8003298</run_address>
         <size>0xa</size>
         <input_file_ref idref="fl-5"/>
      </object_component>
      <object_component id="oc-385">
         <name>.data:SP1_PACKET_COUNT</name>
         <load_address>0x8003372</load_address>
         <run_address>0x8003372</run_address>
         <size>0x4</size>
         <input_file_ref idref="fl-5"/>
      </object_component>
      <object_component id="oc-388">
         <name>.data:SP1_ALTITUDE</name>
         <load_address>0x80032f4</load_address>
         <run_address>0x80032f4</run_address>
         <size>0x8</size>
         <input_file_ref idref="fl-5"/>
      </object_component>
      <object_component id="oc-38b">
         <name>.data:SP1_TEMPERATURE</name>
         <load_address>0x8003349</load_address>
         <run_address>0x8003349</run_address>
         <size>0x6</size>
         <input_file_ref idref="fl-5"/>
      </object_component>
      <object_component id="oc-38e">
         <name>.data:SP1_ROTATION_RATE</name>
         <load_address>0x8003343</load_address>
         <run_address>0x8003343</run_address>
         <size>0x6</size>
         <input_file_ref idref="fl-5"/>
      </object_component>
      <object_component id="oc-391">
         <name>.data:SP2_MISSION_TIME</name>
         <load_address>0x80032a2</load_address>
         <run_address>0x80032a2</run_address>
         <size>0xa</size>
         <input_file_ref idref="fl-5"/>
      </object_component>
      <object_component id="oc-394">
         <name>.data:SP2_PACKET_COUNT</name>
         <load_address>0x8003376</load_address>
         <run_address>0x8003376</run_address>
         <size>0x4</size>
         <input_file_ref idref="fl-5"/>
      </object_component>
      <object_component id="oc-397">
         <name>.data:SP2_ALTITUDE</name>
         <load_address>0x80032fc</load_address>
         <run_address>0x80032fc</run_address>
         <size>0x8</size>
         <input_file_ref idref="fl-5"/>
      </object_component>
      <object_component id="oc-39a">
         <name>.data:SP2_TEMPERATURE</name>
         <load_address>0x8003355</load_address>
         <run_address>0x8003355</run_address>
         <size>0x6</size>
         <input_file_ref idref="fl-5"/>
      </object_component>
      <object_component id="oc-39d">
         <name>.data:SP2_ROTATION_RATE</name>
         <load_address>0x800334f</load_address>
         <run_address>0x800334f</run_address>
         <size>0x6</size>
         <input_file_ref idref="fl-5"/>
      </object_component>
      <object_component id="oc-352">
         <name>.data:cH</name>
         <load_address>0x8003388</load_address>
         <run_address>0x8003388</run_address>
         <size>0x3</size>
         <input_file_ref idref="fl-5"/>
      </object_component>
      <object_component id="oc-355">
         <name>.data:cM</name>
         <load_address>0x800338b</load_address>
         <run_address>0x800338b</run_address>
         <size>0x3</size>
         <input_file_ref idref="fl-5"/>
      </object_component>
      <object_component id="oc-358">
         <name>.data:cS</name>
         <load_address>0x8003391</load_address>
         <run_address>0x8003391</run_address>
         <size>0x3</size>
         <input_file_ref idref="fl-5"/>
      </object_component>
      <object_component id="oc-37f">
         <name>.data:ECHO</name>
         <load_address>0x800336d</load_address>
         <run_address>0x800336d</run_address>
         <size>0x5</size>
         <input_file_ref idref="fl-5"/>
      </object_component>
      <object_component id="oc-4c4">
         <name>.data</name>
         <load_address>0x8003264</load_address>
         <run_address>0x8003264</run_address>
         <size>0x10</size>
         <input_file_ref idref="fl-10"/>
      </object_component>
      <object_component id="oc-1da">
         <name>.data</name>
         <load_address>0x8003334</load_address>
         <run_address>0x8003334</run_address>
         <size>0x8</size>
         <input_file_ref idref="fl-13"/>
      </object_component>
      <object_component id="oc-5b1">
         <name>.data</name>
         <load_address>0x8003384</load_address>
         <run_address>0x8003384</run_address>
         <size>0x4</size>
         <input_file_ref idref="fl-10a"/>
      </object_component>
      <object_component id="oc-619">
         <name>.data</name>
         <load_address>0x8003380</load_address>
         <run_address>0x8003380</run_address>
         <size>0x4</size>
         <input_file_ref idref="fl-10b"/>
      </object_component>
      <object_component id="oc-1af">
         <name>.debug_info</name>
         <load_address>0x0</load_address>
         <run_address>0x0</run_address>
         <size>0x26d</size>
         <input_file_ref idref="fl-2"/>
      </object_component>
      <object_component id="oc-3d0">
         <name>.debug_info</name>
         <load_address>0x26d</load_address>
         <run_address>0x26d</run_address>
         <size>0xe3</size>
         <input_file_ref idref="fl-2"/>
      </object_component>
      <object_component id="oc-3d3">
         <name>.debug_info</name>
         <load_address>0x350</load_address>
         <run_address>0x350</run_address>
         <size>0xe3</size>
         <input_file_ref idref="fl-2"/>
      </object_component>
      <object_component id="oc-3d6">
         <name>.debug_info</name>
         <load_address>0x433</load_address>
         <run_address>0x433</run_address>
         <size>0xeb</size>
         <input_file_ref idref="fl-2"/>
      </object_component>
      <object_component id="oc-1b2">
         <name>.debug_info</name>
         <load_address>0x51e</load_address>
         <run_address>0x51e</run_address>
         <size>0xec</size>
         <input_file_ref idref="fl-2"/>
      </object_component>
      <object_component id="oc-1b8">
         <name>.debug_info</name>
         <load_address>0x60a</load_address>
         <run_address>0x60a</run_address>
         <size>0xec</size>
         <input_file_ref idref="fl-2"/>
      </object_component>
      <object_component id="oc-1b5">
         <name>.debug_info</name>
         <load_address>0x6f6</load_address>
         <run_address>0x6f6</run_address>
         <size>0xea</size>
         <input_file_ref idref="fl-2"/>
      </object_component>
      <object_component id="oc-1a9">
         <name>.debug_info</name>
         <load_address>0x7e0</load_address>
         <run_address>0x7e0</run_address>
         <size>0xea</size>
         <input_file_ref idref="fl-2"/>
      </object_component>
      <object_component id="oc-1ac">
         <name>.debug_info</name>
         <load_address>0x8ca</load_address>
         <run_address>0x8ca</run_address>
         <size>0xe8</size>
         <input_file_ref idref="fl-2"/>
      </object_component>
      <object_component id="oc-3d9">
         <name>.debug_info</name>
         <load_address>0x9b2</load_address>
         <run_address>0x9b2</run_address>
         <size>0xe8</size>
         <input_file_ref idref="fl-2"/>
      </object_component>
      <object_component id="oc-3e2">
         <name>.debug_info</name>
         <load_address>0xa9a</load_address>
         <run_address>0xa9a</run_address>
         <size>0xe8</size>
         <input_file_ref idref="fl-2"/>
      </object_component>
      <object_component id="oc-3e5">
         <name>.debug_info</name>
         <load_address>0xb82</load_address>
         <run_address>0xb82</run_address>
         <size>0xe8</size>
         <input_file_ref idref="fl-2"/>
      </object_component>
      <object_component id="oc-3df">
         <name>.debug_info</name>
         <load_address>0xc6a</load_address>
         <run_address>0xc6a</run_address>
         <size>0xef</size>
         <input_file_ref idref="fl-2"/>
      </object_component>
      <object_component id="oc-3dc">
         <name>.debug_info</name>
         <load_address>0xd59</load_address>
         <run_address>0xd59</run_address>
         <size>0x10b</size>
         <input_file_ref idref="fl-2"/>
      </object_component>
      <object_component id="oc-17c">
         <name>.debug_info</name>
         <load_address>0xe64</load_address>
         <run_address>0xe64</run_address>
         <size>0x1331</size>
         <input_file_ref idref="fl-2"/>
      </object_component>
      <object_component id="oc-1e0">
         <name>.debug_info</name>
         <load_address>0x2195</load_address>
         <run_address>0x2195</run_address>
         <size>0x26b</size>
         <input_file_ref idref="fl-2"/>
      </object_component>
      <object_component id="oc-a3">
         <name>.debug_info</name>
         <load_address>0x2400</load_address>
         <run_address>0x2400</run_address>
         <size>0x157</size>
         <input_file_ref idref="fl-2"/>
      </object_component>
      <object_component id="oc-b9">
         <name>.debug_info</name>
         <load_address>0x2557</load_address>
         <run_address>0x2557</run_address>
         <size>0x375</size>
         <input_file_ref idref="fl-2"/>
      </object_component>
      <object_component id="oc-cc">
         <name>.debug_info</name>
         <load_address>0x28cc</load_address>
         <run_address>0x28cc</run_address>
         <size>0x8b</size>
         <input_file_ref idref="fl-2"/>
      </object_component>
      <object_component id="oc-59a">
         <name>.debug_info</name>
         <load_address>0x2957</load_address>
         <run_address>0x2957</run_address>
         <size>0x285</size>
         <input_file_ref idref="fl-2"/>
      </object_component>
      <object_component id="oc-44f">
         <name>.debug_info</name>
         <load_address>0x2bdc</load_address>
         <run_address>0x2bdc</run_address>
         <size>0x297</size>
         <input_file_ref idref="fl-2"/>
      </object_component>
      <object_component id="oc-1d2">
         <name>.debug_info</name>
         <load_address>0x2e73</load_address>
         <run_address>0x2e73</run_address>
         <size>0xbb</size>
         <input_file_ref idref="fl-2"/>
      </object_component>
      <object_component id="oc-d1">
         <name>.debug_info</name>
         <load_address>0x2f2e</load_address>
         <run_address>0x2f2e</run_address>
         <size>0x86</size>
         <input_file_ref idref="fl-2"/>
      </object_component>
      <object_component id="oc-1ef">
         <name>.debug_info</name>
         <load_address>0x2fb4</load_address>
         <run_address>0x2fb4</run_address>
         <size>0x1f9</size>
         <input_file_ref idref="fl-2"/>
      </object_component>
      <object_component id="oc-214">
         <name>.debug_info</name>
         <load_address>0x31ad</load_address>
         <run_address>0x31ad</run_address>
         <size>0x26c</size>
         <input_file_ref idref="fl-2"/>
      </object_component>
      <object_component id="oc-19a">
         <name>.debug_info</name>
         <load_address>0x3419</load_address>
         <run_address>0x3419</run_address>
         <size>0x824</size>
         <input_file_ref idref="fl-3"/>
      </object_component>
      <object_component id="oc-402">
         <name>.debug_info</name>
         <load_address>0x3c3d</load_address>
         <run_address>0x3c3d</run_address>
         <size>0xe8</size>
         <input_file_ref idref="fl-3"/>
      </object_component>
      <object_component id="oc-3ff">
         <name>.debug_info</name>
         <load_address>0x3d25</load_address>
         <run_address>0x3d25</run_address>
         <size>0x12c</size>
         <input_file_ref idref="fl-3"/>
      </object_component>
      <object_component id="oc-192">
         <name>.debug_info</name>
         <load_address>0x3e51</load_address>
         <run_address>0x3e51</run_address>
         <size>0x99a</size>
         <input_file_ref idref="fl-3"/>
      </object_component>
      <object_component id="oc-2d4">
         <name>.debug_info</name>
         <load_address>0x47eb</load_address>
         <run_address>0x47eb</run_address>
         <size>0x30c</size>
         <input_file_ref idref="fl-3"/>
      </object_component>
      <object_component id="oc-409">
         <name>.debug_info</name>
         <load_address>0x4af7</load_address>
         <run_address>0x4af7</run_address>
         <size>0x5e</size>
         <input_file_ref idref="fl-3"/>
      </object_component>
      <object_component id="oc-418">
         <name>.debug_info</name>
         <load_address>0x4b55</load_address>
         <run_address>0x4b55</run_address>
         <size>0x379</size>
         <input_file_ref idref="fl-3"/>
      </object_component>
      <object_component id="oc-1bf">
         <name>.debug_info</name>
         <load_address>0x4ece</load_address>
         <run_address>0x4ece</run_address>
         <size>0xe1</size>
         <input_file_ref idref="fl-3"/>
      </object_component>
      <object_component id="oc-2ce">
         <name>.debug_info</name>
         <load_address>0x4faf</load_address>
         <run_address>0x4faf</run_address>
         <size>0x2c</size>
         <input_file_ref idref="fl-3"/>
      </object_component>
      <object_component id="oc-3a1">
         <name>.debug_info</name>
         <load_address>0x4fdb</load_address>
         <run_address>0x4fdb</run_address>
         <size>0x53</size>
         <input_file_ref idref="fl-3"/>
      </object_component>
      <object_component id="oc-3ba">
         <name>.debug_info</name>
         <load_address>0x502e</load_address>
         <run_address>0x502e</run_address>
         <size>0x2c</size>
         <input_file_ref idref="fl-3"/>
      </object_component>
      <object_component id="oc-248">
         <name>.debug_info</name>
         <load_address>0x505a</load_address>
         <run_address>0x505a</run_address>
         <size>0x3d3</size>
         <input_file_ref idref="fl-3"/>
      </object_component>
      <object_component id="oc-2a2">
         <name>.debug_info</name>
         <load_address>0x542d</load_address>
         <run_address>0x542d</run_address>
         <size>0x2e3</size>
         <input_file_ref idref="fl-3"/>
      </object_component>
      <object_component id="oc-40e">
         <name>.debug_info</name>
         <load_address>0x5710</load_address>
         <run_address>0x5710</run_address>
         <size>0x243</size>
         <input_file_ref idref="fl-3"/>
      </object_component>
      <object_component id="oc-461">
         <name>.debug_info</name>
         <load_address>0x5953</load_address>
         <run_address>0x5953</run_address>
         <size>0x18e</size>
         <input_file_ref idref="fl-3"/>
      </object_component>
      <object_component id="oc-413">
         <name>.debug_info</name>
         <load_address>0x5ae1</load_address>
         <run_address>0x5ae1</run_address>
         <size>0x14c</size>
         <input_file_ref idref="fl-3"/>
      </object_component>
      <object_component id="oc-458">
         <name>.debug_info</name>
         <load_address>0x5c2d</load_address>
         <run_address>0x5c2d</run_address>
         <size>0x1af</size>
         <input_file_ref idref="fl-4"/>
      </object_component>
[...]
         <value>0x9db0</value>
         <object_component_ref idref="oc-87"/>
      </symbol>
      <symbol id="sm-e9b">
         <name>vimParityCheck</name>
         <value>0x8e00</value>
         <object_component_ref idref="oc-87"/>
      </symbol>
      <symbol id="sm-e9c">
         <name>pbistIsTestCompleted</name>
         <value>0x85a8</value>
         <object_component_ref idref="oc-87"/>
      </symbol>
      <symbol id="sm-e9d">
         <name>disableParity</name>
         <value>0xa424</value>
         <object_component_ref idref="oc-87"/>
      </symbol>
      <symbol id="sm-e9e">
         <name>pbistRun</name>
         <value>0x84ac</value>
         <object_component_ref idref="oc-87"/>
      </symbol>
      <symbol id="sm-e9f">
         <name>pbistFail</name>
         <value>0x9d2c</value>
         <object_component_ref idref="oc-87"/>
      </symbol>
      <symbol id="sm-ea0">
         <name>selftestFailNotification</name>
         <value>0x8020</value>
         <object_component_ref idref="oc-87"/>
      </symbol>
      <symbol id="sm-ea1">
         <name>errata_PBIST_4</name>
         <value>0xa0b0</value>
         <object_component_ref idref="oc-87"/>
      </symbol>
      <symbol id="sm-ea2">
         <name>efcSelfTest</name>
         <value>0x8794</value>
         <object_component_ref idref="oc-87"/>
      </symbol>
      <symbol id="sm-ea3">
         <name>checkB1RAMECC</name>
         <value>0x8b28</value>
         <object_component_ref idref="oc-87"/>
      </symbol>
      <symbol id="sm-ea4">
         <name>pbistStop</name>
         <value>0x8578</value>
         <object_component_ref idref="oc-87"/>
      </symbol>
      <symbol id="sm-ea5">
         <name>checkRAMAddrParity</name>
         <value>0x999c</value>
         <object_component_ref idref="oc-87"/>
      </symbol>
      <symbol id="sm-ea6">
         <name>checkB0RAMECC</name>
         <value>0x8938</value>
         <object_component_ref idref="oc-87"/>
      </symbol>
      <symbol id="sm-ea7">
         <name>stcGetConfigValue</name>
         <value>0x9ef8</value>
         <object_component_ref idref="oc-87"/>
      </symbol>
      <symbol id="sm-ea8">
         <name>pbistIsTestPassed</name>
         <value>0x85d4</value>
         <object_component_ref idref="oc-87"/>
      </symbol>
      <symbol id="sm-ea9">
         <name>checkClockMonitor</name>
         <value>0x9604</value>
         <object_component_ref idref="oc-87"/>
      </symbol>
      <symbol id="sm-eaa">
         <name>fmcECCcheck</name>
         <value>0x8898</value>
         <object_component_ref idref="oc-87"/>
      </symbol>
      <symbol id="sm-eab">
         <name>fmcBus2Check</name>
         <value>0x885c</value>
         <object_component_ref idref="oc-87"/>
      </symbol>
      <symbol id="sm-eac">
         <name>checkRAMUERRTest</name>
         <value>0x9aa4</value>
         <object_component_ref idref="oc-87"/>
      </symbol>
      <symbol id="sm-ead">
         <name>efcStuckZeroTest</name>
         <value>0x86e8</value>
         <object_component_ref idref="oc-87"/>
      </symbol>
      <symbol id="sm-ed6">
         <name>_c_int00</name>
         <value>0x16a50</value>
         <object_component_ref idref="oc-1b"/>
      </symbol>
      <symbol id="sm-ed7">
         <name>handlePLLLockFail</name>
         <value>0x1976c</value>
         <object_component_ref idref="oc-7b"/>
      </symbol>
      <symbol id="sm-f6f">
         <name>vimChannelMap</name>
         <value>0x118e4</value>
         <object_component_ref idref="oc-45"/>
      </symbol>
      <symbol id="sm-f70">
         <name>vimInit</name>
         <value>0x11810</value>
         <object_component_ref idref="oc-45"/>
      </symbol>
      <symbol id="sm-f71">
         <name>vimEnableInterrupt</name>
         <value>0x11988</value>
         <object_component_ref idref="oc-45"/>
      </symbol>
      <symbol id="sm-f72">
         <name>vimDisableInterrupt</name>
         <value>0x11ae0</value>
         <object_component_ref idref="oc-45"/>
      </symbol>
      <symbol id="sm-f73">
         <name>vimGetConfigValue</name>
         <value>0x11b64</value>
         <object_component_ref idref="oc-45"/>
      </symbol>
      <symbol id="sm-f74">
         <name>vimParityErrorHandler</name>
         <value>0x165b0</value>
         <object_component_ref idref="oc-41"/>
      </symbol>
      <symbol id="sm-fc8">
         <name>systemGetConfigValue</name>
         <value>0xf394</value>
         <object_component_ref idref="oc-81"/>
      </symbol>
      <symbol id="sm-fc9">
         <name>trimLPO</name>
         <value>0xf0ac</value>
         <object_component_ref idref="oc-81"/>
      </symbol>
      <symbol id="sm-fca">
         <name>systemInit</name>
         <value>0xf298</value>
         <object_component_ref idref="oc-81"/>
      </symbol>
      <symbol id="sm-fcb">
         <name>customTrimLPO</name>
         <value>0xfa3c</value>
         <object_component_ref idref="oc-81"/>
      </symbol>
      <symbol id="sm-fcc">
         <name>tcmflashGetConfigValue</name>
         <value>0xf754</value>
         <object_component_ref idref="oc-81"/>
      </symbol>
      <symbol id="sm-fcd">
         <name>sramGetConfigValue</name>
         <value>0xf900</value>
         <object_component_ref idref="oc-81"/>
      </symbol>
      <symbol id="sm-fce">
         <name>periphInit</name>
         <value>0xf160</value>
         <object_component_ref idref="oc-81"/>
      </symbol>
      <symbol id="sm-fcf">
         <name>setupFlash</name>
         <value>0xf120</value>
         <object_component_ref idref="oc-81"/>
      </symbol>
      <symbol id="sm-fd0">
         <name>setupPLL</name>
         <value>0xf05c</value>
         <object_component_ref idref="oc-81"/>
      </symbol>
      <symbol id="sm-fd1">
         <name>mapClocks</name>
         <value>0xf1b4</value>
         <object_component_ref idref="oc-81"/>
      </symbol>
      <symbol id="sm-fd2">
         <name>systemPowerDown</name>
         <value>0xf364</value>
         <object_component_ref idref="oc-81"/>
      </symbol>
      <symbol id="sm-100e">
         <name>log</name>
         <value>0x14188</value>
         <object_component_ref idref="oc-331"/>
      </symbol>
      <symbol id="sm-100f">
         <name>logl</name>
         <value>0x14188</value>
         <object_component_ref idref="oc-331"/>
      </symbol>
      <symbol id="sm-1097">
         <name>pow</name>
         <value>0xcacc</value>
         <object_component_ref idref="oc-31b"/>
      </symbol>
      <symbol id="sm-1098">
         <name>powl</name>
         <value>0xcacc</value>
         <object_component_ref idref="oc-31b"/>
      </symbol>
      <symbol id="sm-10b7">
         <name>sqrtl</name>
         <value>0x16e80</value>
         <object_component_ref idref="oc-326"/>
      </symbol>
      <symbol id="sm-10b8">
         <name>sqrt</name>
         <value>0x16e80</value>
         <object_component_ref idref="oc-326"/>
      </symbol>
      <symbol id="sm-10d3">
         <name>floorl</name>
         <value>0x179f0</value>
         <object_component_ref idref="oc-2b4"/>
      </symbol>
      <symbol id="sm-10d4">
         <name>floor</name>
         <value>0x179f0</value>
         <object_component_ref idref="oc-2b4"/>
      </symbol>
      <symbol id="sm-10fa">
         <name>scalbn</name>
         <value>0x1803c</value>
         <object_component_ref idref="oc-4f3"/>
      </symbol>
      <symbol id="sm-10fb">
         <name>scalbnl</name>
         <value>0x1803c</value>
         <object_component_ref idref="oc-4f3"/>
      </symbol>
      <symbol id="sm-10fc">
         <name>ldexpl</name>
         <value>0x1803c</value>
         <object_component_ref idref="oc-4f3"/>
      </symbol>
      <symbol id="sm-10fd">
         <name>ldexp</name>
         <value>0x1803c</value>
         <object_component_ref idref="oc-4f3"/>
      </symbol>
      <symbol id="sm-1124">
         <name>sprintf</name>
         <value>0x19178</value>
         <object_component_ref idref="oc-16f"/>
      </symbol>
      <symbol id="sm-112e">
         <name>copysign</name>
         <value>0x19748</value>
         <object_component_ref idref="oc-61f"/>
      </symbol>
      <symbol id="sm-112f">
         <name>copysignl</name>
         <value>0x19748</value>
         <object_component_ref idref="oc-61f"/>
      </symbol>
      <symbol id="sm-113e">
         <name>__aeabi_memset</name>
         <value>0x18980</value>
         <object_component_ref idref="oc-eb"/>
      </symbol>
      <symbol id="sm-113f">
         <name>memset</name>
         <value>0x1898c</value>
         <object_component_ref idref="oc-eb"/>
      </symbol>
      <symbol id="sm-1140">
         <name>__aeabi_memset8</name>
         <value>0x18980</value>
         <object_component_ref idref="oc-eb"/>
      </symbol>
      <symbol id="sm-1141">
         <name>__aeabi_memset4</name>
         <value>0x18980</value>
         <object_component_ref idref="oc-eb"/>
      </symbol>
      <symbol id="sm-1142">
         <name>__aeabi_memclr8</name>
         <value>0x1897c</value>
         <object_component_ref idref="oc-eb"/>
      </symbol>
      <symbol id="sm-1143">
         <name>__aeabi_memclr4</name>
         <value>0x1897c</value>
         <object_component_ref idref="oc-eb"/>
      </symbol>
      <symbol id="sm-1144">
         <name>__aeabi_memclr</name>
         <value>0x1897c</value>
         <object_component_ref idref="oc-eb"/>
      </symbol>
      <symbol id="sm-1150">
         <name>__aeabi_uidivmod</name>
         <value>0x193a0</value>
         <object_component_ref idref="oc-281"/>
      </symbol>
      <symbol id="sm-1151">
         <name>__aeabi_uidiv</name>
         <value>0x193a0</value>
         <object_component_ref idref="oc-281"/>
      </symbol>
      <symbol id="sm-1168">
         <name>__aeabi_dsub</name>
         <value>0x16c6c</value>
         <object_component_ref idref="oc-2af"/>
      </symbol>
      <symbol id="sm-1169">
         <name>__aeabi_dadd</name>
         <value>0x16c78</value>
         <object_component_ref idref="oc-2af"/>
      </symbol>
      <symbol id="sm-118b">
         <name>__aeabi_cdcmpeq</name>
         <value>0x18540</value>
         <object_component_ref idref="oc-4ee"/>
      </symbol>
      <symbol id="sm-118c">
         <name>__aeabi_cdcmple</name>
         <value>0x18540</value>
         <object_component_ref idref="oc-4ee"/>
      </symbol>
      <symbol id="sm-118d">
         <name>__aeabi_cdrcmple</name>
         <value>0x18620</value>
         <object_component_ref idref="oc-4a1"/>
      </symbol>
      <symbol id="sm-11a1">
         <name>__aeabi_ddiv</name>
         <value>0x1757c</value>
         <object_component_ref idref="oc-28b"/>
      </symbol>
      <symbol id="sm-11ac">
         <name>__aeabi_dmul</name>
         <value>0x17f14</value>
         <object_component_ref idref="oc-286"/>
      </symbol>
      <symbol id="sm-11b6">
         <name>__aeabi_d2iz</name>
         <value>0x1923c</value>
         <object_component_ref idref="oc-341"/>
      </symbol>
      <symbol id="sm-11c2">
         <name>__aeabi_d2f</name>
         <value>0x18ad4</value>
         <object_component_ref idref="oc-321"/>
      </symbol>
      <symbol id="sm-11cc">
         <name>__aeabi_d2uiz</name>
         <value>0x192f4</value>
         <object_component_ref idref="oc-290"/>
      </symbol>
      <symbol id="sm-11dd">
         <name>__aeabi_fadd</name>
         <value>0x17de4</value>
         <object_component_ref idref="oc-181"/>
      </symbol>
      <symbol id="sm-11de">
         <name>__aeabi_fsub</name>
         <value>0x17de0</value>
         <object_component_ref idref="oc-181"/>
      </symbol>
      <symbol id="sm-11f6">
         <name>__aeabi_cfrcmple</name>
         <value>0x18db8</value>
         <object_component_ref idref="oc-186"/>
      </symbol>
      <symbol id="sm-11f7">
         <name>__aeabi_cfcmpeq</name>
         <value>0x18d30</value>
         <object_component_ref idref="oc-18b"/>
      </symbol>
      <symbol id="sm-11f8">
         <name>__aeabi_cfcmple</name>
         <value>0x18d30</value>
         <object_component_ref idref="oc-18b"/>
      </symbol>
      <symbol id="sm-1205">
         <name>__aeabi_fdiv</name>
         <value>0x187e0</value>
         <object_component_ref idref="oc-311"/>
      </symbol>
      <symbol id="sm-120f">
         <name>__aeabi_fmul</name>
         <value>0x18a2c</value>
         <object_component_ref idref="oc-32c"/>
      </symbol>
      <symbol id="sm-121a">
         <name>__aeabi_f2d</name>
         <value>0x19298</value>
         <object_component_ref idref="oc-316"/>
      </symbol>
      <symbol id="sm-1224">
         <name>__aeabi_f2iz</name>
         <value>0x193f0</value>
         <object_component_ref idref="oc-337"/>
      </symbol>
      <symbol id="sm-122f">
         <name>__aeabi_f2uiz</name>
         <value>0x1943c</value>
         <object_component_ref idref="oc-3c0"/>
      </symbol>
      <symbol id="sm-1239">
         <name>__aeabi_i2d</name>
         <value>0x19564</value>
         <object_component_ref idref="oc-33c"/>
      </symbol>
      <symbol id="sm-1244">
         <name>__aeabi_i2f</name>
         <value>0x19488</value>
         <object_component_ref idref="oc-300"/>
      </symbol>
      <symbol id="sm-124f">
         <name>__aeabi_l2f</name>
         <value>0x191dc</value>
         <object_component_ref idref="oc-3ca"/>
      </symbol>
      <symbol id="sm-1268">
         <name>memcpy</name>
         <value>0x1770c</value>
         <object_component_ref idref="oc-58"/>
      </symbol>
      <symbol id="sm-1269">
         <name>__aeabi_memcpy</name>
         <value>0x1770c</value>
         <object_component_ref idref="oc-58"/>
      </symbol>
      <symbol id="sm-126a">
         <name>__aeabi_memcpy8</name>
         <value>0x1770c</value>
         <object_component_ref idref="oc-58"/>
      </symbol>
      <symbol id="sm-126b">
         <name>__aeabi_memcpy4</name>
         <value>0x1770c</value>
         <object_component_ref idref="oc-58"/>
      </symbol>
      <symbol id="sm-1275">
         <name>__aeabi_ui2d</name>
         <value>0x195a0</value>
         <object_component_ref idref="oc-295"/>
      </symbol>
      <symbol id="sm-1283">
         <name>__aeabi_ldivmod</name>
         <value>0x18c08</value>
         <object_component_ref idref="oc-3c5"/>
      </symbol>
      <symbol id="sm-129f">
         <name>__aeabi_uldivmod</name>
         <value>0x16080</value>
         <object_component_ref idref="oc-589"/>
      </symbol>
      <symbol id="sm-12c7">
         <name>__TI_auto_init_nobinit_nopinit</name>
         <value>0x19044</value>
         <object_component_ref idref="oc-10f"/>
      </symbol>
      <symbol id="sm-12da">
         <name>__TI_zero_init</name>
         <value>0x1972c</value>
         <object_component_ref idref="oc-6a"/>
      </symbol>
      <symbol id="sm-12f1">
         <name>__TI_decompress_none</name>
         <value>0x19718</value>
         <object_component_ref idref="oc-14"/>
      </symbol>
      <symbol id="sm-1314">
         <name>__TI_decompress_lzss</name>
         <value>0x18ca0</value>
         <object_component_ref idref="oc-e"/>
      </symbol>
      <symbol id="sm-131f">
         <name>C$$EXIT</name>
         <value>0x19754</value>
         <object_component_ref idref="oc-1c4"/>
      </symbol>
      <symbol id="sm-1320">
         <name>abort</name>
         <value>0x19754</value>
         <object_component_ref idref="oc-1c4"/>
      </symbol>
      <symbol id="sm-132e">
         <name>atof</name>
         <value>0x1975c</value>
         <object_component_ref idref="oc-3f7"/>
      </symbol>
      <symbol id="sm-133d">
         <name>strcat</name>
         <value>0x19630</value>
         <object_component_ref idref="oc-305"/>
      </symbol>
      <symbol id="sm-134b">
         <name>strcmp</name>
         <value>0x19680</value>
         <object_component_ref idref="oc-3f1"/>
      </symbol>
      <symbol id="sm-1359">
         <name>strcpy</name>
         <value>0x196ec</value>
         <object_component_ref idref="oc-30b"/>
      </symbol>
      <symbol id="sm-1367">
         <name>strlen</name>
         <value>0x196cc</value>
         <object_component_ref idref="oc-2f8"/>
      </symbol>
      <symbol id="sm-13c3">
         <name>strtold</name>
         <value>0x13528</value>
         <object_component_ref idref="oc-5b8"/>
      </symbol>
      <symbol id="sm-13c4">
         <name>strtod</name>
         <value>0x13528</value>
         <object_component_ref idref="oc-5b8"/>
      </symbol>
      <symbol id="sm-13db">
         <name>strtok</name>
         <value>0x190ac</value>
         <object_component_ref idref="oc-3eb"/>
      </symbol>
      <symbol id="sm-13f1">
         <name>__aeabi_errno_addr</name>
         <value>0x1973c</value>
         <object_component_ref idref="oc-4e8"/>
      </symbol>
      <symbol id="sm-13f2">
         <name>errno</name>
         <value>0x8003380</value>
         <object_component_ref idref="oc-619"/>
      </symbol>
      <symbol id="sm-1544">
         <name>__TI_printfi</name>
         <value>0xbab4</value>
         <object_component_ref idref="oc-3a6"/>
      </symbol>
      <symbol id="sm-154e">
         <name>__aeabi_idiv0</name>
         <value>0x19768</value>
         <object_component_ref idref="oc-48c"/>
      </symbol>
      <symbol id="sm-154f">
         <name>__aeabi_ldiv0</name>
         <value>0x19768</value>
         <object_component_ref idref="oc-48c"/>
      </symbol>
      <symbol id="sm-1562">
         <name>atoi</name>
         <value>0x18ec4</value>
         <object_component_ref idref="oc-548"/>
      </symbol>
      <symbol id="sm-156d">
         <name>_ctypes_</name>
         <value>0x19c90</value>
         <object_component_ref idref="oc-636"/>
      </symbol>
      <symbol id="sm-157b">
         <name>ltoa</name>
         <value>0x18f48</value>
         <object_component_ref idref="oc-63c"/>
      </symbol>
      <symbol id="sm-158a">
         <name>memccpy</name>
         <value>0x19604</value>
         <object_component_ref idref="oc-56c"/>
      </symbol>
      <symbol id="sm-1598">
         <name>strchr</name>
         <value>0x19658</value>
         <object_component_ref idref="oc-663"/>
      </symbol>
      <symbol id="sm-15a9">
         <name>strcspn</name>
         <value>0x19520</value>
         <object_component_ref idref="oc-5ab"/>
      </symbol>
      <symbol id="sm-15ba">
         <name>strspn</name>
         <value>0x194d4</value>
         <object_component_ref idref="oc-5a5"/>
      </symbol>
      <symbol id="sm-15d2">
         <name>wcslen</name>
         <value>0x196a8</value>
         <object_component_ref idref="oc-572"/>
      </symbol>
      <symbol id="sm-15e5">
         <name>frexpl</name>
         <value>0x18fc8</value>
         <object_component_ref idref="oc-65d"/>
      </symbol>
      <symbol id="sm-15e6">
         <name>frexp</name>
         <value>0x18fc8</value>
         <object_component_ref idref="oc-65d"/>
      </symbol>
      <symbol id="sm-15f2">
         <name>__aeabi_idivmod</name>
         <value>0x1934c</value>
         <object_component_ref idref="oc-6af"/>
      </symbol>
      <symbol id="sm-15f3">
         <name>__aeabi_idiv</name>
         <value>0x1934c</value>
         <object_component_ref idref="oc-6af"/>
      </symbol>
      <symbol id="sm-15f4">
         <name>__TI_static_base__</name>
         <value>0x0</value>
      </symbol>
      <symbol id="sm-15f8">
         <name>SHT$$INIT_ARRAY$$Base</name>
         <value>0x0</value>
      </symbol>
      <symbol id="sm-15f9">
         <name>SHT$$INIT_ARRAY$$Limit</name>
         <value>0x0</value>
      </symbol>
      <symbol id="sm-15fa">
         <name>_system_post_cinit</name>
         <value>0x0</value>
      </symbol>
   </symbol_table>
   <title>Link successful</title>
</link_info>
