<?xml version="1.0" encoding="ISO-8859-1" ?>
<link_info>
   <banner>TI ARM Linker PC v18.12.4.LTS</banner>
   <copyright>Copyright (c) 1996-2018 Texas Instruments Incorporated</copyright>
   <link_time>0x60cb2b34</link_time>
   <link_errors>0x0</link_errors>
   <output_file>CC_2021_04x_v2.out</output_file>
   <entry_point>
      <name>_c_int00</name>
      <address>0x2264c</address>
   </entry_point>
   <input_file_list>
      <input_file id="fl-2">
         <path>.\SDCard\</path>
         <kind>object</kind>
         <file>Load_bmp.obj</file>
         <name>Load_bmp.obj</name>
      </input_file>
      <input_file id="fl-3">
         <path>.\SDCard\</path>
         <kind>object</kind>
         <file>cmdline.obj</file>
         <name>cmdline.obj</name>
      </input_file>
      <input_file id="fl-4">
         <path>.\SDCard\</path>
         <kind>object</kind>
         <file>sd_card.obj</file>
         <name>sd_card.obj</name>
      </input_file>
      <input_file id="fl-5">
         <path>.\SDCard\</path>
         <kind>object</kind>
         <file>uartstdio.obj</file>
         <name>uartstdio.obj</name>
      </input_file>
      <input_file id="fl-6">
         <path>.\fatfs\port\</path>
         <kind>object</kind>
         <file>mmc-hercules.obj</file>
         <name>mmc-hercules.obj</name>
      </input_file>
      <input_file id="fl-7">
         <path>.\fatfs\src\</path>
         <kind>object</kind>
         <file>ff.obj</file>
         <name>ff.obj</name>
      </input_file>
      <input_file id="fl-8">
         <path>.\source\KaanSat_Lib\</path>
         <kind>object</kind>
         <file>BMP280.obj</file>
         <name>BMP280.obj</name>
      </input_file>
      <input_file id="fl-9">
         <path>.\source\KaanSat_Lib\</path>
         <kind>object</kind>
         <file>CameraControl.obj</file>
         <name>CameraControl.obj</name>
      </input_file>
      <input_file id="fl-a">
         <path>.\source\KaanSat_Lib\</path>
         <kind>object</kind>
         <file>Commands.obj</file>
         <name>Commands.obj</name>
      </input_file>
      <input_file id="fl-b">
         <path>.\source\KaanSat_Lib\</path>
         <kind>object</kind>
         <file>Encoder.obj</file>
         <name>Encoder.obj</name>
      </input_file>
      <input_file id="fl-c">
         <path>.\source\KaanSat_Lib\</path>
         <kind>object</kind>
         <file>MPU9250.obj</file>
         <name>MPU9250.obj</name>
      </input_file>
      <input_file id="fl-d">
         <path>.\source\KaanSat_Lib\</path>
         <kind>object</kind>
         <file>PWM.obj</file>
         <name>PWM.obj</name>
      </input_file>
      <input_file id="fl-e">
         <path>.\source\KaanSat_Lib\</path>
         <kind>object</kind>
         <file>Utilities.obj</file>
         <name>Utilities.obj</name>
      </input_file>
      <input_file id="fl-f">
         <path>.\source\KaanSat_Lib\</path>
         <kind>object</kind>
         <file>allADC.obj</file>
         <name>allADC.obj</name>
      </input_file>
      <input_file id="fl-10">
         <path>.\source\KaanSat_Lib\</path>
         <kind>object</kind>
         <file>microSD.obj</file>
         <name>microSD.obj</name>
      </input_file>
      <input_file id="fl-11">
         <path>.\source\</path>
         <kind>object</kind>
         <file>adc.obj</file>
         <name>adc.obj</name>
      </input_file>
      <input_file id="fl-12">
         <path>.\source\</path>
         <kind>object</kind>
         <file>dabort.obj</file>
         <name>dabort.obj</name>
      </input_file>
      <input_file id="fl-13">
         <path>.\source\</path>
         <kind>object</kind>
         <file>errata_SSWF021_45.obj</file>
         <name>errata_SSWF021_45.obj</name>
      </input_file>
      <input_file id="fl-14">
         <path>.\source\</path>
         <kind>object</kind>
         <file>esm.obj</file>
         <name>esm.obj</name>
      </input_file>
      <input_file id="fl-15">
         <path>.\source\</path>
         <kind>object</kind>
         <file>gio.obj</file>
         <name>gio.obj</name>
      </input_file>
      <input_file id="fl-16">
         <path>.\source\</path>
         <kind>object</kind>
         <file>het.obj</file>
         <name>het.obj</name>
      </input_file>
      <input_file id="fl-17">
         <path>.\source\</path>
         <kind>object</kind>
         <file>notification.obj</file>
         <name>notification.obj</name>
      </input_file>
      <input_file id="fl-18">
         <path>.\source\</path>
         <kind>object</kind>
         <file>os_croutine.obj</file>
         <name>os_croutine.obj</name>
      </input_file>
      <input_file id="fl-19">
         <path>.\source\</path>
         <kind>object</kind>
         <file>os_event_groups.obj</file>
         <name>os_event_groups.obj</name>
      </input_file>
      <input_file id="fl-1a">
         <path>.\source\</path>
         <kind>object</kind>
         <file>os_heap.obj</file>
         <name>os_heap.obj</name>
      </input_file>
      <input_file id="fl-1b">
         <path>.\source\</path>
         <kind>object</kind>
         <file>os_list.obj</file>
         <name>os_list.obj</name>
      </input_file>
      <input_file id="fl-1c">
         <path>.\source\</path>
         <kind>object</kind>
         <file>os_mpu_wrappers.obj</file>
         <name>os_mpu_wrappers.obj</name>
      </input_file>
      <input_file id="fl-1d">
         <path>.\source\</path>
         <kind>object</kind>
         <file>os_port.obj</file>
         <name>os_port.obj</name>
      </input_file>
      <input_file id="fl-1e">
         <path>.\source\</path>
         <kind>object</kind>
         <file>os_portasm.obj</file>
         <name>os_portasm.obj</name>
      </input_file>
      <input_file id="fl-1f">
         <path>.\source\</path>
         <kind>object</kind>
         <file>os_queue.obj</file>
         <name>os_queue.obj</name>
      </input_file>
      <input_file id="fl-20">
         <path>.\source\</path>
         <kind>object</kind>
         <file>os_tasks.obj</file>
         <name>os_tasks.obj</name>
      </input_file>
      <input_file id="fl-21">
         <path>.\source\</path>
         <kind>object</kind>
         <file>os_timer.obj</file>
         <name>os_timer.obj</name>
      </input_file>
      <input_file id="fl-22">
         <path>.\source\</path>
         <kind>object</kind>
         <file>pinmux.obj</file>
         <name>pinmux.obj</name>
      </input_file>
      <input_file id="fl-23">
         <path>.\source\</path>
         <kind>object</kind>
         <file>sci.obj</file>
         <name>sci.obj</name>
      </input_file>
      <input_file id="fl-24">
         <path>.\source\</path>
         <kind>object</kind>
         <file>spi.obj</file>
         <name>spi.obj</name>
      </input_file>
      <input_file id="fl-25">
         <path>.\source\</path>
         <kind>object</kind>
         <file>sys_core.obj</file>
         <name>sys_core.obj</name>
      </input_file>
      <input_file id="fl-26">
         <path>.\source\</path>
         <kind>object</kind>
         <file>sys_intvecs.obj</file>
         <name>sys_intvecs.obj</name>
      </input_file>
      <input_file id="fl-27">
         <path>.\source\</path>
         <kind>object</kind>
         <file>sys_main.obj</file>
         <name>sys_main.obj</name>
      </input_file>
      <input_file id="fl-28">
         <path>.\source\</path>
         <kind>object</kind>
         <file>sys_mpu.obj</file>
         <name>sys_mpu.obj</name>
      </input_file>
      <input_file id="fl-29">
         <path>.\source\</path>
         <kind>object</kind>
         <file>sys_pcr.obj</file>
         <name>sys_pcr.obj</name>
      </input_file>
      <input_file id="fl-2a">
         <path>.\source\</path>
         <kind>object</kind>
         <file>sys_phantom.obj</file>
         <name>sys_phantom.obj</name>
      </input_file>
      <input_file id="fl-2b">
         <path>.\source\</path>
         <kind>object</kind>
         <file>sys_pmu.obj</file>
         <name>sys_pmu.obj</name>
      </input_file>
      <input_file id="fl-2c">
         <path>.\source\</path>
         <kind>object</kind>
         <file>sys_selftest.obj</file>
         <name>sys_selftest.obj</name>
      </input_file>
      <input_file id="fl-2d">
         <path>.\source\</path>
         <kind>object</kind>
         <file>sys_startup.obj</file>
         <name>sys_startup.obj</name>
      </input_file>
      <input_file id="fl-2e">
         <path>.\source\</path>
         <kind>object</kind>
         <file>sys_vim.obj</file>
         <name>sys_vim.obj</name>
      </input_file>
      <input_file id="fl-2f">
         <path>.\source\</path>
         <kind>object</kind>
         <file>system.obj</file>
         <name>system.obj</name>
      </input_file>
      <input_file id="fl-33">
         <kind>object</kind>
         <file>&lt;internal&gt;</file>
         <name>&lt;internal&gt;</name>
      </input_file>
      <input_file id="fl-e9">
         <path>C:\ti\ccs930\ccs\tools\compiler\ti-cgt-arm_18.12.4.LTS\lib\</path>
         <kind>archive</kind>
         <file>rtsv7R4_A_be_eabi.lib</file>
         <name>e_atan2.c.obj</name>
      </input_file>
      <input_file id="fl-ea">
         <path>C:\ti\ccs930\ccs\tools\compiler\ti-cgt-arm_18.12.4.LTS\lib\</path>
         <kind>archive</kind>
         <file>rtsv7R4_A_be_eabi.lib</file>
         <name>e_log.c.obj</name>
      </input_file>
      <input_file id="fl-eb">
         <path>C:\ti\ccs930\ccs\tools\compiler\ti-cgt-arm_18.12.4.LTS\lib\</path>
         <kind>archive</kind>
         <file>rtsv7R4_A_be_eabi.lib</file>
         <name>e_pow.c.obj</name>
      </input_file>
      <input_file id="fl-ec">
         <path>C:\ti\ccs930\ccs\tools\compiler\ti-cgt-arm_18.12.4.LTS\lib\</path>
         <kind>archive</kind>
         <file>rtsv7R4_A_be_eabi.lib</file>
         <name>e_sqrt.c.obj</name>
      </input_file>
      <input_file id="fl-ed">
         <path>C:\ti\ccs930\ccs\tools\compiler\ti-cgt-arm_18.12.4.LTS\lib\</path>
         <kind>archive</kind>
         <file>rtsv7R4_A_be_eabi.lib</file>
         <name>s_atan.c.obj</name>
      </input_file>
      <input_file id="fl-ee">
         <path>C:\ti\ccs930\ccs\tools\compiler\ti-cgt-arm_18.12.4.LTS\lib\</path>
         <kind>archive</kind>
         <file>rtsv7R4_A_be_eabi.lib</file>
         <name>s_cos.c.obj</name>
      </input_file>
      <input_file id="fl-ef">
         <path>C:\ti\ccs930\ccs\tools\compiler\ti-cgt-arm_18.12.4.LTS\lib\</path>
         <kind>archive</kind>
         <file>rtsv7R4_A_be_eabi.lib</file>
         <name>s_floor.c.obj</name>
      </input_file>
      <input_file id="fl-f0">
         <path>C:\ti\ccs930\ccs\tools\compiler\ti-cgt-arm_18.12.4.LTS\lib\</path>
         <kind>archive</kind>
         <file>rtsv7R4_A_be_eabi.lib</file>
         <name>s_scalbn.c.obj</name>
      </input_file>
      <input_file id="fl-f1">
         <path>C:\ti\ccs930\ccs\tools\compiler\ti-cgt-arm_18.12.4.LTS\lib\</path>
         <kind>archive</kind>
         <file>rtsv7R4_A_be_eabi.lib</file>
         <name>s_sin.c.obj</name>
      </input_file>
      <input_file id="fl-f2">
         <path>C:\ti\ccs930\ccs\tools\compiler\ti-cgt-arm_18.12.4.LTS\lib\</path>
         <kind>archive</kind>
         <file>rtsv7R4_A_be_eabi.lib</file>
         <name>sprintf.c.obj</name>
      </input_file>
      <input_file id="fl-f3">
         <path>C:\ti\ccs930\ccs\tools\compiler\ti-cgt-arm_18.12.4.LTS\lib\</path>
         <kind>archive</kind>
         <file>rtsv7R4_A_be_eabi.lib</file>
         <name>s_copysign.c.obj</name>
      </input_file>
      <input_file id="fl-f4">
         <path>C:\ti\ccs930\ccs\tools\compiler\ti-cgt-arm_18.12.4.LTS\lib\</path>
         <kind>archive</kind>
         <file>rtsv7R4_A_be_eabi.lib</file>
         <name>memset32.asm.obj</name>
      </input_file>
      <input_file id="fl-f5">
         <path>C:\ti\ccs930\ccs\tools\compiler\ti-cgt-arm_18.12.4.LTS\lib\</path>
         <kind>archive</kind>
         <file>rtsv7R4_A_be_eabi.lib</file>
         <name>i_div32.asm.obj</name>
      </input_file>
      <input_file id="fl-f6">
         <path>C:\ti\ccs930\ccs\tools\compiler\ti-cgt-arm_18.12.4.LTS\lib\</path>
         <kind>archive</kind>
         <file>rtsv7R4_A_be_eabi.lib</file>
         <name>u_div32.asm.obj</name>
      </input_file>
      <input_file id="fl-f7">
         <path>C:\ti\ccs930\ccs\tools\compiler\ti-cgt-arm_18.12.4.LTS\lib\</path>
         <kind>archive</kind>
         <file>rtsv7R4_A_be_eabi.lib</file>
         <name>fd_add32.asm.obj</name>
      </input_file>
      <input_file id="fl-f8">
         <path>C:\ti\ccs930\ccs\tools\compiler\ti-cgt-arm_18.12.4.LTS\lib\</path>
         <kind>archive</kind>
         <file>rtsv7R4_A_be_eabi.lib</file>
         <name>fd_cmp32.asm.obj</name>
      </input_file>
      <input_file id="fl-f9">
         <path>C:\ti\ccs930\ccs\tools\compiler\ti-cgt-arm_18.12.4.LTS\lib\</path>
         <kind>archive</kind>
         <file>rtsv7R4_A_be_eabi.lib</file>
         <name>fd_div32.asm.obj</name>
      </input_file>
      <input_file id="fl-fa">
         <path>C:\ti\ccs930\ccs\tools\compiler\ti-cgt-arm_18.12.4.LTS\lib\</path>
         <kind>archive</kind>
         <file>rtsv7R4_A_be_eabi.lib</file>
         <name>fd_mul32.asm.obj</name>
      </input_file>
      <input_file id="fl-fb">
         <path>C:\ti\ccs930\ccs\tools\compiler\ti-cgt-arm_18.12.4.LTS\lib\</path>
         <kind>archive</kind>
         <file>rtsv7R4_A_be_eabi.lib</file>
         <name>fd_toi32.asm.obj</name>
      </input_file>
      <input_file id="fl-fc">
         <path>C:\ti\ccs930\ccs\tools\compiler\ti-cgt-arm_18.12.4.LTS\lib\</path>
         <kind>archive</kind>
         <file>rtsv7R4_A_be_eabi.lib</file>
         <name>fd_tos32.asm.obj</name>
      </input_file>
      <input_file id="fl-fd">
         <path>C:\ti\ccs930\ccs\tools\compiler\ti-cgt-arm_18.12.4.LTS\lib\</path>
         <kind>archive</kind>
         <file>rtsv7R4_A_be_eabi.lib</file>
         <name>fd_tou32.asm.obj</name>
      </input_file>
      <input_file id="fl-fe">
         <path>C:\ti\ccs930\ccs\tools\compiler\ti-cgt-arm_18.12.4.LTS\lib\</path>
         <kind>archive</kind>
         <file>rtsv7R4_A_be_eabi.lib</file>
         <name>fs_add32.asm.obj</name>
      </input_file>
      <input_file id="fl-ff">
         <path>C:\ti\ccs930\ccs\tools\compiler\ti-cgt-arm_18.12.4.LTS\lib\</path>
         <kind>archive</kind>
         <file>rtsv7R4_A_be_eabi.lib</file>
         <name>fs_cmp32.asm.obj</name>
      </input_file>
      <input_file id="fl-100">
         <path>C:\ti\ccs930\ccs\tools\compiler\ti-cgt-arm_18.12.4.LTS\lib\</path>
         <kind>archive</kind>
         <file>rtsv7R4_A_be_eabi.lib</file>
         <name>fs_div32.asm.obj</name>
      </input_file>
      <input_file id="fl-101">
         <path>C:\ti\ccs930\ccs\tools\compiler\ti-cgt-arm_18.12.4.LTS\lib\</path>
         <kind>archive</kind>
         <file>rtsv7R4_A_be_eabi.lib</file>
         <name>fs_mul32.asm.obj</name>
      </input_file>
      <input_file id="fl-102">
         <path>C:\ti\ccs930\ccs\tools\compiler\ti-cgt-arm_18.12.4.LTS\lib\</path>
         <kind>archive</kind>
         <file>rtsv7R4_A_be_eabi.lib</file>
         <name>fs_tod32.asm.obj</name>
      </input_file>
      <input_file id="fl-103">
         <path>C:\ti\ccs930\ccs\tools\compiler\ti-cgt-arm_18.12.4.LTS\lib\</path>
         <kind>archive</kind>
         <file>rtsv7R4_A_be_eabi.lib</file>
         <name>fs_toi32.asm.obj</name>
      </input_file>
      <input_file id="fl-104">
         <path>C:\ti\ccs930\ccs\tools\compiler\ti-cgt-arm_18.12.4.LTS\lib\</path>
         <kind>archive</kind>
         <file>rtsv7R4_A_be_eabi.lib</file>
         <name>fs_tou32.asm.obj</name>
      </input_file>
      <input_file id="fl-105">
         <path>C:\ti\ccs930\ccs\tools\compiler\ti-cgt-arm_18.12.4.LTS\lib\</path>
         <kind>archive</kind>
         <file>rtsv7R4_A_be_eabi.lib</file>
         <name>i_tofd32.asm.obj</name>
      </input_file>
      <input_file id="fl-106">
         <path>C:\ti\ccs930\ccs\tools\compiler\ti-cgt-arm_18.12.4.LTS\lib\</path>
         <kind>archive</kind>
         <file>rtsv7R4_A_be_eabi.lib</file>
         <name>i_tofs32.asm.obj</name>
      </input_file>
      <input_file id="fl-107">
         <path>C:\ti\ccs930\ccs\tools\compiler\ti-cgt-arm_18.12.4.LTS\lib\</path>
         <kind>archive</kind>
         <file>rtsv7R4_A_be_eabi.lib</file>
         <name>ll_tofs32.asm.obj</name>
      </input_file>
      <input_file id="fl-108">
         <path>C:\ti\ccs930\ccs\tools\compiler\ti-cgt-arm_18.12.4.LTS\lib\</path>
         <kind>archive</kind>
         <file>rtsv7R4_A_be_eabi.lib</file>
         <name>memcpy32.asm.obj</name>
      </input_file>
      <input_file id="fl-109">
         <path>C:\ti\ccs930\ccs\tools\compiler\ti-cgt-arm_18.12.4.LTS\lib\</path>
         <kind>archive</kind>
         <file>rtsv7R4_A_be_eabi.lib</file>
         <name>u_tofd32.asm.obj</name>
      </input_file>
      <input_file id="fl-10a">
         <path>C:\ti\ccs930\ccs\tools\compiler\ti-cgt-arm_18.12.4.LTS\lib\</path>
         <kind>archive</kind>
         <file>rtsv7R4_A_be_eabi.lib</file>
         <name>u_tofs32.asm.obj</name>
      </input_file>
      <input_file id="fl-10b">
         <path>C:\ti\ccs930\ccs\tools\compiler\ti-cgt-arm_18.12.4.LTS\lib\</path>
         <kind>archive</kind>
         <file>rtsv7R4_A_be_eabi.lib</file>
         <name>ll_div32.asm.obj</name>
      </input_file>
      <input_file id="fl-10c">
         <path>C:\ti\ccs930\ccs\tools\compiler\ti-cgt-arm_18.12.4.LTS\lib\</path>
         <kind>archive</kind>
         <file>rtsv7R4_A_be_eabi.lib</file>
         <name>ull_div32.asm.obj</name>
      </input_file>
      <input_file id="fl-10d">
         <path>C:\ti\ccs930\ccs\tools\compiler\ti-cgt-arm_18.12.4.LTS\lib\</path>
         <kind>archive</kind>
         <file>rtsv7R4_A_be_eabi.lib</file>
         <name>autoinit.c.obj</name>
      </input_file>
      <input_file id="fl-10e">
         <path>C:\ti\ccs930\ccs\tools\compiler\ti-cgt-arm_18.12.4.LTS\lib\</path>
         <kind>archive</kind>
         <file>rtsv7R4_A_be_eabi.lib</file>
         <name>cpy_tbl.c.obj</name>
      </input_file>
      <input_file id="fl-10f">
         <path>C:\ti\ccs930\ccs\tools\compiler\ti-cgt-arm_18.12.4.LTS\lib\</path>
         <kind>archive</kind>
         <file>rtsv7R4_A_be_eabi.lib</file>
         <name>copy_zero_init.c.obj</name>
      </input_file>
      <input_file id="fl-110">
         <path>C:\ti\ccs930\ccs\tools\compiler\ti-cgt-arm_18.12.4.LTS\lib\</path>
         <kind>archive</kind>
         <file>rtsv7R4_A_be_eabi.lib</file>
         <name>copy_decompress_none.c.obj</name>
      </input_file>
      <input_file id="fl-111">
         <path>C:\ti\ccs930\ccs\tools\compiler\ti-cgt-arm_18.12.4.LTS\lib\</path>
         <kind>archive</kind>
         <file>rtsv7R4_A_be_eabi.lib</file>
         <name>copy_decompress_lzss.c.obj</name>
      </input_file>
      <input_file id="fl-112">
         <path>C:\ti\ccs930\ccs\tools\compiler\ti-cgt-arm_18.12.4.LTS\lib\</path>
         <kind>archive</kind>
         <file>rtsv7R4_A_be_eabi.lib</file>
         <name>k_rem_pio2.c.obj</name>
      </input_file>
      <input_file id="fl-113">
         <path>C:\ti\ccs930\ccs\tools\compiler\ti-cgt-arm_18.12.4.LTS\lib\</path>
         <kind>archive</kind>
         <file>rtsv7R4_A_be_eabi.lib</file>
         <name>exit.c.obj</name>
      </input_file>
      <input_file id="fl-114">
         <path>C:\ti\ccs930\ccs\tools\compiler\ti-cgt-arm_18.12.4.LTS\lib\</path>
         <kind>archive</kind>
         <file>rtsv7R4_A_be_eabi.lib</file>
         <name>_lock.c.obj</name>
      </input_file>
      <input_file id="fl-115">
         <path>C:\ti\ccs930\ccs\tools\compiler\ti-cgt-arm_18.12.4.LTS\lib\</path>
         <kind>archive</kind>
         <file>rtsv7R4_A_be_eabi.lib</file>
         <name>assert.c.obj</name>
      </input_file>
      <input_file id="fl-116">
         <path>C:\ti\ccs930\ccs\tools\compiler\ti-cgt-arm_18.12.4.LTS\lib\</path>
         <kind>archive</kind>
         <file>rtsv7R4_A_be_eabi.lib</file>
         <name>atof.c.obj</name>
      </input_file>
      <input_file id="fl-117">
         <path>C:\ti\ccs930\ccs\tools\compiler\ti-cgt-arm_18.12.4.LTS\lib\</path>
         <kind>archive</kind>
         <file>rtsv7R4_A_be_eabi.lib</file>
         <name>defs.c.obj</name>
      </input_file>
      <input_file id="fl-118">
         <path>C:\ti\ccs930\ccs\tools\compiler\ti-cgt-arm_18.12.4.LTS\lib\</path>
         <kind>archive</kind>
         <file>rtsv7R4_A_be_eabi.lib</file>
         <name>rand.c.obj</name>
      </input_file>
      <input_file id="fl-119">
         <path>C:\ti\ccs930\ccs\tools\compiler\ti-cgt-arm_18.12.4.LTS\lib\</path>
         <kind>archive</kind>
         <file>rtsv7R4_A_be_eabi.lib</file>
         <name>strcat.c.obj</name>
      </input_file>
      <input_file id="fl-11a">
         <path>C:\ti\ccs930\ccs\tools\compiler\ti-cgt-arm_18.12.4.LTS\lib\</path>
         <kind>archive</kind>
         <file>rtsv7R4_A_be_eabi.lib</file>
         <name>strcmp.c.obj</name>
      </input_file>
      <input_file id="fl-11b">
         <path>C:\ti\ccs930\ccs\tools\compiler\ti-cgt-arm_18.12.4.LTS\lib\</path>
         <kind>archive</kind>
         <file>rtsv7R4_A_be_eabi.lib</file>
         <name>strcpy.c.obj</name>
      </input_file>
      <input_file id="fl-11c">
         <path>C:\ti\ccs930\ccs\tools\compiler\ti-cgt-arm_18.12.4.LTS\lib\</path>
         <kind>archive</kind>
         <file>rtsv7R4_A_be_eabi.lib</file>
         <name>strlen.c.obj</name>
      </input_file>
      <input_file id="fl-11d">
         <path>C:\ti\ccs930\ccs\tools\compiler\ti-cgt-arm_18.12.4.LTS\lib\</path>
         <kind>archive</kind>
         <file>rtsv7R4_A_be_eabi.lib</file>
         <name>strncpy.c.obj</name>
      </input_file>
      <input_file id="fl-11e">
         <path>C:\ti\ccs930\ccs\tools\compiler\ti-cgt-arm_18.12.4.LTS\lib\</path>
         <kind>archive</kind>
         <file>rtsv7R4_A_be_eabi.lib</file>
         <name>strtod.c.obj</name>
      </input_file>
      <input_file id="fl-11f">
         <path>C:\ti\ccs930\ccs\tools\compiler\ti-cgt-arm_18.12.4.LTS\lib\</path>
         <kind>archive</kind>
         <file>rtsv7R4_A_be_eabi.lib</file>
         <name>strtok.c.obj</name>
      </input_file>
      <input_file id="fl-120">
         <path>C:\ti\ccs930\ccs\tools\compiler\ti-cgt-arm_18.12.4.LTS\lib\</path>
         <kind>archive</kind>
         <file>rtsv7R4_A_be_eabi.lib</file>
         <name>errno.c.obj</name>
      </input_file>
      <input_file id="fl-121">
         <path>C:\ti\ccs930\ccs\tools\compiler\ti-cgt-arm_18.12.4.LTS\lib\</path>
         <kind>archive</kind>
         <file>rtsv7R4_A_be_eabi.lib</file>
         <name>k_cos.c.obj</name>
      </input_file>
      <input_file id="fl-122">
         <path>C:\ti\ccs930\ccs\tools\compiler\ti-cgt-arm_18.12.4.LTS\lib\</path>
         <kind>archive</kind>
         <file>rtsv7R4_A_be_eabi.lib</file>
         <name>k_sin.c.obj</name>
      </input_file>
      <input_file id="fl-123">
         <path>C:\ti\ccs930\ccs\tools\compiler\ti-cgt-arm_18.12.4.LTS\lib\</path>
         <kind>archive</kind>
         <file>rtsv7R4_A_be_eabi.lib</file>
         <name>_printfi.c.obj</name>
      </input_file>
      <input_file id="fl-124">
         <path>C:\ti\ccs930\ccs\tools\compiler\ti-cgt-arm_18.12.4.LTS\lib\</path>
         <kind>archive</kind>
         <file>rtsv7R4_A_be_eabi.lib</file>
         <name>fflush.c.obj</name>
      </input_file>
      <input_file id="fl-125">
         <path>C:\ti\ccs930\ccs\tools\compiler\ti-cgt-arm_18.12.4.LTS\lib\</path>
         <kind>archive</kind>
         <file>rtsv7R4_A_be_eabi.lib</file>
         <name>fputs.c.obj</name>
      </input_file>
      <input_file id="fl-126">
         <path>C:\ti\ccs930\ccs\tools\compiler\ti-cgt-arm_18.12.4.LTS\lib\</path>
         <kind>archive</kind>
         <file>rtsv7R4_A_be_eabi.lib</file>
         <name>_io_perm.c.obj</name>
      </input_file>
      <input_file id="fl-127">
         <path>C:\ti\ccs930\ccs\tools\compiler\ti-cgt-arm_18.12.4.LTS\lib\</path>
         <kind>archive</kind>
         <file>rtsv7R4_A_be_eabi.lib</file>
         <name>setvbuf.c.obj</name>
      </input_file>
      <input_file id="fl-128">
         <path>C:\ti\ccs930\ccs\tools\compiler\ti-cgt-arm_18.12.4.LTS\lib\</path>
         <kind>archive</kind>
         <file>rtsv7R4_A_be_eabi.lib</file>
         <name>div0.asm.obj</name>
      </input_file>
      <input_file id="fl-129">
         <path>C:\ti\ccs930\ccs\tools\compiler\ti-cgt-arm_18.12.4.LTS\lib\</path>
         <kind>archive</kind>
         <file>rtsv7R4_A_be_eabi.lib</file>
         <name>atoi.c.obj</name>
      </input_file>
      <input_file id="fl-12a">
         <path>C:\ti\ccs930\ccs\tools\compiler\ti-cgt-arm_18.12.4.LTS\lib\</path>
         <kind>archive</kind>
         <file>rtsv7R4_A_be_eabi.lib</file>
         <name>ctype.c.obj</name>
      </input_file>
      <input_file id="fl-12b">
         <path>C:\ti\ccs930\ccs\tools\compiler\ti-cgt-arm_18.12.4.LTS\lib\</path>
         <kind>archive</kind>
         <file>rtsv7R4_A_be_eabi.lib</file>
         <name>ltoa.c.obj</name>
      </input_file>
      <input_file id="fl-12c">
         <path>C:\ti\ccs930\ccs\tools\compiler\ti-cgt-arm_18.12.4.LTS\lib\</path>
         <kind>archive</kind>
         <file>rtsv7R4_A_be_eabi.lib</file>
         <name>memccpy.c.obj</name>
      </input_file>
      <input_file id="fl-12d">
         <path>C:\ti\ccs930\ccs\tools\compiler\ti-cgt-arm_18.12.4.LTS\lib\</path>
         <kind>archive</kind>
         <file>rtsv7R4_A_be_eabi.lib</file>
         <name>memchr.c.obj</name>
      </input_file>
      <input_file id="fl-12e">
         <path>C:\ti\ccs930\ccs\tools\compiler\ti-cgt-arm_18.12.4.LTS\lib\</path>
         <kind>archive</kind>
         <file>rtsv7R4_A_be_eabi.lib</file>
         <name>memory.c.obj</name>
      </input_file>
      <input_file id="fl-12f">
         <path>C:\ti\ccs930\ccs\tools\compiler\ti-cgt-arm_18.12.4.LTS\lib\</path>
         <kind>archive</kind>
         <file>rtsv7R4_A_be_eabi.lib</file>
         <name>strchr.c.obj</name>
      </input_file>
      <input_file id="fl-130">
         <path>C:\ti\ccs930\ccs\tools\compiler\ti-cgt-arm_18.12.4.LTS\lib\</path>
         <kind>archive</kind>
         <file>rtsv7R4_A_be_eabi.lib</file>
         <name>strcspn.c.obj</name>
      </input_file>
      <input_file id="fl-131">
         <path>C:\ti\ccs930\ccs\tools\compiler\ti-cgt-arm_18.12.4.LTS\lib\</path>
         <kind>archive</kind>
         <file>rtsv7R4_A_be_eabi.lib</file>
         <name>strspn.c.obj</name>
      </input_file>
      <input_file id="fl-132">
         <path>C:\ti\ccs930\ccs\tools\compiler\ti-cgt-arm_18.12.4.LTS\lib\</path>
         <kind>archive</kind>
         <file>rtsv7R4_A_be_eabi.lib</file>
         <name>write.c.obj</name>
      </input_file>
      <input_file id="fl-133">
         <path>C:\ti\ccs930\ccs\tools\compiler\ti-cgt-arm_18.12.4.LTS\lib\</path>
         <kind>archive</kind>
         <file>rtsv7R4_A_be_eabi.lib</file>
         <name>host_device.c.obj</name>
      </input_file>
      <input_file id="fl-134">
         <path>C:\ti\ccs930\ccs\tools\compiler\ti-cgt-arm_18.12.4.LTS\lib\</path>
         <kind>archive</kind>
         <file>rtsv7R4_A_be_eabi.lib</file>
         <name>wcslen.c.obj</name>
      </input_file>
      <input_file id="fl-135">
         <path>C:\ti\ccs930\ccs\tools\compiler\ti-cgt-arm_18.12.4.LTS\lib\</path>
         <kind>archive</kind>
         <file>rtsv7R4_A_be_eabi.lib</file>
         <name>s_frexp.c.obj</name>
      </input_file>
      <input_file id="fl-136">
         <path>C:\ti\ccs930\ccs\tools\compiler\ti-cgt-arm_18.12.4.LTS\lib\</path>
         <kind>archive</kind>
         <file>rtsv7R4_A_be_eabi.lib</file>
         <name>fopen.c.obj</name>
      </input_file>
      <input_file id="fl-137">
         <path>C:\ti\ccs930\ccs\tools\compiler\ti-cgt-arm_18.12.4.LTS\lib\</path>
         <kind>archive</kind>
         <file>rtsv7R4_A_be_eabi.lib</file>
         <name>fseek.c.obj</name>
      </input_file>
      <input_file id="fl-138">
         <path>C:\ti\ccs930\ccs\tools\compiler\ti-cgt-arm_18.12.4.LTS\lib\</path>
         <kind>archive</kind>
         <file>rtsv7R4_A_be_eabi.lib</file>
         <name>hostclose.c.obj</name>
      </input_file>
      <input_file id="fl-139">
         <path>C:\ti\ccs930\ccs\tools\compiler\ti-cgt-arm_18.12.4.LTS\lib\</path>
         <kind>archive</kind>
         <file>rtsv7R4_A_be_eabi.lib</file>
         <name>hostlseek.c.obj</name>
      </input_file>
      <input_file id="fl-13a">
         <path>C:\ti\ccs930\ccs\tools\compiler\ti-cgt-arm_18.12.4.LTS\lib\</path>
         <kind>archive</kind>
         <file>rtsv7R4_A_be_eabi.lib</file>
         <name>hostopen.c.obj</name>
      </input_file>
      <input_file id="fl-13b">
         <path>C:\ti\ccs930\ccs\tools\compiler\ti-cgt-arm_18.12.4.LTS\lib\</path>
         <kind>archive</kind>
         <file>rtsv7R4_A_be_eabi.lib</file>
         <name>hostread.c.obj</name>
      </input_file>
      <input_file id="fl-13c">
         <path>C:\ti\ccs930\ccs\tools\compiler\ti-cgt-arm_18.12.4.LTS\lib\</path>
         <kind>archive</kind>
         <file>rtsv7R4_A_be_eabi.lib</file>
         <name>hostrename.c.obj</name>
      </input_file>
      <input_file id="fl-13d">
         <path>C:\ti\ccs930\ccs\tools\compiler\ti-cgt-arm_18.12.4.LTS\lib\</path>
         <kind>archive</kind>
         <file>rtsv7R4_A_be_eabi.lib</file>
         <name>hostunlink.c.obj</name>
      </input_file>
      <input_file id="fl-13e">
         <path>C:\ti\ccs930\ccs\tools\compiler\ti-cgt-arm_18.12.4.LTS\lib\</path>
         <kind>archive</kind>
         <file>rtsv7R4_A_be_eabi.lib</file>
         <name>hostwrite.c.obj</name>
      </input_file>
      <input_file id="fl-13f">
         <path>C:\ti\ccs930\ccs\tools\compiler\ti-cgt-arm_18.12.4.LTS\lib\</path>
         <kind>archive</kind>
         <file>rtsv7R4_A_be_eabi.lib</file>
         <name>trgmsg.c.obj</name>
      </input_file>
      <input_file id="fl-140">
         <path>C:\ti\ccs930\ccs\tools\compiler\ti-cgt-arm_18.12.4.LTS\lib\</path>
         <kind>archive</kind>
         <file>rtsv7R4_A_be_eabi.lib</file>
         <name>open.c.obj</name>
      </input_file>
      <input_file id="fl-141">
         <path>C:\ti\ccs930\ccs\tools\compiler\ti-cgt-arm_18.12.4.LTS\lib\</path>
         <kind>archive</kind>
         <file>rtsv7R4_A_be_eabi.lib</file>
         <name>lseek.c.obj</name>
      </input_file>
      <input_file id="fl-142">
         <path>C:\ti\ccs930\ccs\tools\compiler\ti-cgt-arm_18.12.4.LTS\lib\</path>
         <kind>archive</kind>
         <file>rtsv7R4_A_be_eabi.lib</file>
         <name>fclose.c.obj</name>
      </input_file>
      <input_file id="fl-143">
         <path>C:\ti\ccs930\ccs\tools\compiler\ti-cgt-arm_18.12.4.LTS\lib\</path>
         <kind>archive</kind>
         <file>rtsv7R4_A_be_eabi.lib</file>
         <name>getdevice.c.obj</name>
      </input_file>
      <input_file id="fl-144">
         <path>C:\ti\ccs930\ccs\tools\compiler\ti-cgt-arm_18.12.4.LTS\lib\</path>
         <kind>archive</kind>
         <file>rtsv7R4_A_be_eabi.lib</file>
         <name>remove.c.obj</name>
      </input_file>
      <input_file id="fl-145">
         <path>C:\ti\ccs930\ccs\tools\compiler\ti-cgt-arm_18.12.4.LTS\lib\</path>
         <kind>archive</kind>
         <file>rtsv7R4_A_be_eabi.lib</file>
         <name>close.c.obj</name>
      </input_file>
      <input_file id="fl-146">
         <path>C:\ti\ccs930\ccs\tools\compiler\ti-cgt-arm_18.12.4.LTS\lib\</path>
         <kind>archive</kind>
         <file>rtsv7R4_A_be_eabi.lib</file>
         <name>unlink.c.obj</name>
      </input_file>
   </input_file_list>
   <object_component_list>
      <object_component id="oc-36">
         <name>.intvecs</name>
         <load_address>0x0</load_address>
         <run_address>0x0</run_address>
         <size>0x20</size>
         <input_file_ref idref="fl-26"/>
      </object_component>
      <object_component id="oc-176">
         <name>.kernelTEXT</name>
         <load_address>0x20</load_address>
         <run_address>0x20</run_address>
         <size>0x2bdc</size>
         <input_file_ref idref="fl-20"/>
      </object_component>
      <object_component id="oc-360">
         <name>.kernelTEXT</name>
         <load_address>0x2bfc</load_address>
         <run_address>0x2bfc</run_address>
         <size>0x11dc</size>
         <input_file_ref idref="fl-1f"/>
      </object_component>
      <object_component id="oc-366">
         <name>.kernelTEXT</name>
         <load_address>0x3dd8</load_address>
         <run_address>0x3dd8</run_address>
         <size>0x81c</size>
         <input_file_ref idref="fl-19"/>
      </object_component>
      <object_component id="oc-38e">
         <name>.kernelTEXT</name>
         <load_address>0x45f4</load_address>
         <run_address>0x45f4</run_address>
         <size>0x3bc</size>
         <input_file_ref idref="fl-1d"/>
      </object_component>
      <object_component id="oc-ab">
         <name>.kernelTEXT</name>
         <load_address>0x49b0</load_address>
         <run_address>0x49b0</run_address>
         <size>0x3b0</size>
         <input_file_ref idref="fl-1e"/>
      </object_component>
      <object_component id="oc-382">
         <name>.kernelTEXT</name>
         <load_address>0x4d60</load_address>
         <run_address>0x4d60</run_address>
         <size>0x380</size>
         <input_file_ref idref="fl-1a"/>
      </object_component>
      <object_component id="oc-a0f">
         <name>.cinit..data.load</name>
         <load_address>0x58e0</load_address>
         <run_address>0x58e0</run_address>
         <size>0x1d9</size>
      </object_component>
      <object_component id="oc-a0a">
         <name>__TI_handler_table</name>
         <load_address>0x5abc</load_address>
         <run_address>0x5abc</run_address>
         <size>0xc</size>
      </object_component>
      <object_component id="oc-a0c">
         <name>.cinit..kernelBSS.load</name>
         <load_address>0x5ac8</load_address>
         <run_address>0x5ac8</run_address>
         <size>0x9</size>
      </object_component>
      <object_component id="oc-a0e">
         <name>.cinit..bss.load</name>
         <load_address>0x5ad8</load_address>
         <run_address>0x5ad8</run_address>
         <size>0x8</size>
      </object_component>
      <object_component id="oc-a0d">
         <name>.cinit..kernelHEAP.load</name>
         <load_address>0x5ae0</load_address>
         <run_address>0x5ae0</run_address>
         <size>0x8</size>
      </object_component>
      <object_component id="oc-a0b">
         <name>__TI_cinit_table</name>
         <load_address>0x5ae8</load_address>
         <run_address>0x5ae8</run_address>
         <size>0x20</size>
      </object_component>
      <object_component id="oc-309">
         <name>.text</name>
         <load_address>0x8020</load_address>
         <run_address>0x8020</run_address>
         <size>0x4d48</size>
         <input_file_ref idref="fl-7"/>
      </object_component>
      <object_component id="oc-8a">
         <name>.text</name>
         <load_address>0xcd68</load_address>
         <run_address>0xcd68</run_address>
         <size>0x24f0</size>
         <input_file_ref idref="fl-2c"/>
      </object_component>
      <object_component id="oc-486">
         <name>.text</name>
         <load_address>0xf258</load_address>
         <run_address>0xf258</run_address>
         <size>0x1714</size>
         <input_file_ref idref="fl-c"/>
      </object_component>
      <object_component id="oc-18e">
         <name>.text</name>
         <load_address>0x1096c</load_address>
         <run_address>0x1096c</run_address>
         <size>0x15c4</size>
         <input_file_ref idref="fl-8"/>
      </object_component>
      <object_component id="oc-158">
         <name>.text</name>
         <load_address>0x11f30</load_address>
         <run_address>0x11f30</run_address>
         <size>0x10f4</size>
         <input_file_ref idref="fl-24"/>
      </object_component>
      <object_component id="oc-43e">
         <name>.text:__TI_printfi</name>
         <load_address>0x13024</load_address>
         <run_address>0x13024</run_address>
         <size>0xff0</size>
         <input_file_ref idref="fl-123"/>
      </object_component>
      <object_component id="oc-164">
         <name>.text</name>
         <load_address>0x14014</load_address>
         <run_address>0x14014</run_address>
         <size>0xe98</size>
         <input_file_ref idref="fl-6"/>
      </object_component>
      <object_component id="oc-3a8">
         <name>.text:pow</name>
         <load_address>0x14eac</load_address>
         <run_address>0x14eac</run_address>
         <size>0xe8c</size>
         <input_file_ref idref="fl-eb"/>
      </object_component>
      <object_component id="oc-17c">
         <name>.text</name>
         <load_address>0x15d38</load_address>
         <run_address>0x15d38</run_address>
         <size>0xd54</size>
         <input_file_ref idref="fl-e"/>
      </object_component>
      <object_component id="oc-16a">
         <name>.text</name>
         <load_address>0x16a8c</load_address>
         <run_address>0x16a8c</run_address>
         <size>0xcf8</size>
         <input_file_ref idref="fl-4"/>
      </object_component>
      <object_component id="oc-84">
         <name>.text</name>
         <load_address>0x17784</load_address>
         <run_address>0x17784</run_address>
         <size>0xaa0</size>
         <input_file_ref idref="fl-2f"/>
      </object_component>
      <object_component id="oc-152">
         <name>.text</name>
         <load_address>0x18224</load_address>
         <run_address>0x18224</run_address>
         <size>0xa78</size>
         <input_file_ref idref="fl-11"/>
      </object_component>
      <object_component id="oc-6f0">
         <name>.text:__kernel_rem_pio2</name>
         <load_address>0x18c9c</load_address>
         <run_address>0x18c9c</run_address>
         <size>0x9fc</size>
         <input_file_ref idref="fl-112"/>
      </object_component>
      <object_component id="oc-1af">
         <name>.text</name>
         <load_address>0x19698</load_address>
         <run_address>0x19698</run_address>
         <size>0x9e0</size>
         <input_file_ref idref="fl-a"/>
      </object_component>
      <object_component id="oc-170">
         <name>.text</name>
         <load_address>0x1a078</load_address>
         <run_address>0x1a078</run_address>
         <size>0x9a0</size>
         <input_file_ref idref="fl-1c"/>
      </object_component>
      <object_component id="oc-14c">
         <name>.text</name>
         <load_address>0x1aa18</load_address>
         <run_address>0x1aa18</run_address>
         <size>0x8fc</size>
         <input_file_ref idref="fl-16"/>
      </object_component>
      <object_component id="oc-49e">
         <name>.text:cos</name>
         <load_address>0x1b314</load_address>
         <run_address>0x1b314</run_address>
         <size>0x8b0</size>
         <input_file_ref idref="fl-ee"/>
      </object_component>
      <object_component id="oc-46">
         <name>.text</name>
         <load_address>0x1bbc4</load_address>
         <run_address>0x1bbc4</run_address>
         <size>0x89c</size>
         <input_file_ref idref="fl-2e"/>
      </object_component>
      <object_component id="oc-498">
         <name>.text:sin</name>
         <load_address>0x1c460</load_address>
         <run_address>0x1c460</run_address>
         <size>0x894</size>
         <input_file_ref idref="fl-f1"/>
      </object_component>
      <object_component id="oc-30">
         <name>.text:retain</name>
         <load_address>0x1ccf4</load_address>
         <run_address>0x1ccf4</run_address>
         <size>0x74c</size>
         <input_file_ref idref="fl-24"/>
      </object_component>
      <object_component id="oc-30f">
         <name>.text</name>
         <load_address>0x1d440</load_address>
         <run_address>0x1d440</run_address>
         <size>0x728</size>
         <input_file_ref idref="fl-5"/>
      </object_component>
      <object_component id="oc-97">
         <name>.text</name>
         <load_address>0x1db68</load_address>
         <run_address>0x1db68</run_address>
         <size>0x6f0</size>
         <input_file_ref idref="fl-27"/>
      </object_component>
      <object_component id="oc-15e">
         <name>.text</name>
         <load_address>0x1e258</load_address>
         <run_address>0x1e258</run_address>
         <size>0x6e4</size>
         <input_file_ref idref="fl-23"/>
      </object_component>
      <object_component id="oc-78">
         <name>.text</name>
         <load_address>0x1e93c</load_address>
         <run_address>0x1e93c</run_address>
         <size>0x664</size>
         <input_file_ref idref="fl-13"/>
      </object_component>
      <object_component id="oc-71e">
         <name>.text:strtod</name>
         <load_address>0x1efa0</load_address>
         <run_address>0x1efa0</run_address>
         <size>0x664</size>
         <input_file_ref idref="fl-11e"/>
      </object_component>
      <object_component id="oc-90">
         <name>.text</name>
         <load_address>0x1f604</load_address>
         <run_address>0x1f604</run_address>
         <size>0x5bc</size>
         <input_file_ref idref="fl-14"/>
      </object_component>
      <object_component id="oc-3c9">
         <name>.text:log</name>
         <load_address>0x1fbc0</load_address>
         <run_address>0x1fbc0</run_address>
         <size>0x58c</size>
         <input_file_ref idref="fl-ea"/>
      </object_component>
      <object_component id="oc-6e2">
         <name>.text:atan</name>
         <load_address>0x2014c</load_address>
         <run_address>0x2014c</run_address>
         <size>0x44c</size>
         <input_file_ref idref="fl-ed"/>
      </object_component>
      <object_component id="oc-2a">
         <name>.text:retain</name>
         <load_address>0x20598</load_address>
         <run_address>0x20598</run_address>
         <size>0x384</size>
         <input_file_ref idref="fl-23"/>
      </object_component>
      <object_component id="oc-146">
         <name>.text</name>
         <load_address>0x2091c</load_address>
         <run_address>0x2091c</run_address>
         <size>0x36c</size>
         <input_file_ref idref="fl-15"/>
      </object_component>
      <object_component id="oc-687">
         <name>.text:_pconv_a</name>
         <load_address>0x20c88</load_address>
         <run_address>0x20c88</run_address>
         <size>0x364</size>
         <input_file_ref idref="fl-123"/>
      </object_component>
      <object_component id="oc-73">
         <name>.text</name>
         <load_address>0x20fec</load_address>
         <run_address>0x20fec</run_address>
         <size>0x2d0</size>
         <input_file_ref idref="fl-25"/>
      </object_component>
      <object_component id="oc-675">
         <name>.text:_pconv_g</name>
         <load_address>0x212bc</load_address>
         <run_address>0x212bc</run_address>
         <size>0x2c0</size>
         <input_file_ref idref="fl-123"/>
      </object_component>
      <object_component id="oc-6ae">
         <name>.text</name>
         <load_address>0x2157c</load_address>
         <run_address>0x2157c</run_address>
         <size>0x2b8</size>
         <input_file_ref idref="fl-10c"/>
      </object_component>
      <object_component id="oc-492">
         <name>.text:atan2</name>
         <load_address>0x21834</load_address>
         <run_address>0x21834</run_address>
         <size>0x28c</size>
         <input_file_ref idref="fl-e9"/>
      </object_component>
      <object_component id="oc-5e0">
         <name>.text</name>
         <load_address>0x21ac0</load_address>
         <run_address>0x21ac0</run_address>
         <size>0x278</size>
         <input_file_ref idref="fl-1a"/>
      </object_component>
      <object_component id="oc-41">
         <name>.text:retain</name>
         <load_address>0x21d38</load_address>
         <run_address>0x21d38</run_address>
         <size>0x268</size>
         <input_file_ref idref="fl-2e"/>
      </object_component>
      <object_component id="oc-19a">
         <name>.text</name>
         <load_address>0x21fa0</load_address>
         <run_address>0x21fa0</run_address>
         <size>0x250</size>
         <input_file_ref idref="fl-9"/>
      </object_component>
      <object_component id="oc-388">
         <name>.text</name>
         <load_address>0x221f0</load_address>
         <run_address>0x221f0</run_address>
         <size>0x238</size>
         <input_file_ref idref="fl-1b"/>
      </object_component>
      <object_component id="oc-6ea">
         <name>.text:__kernel_sin</name>
         <load_address>0x22428</load_address>
         <run_address>0x22428</run_address>
         <size>0x224</size>
         <input_file_ref idref="fl-122"/>
      </object_component>
      <object_component id="oc-1b">
         <name>.text:retain</name>
         <load_address>0x2264c</load_address>
         <run_address>0x2264c</run_address>
         <size>0x21c</size>
         <input_file_ref idref="fl-2d"/>
      </object_component>
      <object_component id="oc-2ea">
         <name>.text</name>
         <load_address>0x22868</load_address>
         <run_address>0x22868</run_address>
         <size>0x214</size>
         <input_file_ref idref="fl-f7"/>
      </object_component>
      <object_component id="oc-6f6">
         <name>.text:__kernel_cos</name>
         <load_address>0x22a7c</load_address>
         <run_address>0x22a7c</run_address>
         <size>0x210</size>
         <input_file_ref idref="fl-121"/>
      </object_component>
      <object_component id="oc-3b3">
         <name>.text:sqrt</name>
         <load_address>0x22c8c</load_address>
         <run_address>0x22c8c</run_address>
         <size>0x1ec</size>
         <input_file_ref idref="fl-ec"/>
      </object_component>
      <object_component id="oc-5f0">
         <name>.text</name>
         <load_address>0x22e78</load_address>
         <run_address>0x22e78</run_address>
         <size>0x1b4</size>
         <input_file_ref idref="fl-1d"/>
      </object_component>
      <object_component id="oc-681">
         <name>.text:_pconv_e</name>
         <load_address>0x2302c</load_address>
         <run_address>0x2302c</run_address>
         <size>0x1b0</size>
         <input_file_ref idref="fl-123"/>
      </object_component>
      <object_component id="oc-932">
         <name>.text:aligned_alloc</name>
         <load_address>0x231dc</load_address>
         <run_address>0x231dc</run_address>
         <size>0x1ac</size>
         <input_file_ref idref="fl-12e"/>
      </object_component>
      <object_component id="oc-7f9">
         <name>.text:fcvt</name>
         <load_address>0x23388</load_address>
         <run_address>0x23388</run_address>
         <size>0x1ac</size>
         <input_file_ref idref="fl-123"/>
      </object_component>
      <object_component id="oc-588">
         <name>.text:fputs</name>
         <load_address>0x23534</load_address>
         <run_address>0x23534</run_address>
         <size>0x1a4</size>
         <input_file_ref idref="fl-125"/>
      </object_component>
      <object_component id="oc-4a4">
         <name>.text</name>
         <load_address>0x236d8</load_address>
         <run_address>0x236d8</run_address>
         <size>0x198</size>
         <input_file_ref idref="fl-d"/>
      </object_component>
      <object_component id="oc-2c6">
         <name>.text</name>
         <load_address>0x23870</load_address>
         <run_address>0x23870</run_address>
         <size>0x190</size>
         <input_file_ref idref="fl-f9"/>
      </object_component>
      <object_component id="oc-5b">
         <name>.text</name>
         <load_address>0x23a00</load_address>
         <run_address>0x23a00</run_address>
         <size>0x180</size>
         <input_file_ref idref="fl-108"/>
      </object_component>
      <object_component id="oc-8e8">
         <name>.text:free</name>
         <load_address>0x23b80</load_address>
         <run_address>0x23b80</run_address>
         <size>0x174</size>
         <input_file_ref idref="fl-12e"/>
      </object_component>
      <object_component id="oc-35a">
         <name>.text</name>
         <load_address>0x23cf4</load_address>
         <run_address>0x23cf4</run_address>
         <size>0x164</size>
         <input_file_ref idref="fl-20"/>
      </object_component>
      <object_component id="oc-2ef">
         <name>.text:floor</name>
         <load_address>0x23e58</load_address>
         <run_address>0x23e58</run_address>
         <size>0x158</size>
         <input_file_ref idref="fl-ef"/>
      </object_component>
      <object_component id="oc-87e">
         <name>.text:setvbuf</name>
         <load_address>0x23fb0</load_address>
         <run_address>0x23fb0</run_address>
         <size>0x158</size>
         <input_file_ref idref="fl-127"/>
      </object_component>
      <object_component id="oc-100">
         <name>.text</name>
         <load_address>0x24108</load_address>
         <run_address>0x24108</run_address>
         <size>0x154</size>
         <input_file_ref idref="fl-22"/>
      </object_component>
      <object_component id="oc-194">
         <name>.text</name>
         <load_address>0x2425c</load_address>
         <run_address>0x2425c</run_address>
         <size>0x144</size>
         <input_file_ref idref="fl-f"/>
      </object_component>
      <object_component id="oc-1a0">
         <name>.text</name>
         <load_address>0x243a0</load_address>
         <run_address>0x243a0</run_address>
         <size>0x134</size>
         <input_file_ref idref="fl-fe"/>
      </object_component>
      <object_component id="oc-333">
         <name>.text</name>
         <load_address>0x244d4</load_address>
         <run_address>0x244d4</run_address>
         <size>0x130</size>
         <input_file_ref idref="fl-3"/>
      </object_component>
      <object_component id="oc-2c1">
         <name>.text</name>
         <load_address>0x24604</load_address>
         <run_address>0x24604</run_address>
         <size>0x128</size>
         <input_file_ref idref="fl-fa"/>
      </object_component>
      <object_component id="oc-60f">
         <name>.text:scalbn</name>
         <load_address>0x2472c</load_address>
         <run_address>0x2472c</run_address>
         <size>0x120</size>
         <input_file_ref idref="fl-f0"/>
      </object_component>
      <object_component id="oc-66f">
         <name>.text:_ltostr</name>
         <load_address>0x2484c</load_address>
         <run_address>0x2484c</run_address>
         <size>0x115</size>
         <input_file_ref idref="fl-123"/>
      </object_component>
      <object_component id="oc-48c">
         <name>.text</name>
         <load_address>0x24964</load_address>
         <run_address>0x24964</run_address>
         <size>0xf8</size>
         <input_file_ref idref="fl-b"/>
      </object_component>
      <object_component id="oc-9f">
         <name>.text</name>
         <load_address>0x24a5c</load_address>
         <run_address>0x24a5c</run_address>
         <size>0xf8</size>
         <input_file_ref idref="fl-17"/>
      </object_component>
      <object_component id="oc-21">
         <name>.text:retain</name>
         <load_address>0x24b54</load_address>
         <run_address>0x24b54</run_address>
         <size>0xec</size>
         <input_file_ref idref="fl-14"/>
      </object_component>
      <object_component id="oc-c1">
         <name>.text</name>
         <load_address>0x24c40</load_address>
         <run_address>0x24c40</run_address>
         <size>0xe8</size>
         <input_file_ref idref="fl-12"/>
      </object_component>
      <object_component id="oc-60a">
         <name>.text:__aeabi_cdcmple</name>
         <load_address>0x24d28</load_address>
         <run_address>0x24d28</run_address>
         <size>0xe0</size>
         <input_file_ref idref="fl-f8"/>
      </object_component>
      <object_component id="oc-57c">
         <name>.text:__aeabi_cdrcmple</name>
         <load_address>0x24e08</load_address>
         <run_address>0x24e08</run_address>
         <size>0xe0</size>
         <input_file_ref idref="fl-f8"/>
      </object_component>
      <object_component id="oc-108">
         <name>.text</name>
         <load_address>0x24ee8</load_address>
         <run_address>0x24ee8</run_address>
         <size>0xe0</size>
         <input_file_ref idref="fl-2b"/>
      </object_component>
      <object_component id="oc-39e">
         <name>.text</name>
         <load_address>0x24fc8</load_address>
         <run_address>0x24fc8</run_address>
         <size>0xd4</size>
         <input_file_ref idref="fl-100"/>
      </object_component>
      <object_component id="oc-7f2">
         <name>.text:_mcpy</name>
         <load_address>0x2509c</load_address>
         <run_address>0x2509c</run_address>
         <size>0xc8</size>
         <input_file_ref idref="fl-123"/>
      </object_component>
      <object_component id="oc-939">
         <name>.text:__TI_closefile</name>
         <load_address>0x25164</load_address>
         <run_address>0x25164</run_address>
         <size>0xb8</size>
         <input_file_ref idref="fl-142"/>
      </object_component>
      <object_component id="oc-f2">
         <name>.text</name>
         <load_address>0x2521c</load_address>
         <run_address>0x2521c</run_address>
         <size>0xb0</size>
         <input_file_ref idref="fl-f4"/>
      </object_component>
      <object_component id="oc-95a">
         <name>.text:HOSTlseek</name>
         <load_address>0x252cc</load_address>
         <run_address>0x252cc</run_address>
         <size>0xac</size>
         <input_file_ref idref="fl-139"/>
      </object_component>
      <object_component id="oc-58e">
         <name>.text:fflush</name>
         <load_address>0x25378</load_address>
         <run_address>0x25378</run_address>
         <size>0xac</size>
         <input_file_ref idref="fl-124"/>
      </object_component>
      <object_component id="oc-977">
         <name>.text:split</name>
         <load_address>0x25424</load_address>
         <run_address>0x25424</run_address>
         <size>0xac</size>
         <input_file_ref idref="fl-12e"/>
      </object_component>
      <object_component id="oc-878">
         <name>.text:fseek</name>
         <load_address>0x254d0</load_address>
         <run_address>0x254d0</run_address>
         <size>0xa8</size>
         <input_file_ref idref="fl-137"/>
      </object_component>
      <object_component id="oc-3b9">
         <name>.text</name>
         <load_address>0x25578</load_address>
         <run_address>0x25578</run_address>
         <size>0xa8</size>
         <input_file_ref idref="fl-101"/>
      </object_component>
      <object_component id="oc-966">
         <name>.text:HOSTrename</name>
         <load_address>0x25620</load_address>
         <run_address>0x25620</run_address>
         <size>0xa4</size>
         <input_file_ref idref="fl-13c"/>
      </object_component>
      <object_component id="oc-188">
         <name>.text</name>
         <load_address>0x256c4</load_address>
         <run_address>0x256c4</run_address>
         <size>0xa4</size>
         <input_file_ref idref="fl-10"/>
      </object_component>
      <object_component id="oc-75c">
         <name>.text:__TI_wrt_ok</name>
         <load_address>0x25768</load_address>
         <run_address>0x25768</run_address>
         <size>0xa0</size>
         <input_file_ref idref="fl-126"/>
      </object_component>
      <object_component id="oc-3ae">
         <name>.text</name>
         <load_address>0x25808</load_address>
         <run_address>0x25808</run_address>
         <size>0x9c</size>
         <input_file_ref idref="fl-fc"/>
      </object_component>
      <object_component id="oc-942">
         <name>.text:HOSTopen</name>
         <load_address>0x258a4</load_address>
         <run_address>0x258a4</run_address>
         <size>0x98</size>
         <input_file_ref idref="fl-13a"/>
      </object_component>
      <object_component id="oc-7ec">
         <name>.text:_ecpy</name>
         <load_address>0x2593c</load_address>
         <run_address>0x2593c</run_address>
         <size>0x98</size>
         <input_file_ref idref="fl-123"/>
      </object_component>
      <object_component id="oc-97e">
         <name>.text:close</name>
         <load_address>0x259d4</load_address>
         <run_address>0x259d4</run_address>
         <size>0x98</size>
         <input_file_ref idref="fl-145"/>
      </object_component>
      <object_component id="oc-465">
         <name>.text</name>
         <load_address>0x25a6c</load_address>
         <run_address>0x25a6c</run_address>
         <size>0x98</size>
         <input_file_ref idref="fl-10b"/>
      </object_component>
      <object_component id="oc-94e">
         <name>.text:HOSTread</name>
         <load_address>0x25b04</load_address>
         <run_address>0x25b04</run_address>
         <size>0x90</size>
         <input_file_ref idref="fl-13b"/>
      </object_component>
      <object_component id="oc-954">
         <name>.text:HOSTwrite</name>
         <load_address>0x25b94</load_address>
         <run_address>0x25b94</run_address>
         <size>0x90</size>
         <input_file_ref idref="fl-13e"/>
      </object_component>
      <object_component id="oc-e">
         <name>.text:decompress:lzss:__TI_decompress_lzss</name>
         <load_address>0x25c24</load_address>
         <run_address>0x25c24</run_address>
         <size>0x90</size>
         <input_file_ref idref="fl-111"/>
      </object_component>
      <object_component id="oc-1aa">
         <name>.text:__aeabi_cfcmple</name>
         <load_address>0x25cb4</load_address>
         <run_address>0x25cb4</run_address>
         <size>0x88</size>
         <input_file_ref idref="fl-ff"/>
      </object_component>
      <object_component id="oc-1a5">
         <name>.text:__aeabi_cfrcmple</name>
         <load_address>0x25d3c</load_address>
         <run_address>0x25d3c</run_address>
         <size>0x88</size>
         <input_file_ref idref="fl-ff"/>
      </object_component>
      <object_component id="oc-768">
         <name>.text:__TI_doflush</name>
         <load_address>0x25dc4</load_address>
         <run_address>0x25dc4</run_address>
         <size>0x84</size>
         <input_file_ref idref="fl-124"/>
      </object_component>
      <object_component id="oc-67b">
         <name>.text:_pconv_f</name>
         <load_address>0x25e48</load_address>
         <run_address>0x25e48</run_address>
         <size>0x84</size>
         <input_file_ref idref="fl-123"/>
      </object_component>
      <object_component id="oc-669">
         <name>.text:atoi</name>
         <load_address>0x25ecc</load_address>
         <run_address>0x25ecc</run_address>
         <size>0x84</size>
         <input_file_ref idref="fl-129"/>
      </object_component>
      <object_component id="oc-7e6">
         <name>.text:ltoa</name>
         <load_address>0x25f50</load_address>
         <run_address>0x25f50</run_address>
         <size>0x80</size>
         <input_file_ref idref="fl-12b"/>
      </object_component>
      <object_component id="oc-1ef">
         <name>.text:exit</name>
         <load_address>0x25fd0</load_address>
         <run_address>0x25fd0</run_address>
         <size>0x7c</size>
         <input_file_ref idref="fl-113"/>
      </object_component>
      <object_component id="oc-807">
         <name>.text:frexp</name>
         <load_address>0x2604c</load_address>
         <run_address>0x2604c</run_address>
         <size>0x7c</size>
         <input_file_ref idref="fl-135"/>
      </object_component>
      <object_component id="oc-948">
         <name>.text:HOSTclose</name>
         <load_address>0x260c8</load_address>
         <run_address>0x260c8</run_address>
         <size>0x74</size>
         <input_file_ref idref="fl-138"/>
      </object_component>
      <object_component id="oc-960">
         <name>.text:HOSTunlink</name>
         <load_address>0x2613c</load_address>
         <run_address>0x2613c</run_address>
         <size>0x70</size>
         <input_file_ref idref="fl-13d"/>
      </object_component>
      <object_component id="oc-9ae">
         <name>.text:getdevice</name>
         <load_address>0x261ac</load_address>
         <run_address>0x261ac</run_address>
         <size>0x6c</size>
         <input_file_ref idref="fl-143"/>
      </object_component>
      <object_component id="oc-116">
         <name>.text:__TI_auto_init_nobinit_nopinit:__TI_auto_init_nobinit_nopinit</name>
         <load_address>0x26218</load_address>
         <run_address>0x26218</run_address>
         <size>0x68</size>
         <input_file_ref idref="fl-10d"/>
      </object_component>
      <object_component id="oc-4bd">
         <name>.text:strtok</name>
         <load_address>0x26280</load_address>
         <run_address>0x26280</run_address>
         <size>0x68</size>
         <input_file_ref idref="fl-11f"/>
      </object_component>
      <object_component id="oc-7ff">
         <name>.text:_fcpy</name>
         <load_address>0x262e8</load_address>
         <run_address>0x262e8</run_address>
         <size>0x64</size>
         <input_file_ref idref="fl-123"/>
      </object_component>
      <object_component id="oc-182">
         <name>.text:sprintf</name>
         <load_address>0x2634c</load_address>
         <run_address>0x2634c</run_address>
         <size>0x64</size>
         <input_file_ref idref="fl-f2"/>
      </object_component>
      <object_component id="oc-46a">
         <name>.text</name>
         <load_address>0x263b0</load_address>
         <run_address>0x263b0</run_address>
         <size>0x60</size>
         <input_file_ref idref="fl-107"/>
      </object_component>
      <object_component id="oc-3d9">
         <name>.text</name>
         <load_address>0x26410</load_address>
         <run_address>0x26410</run_address>
         <size>0x5c</size>
         <input_file_ref idref="fl-fb"/>
      </object_component>
      <object_component id="oc-3a3">
         <name>.text</name>
         <load_address>0x2646c</load_address>
         <run_address>0x2646c</run_address>
         <size>0x5c</size>
         <input_file_ref idref="fl-102"/>
      </object_component>
      <object_component id="oc-2cb">
         <name>.text</name>
         <load_address>0x264c8</load_address>
         <run_address>0x264c8</run_address>
         <size>0x58</size>
         <input_file_ref idref="fl-fd"/>
      </object_component>
      <object_component id="oc-8f4">
         <name>.text:__TI_cleanup</name>
         <load_address>0x26520</load_address>
         <run_address>0x26520</run_address>
         <size>0x54</size>
         <input_file_ref idref="fl-136"/>
      </object_component>
      <object_component id="oc-993">
         <name>.text:__TI_readmsg</name>
         <load_address>0x26574</load_address>
         <run_address>0x26574</run_address>
         <size>0x54</size>
         <input_file_ref idref="fl-13f"/>
      </object_component>
      <object_component id="oc-98d">
         <name>.text:__TI_writemsg</name>
         <load_address>0x265c8</load_address>
         <run_address>0x265c8</run_address>
         <size>0x54</size>
         <input_file_ref idref="fl-13f"/>
      </object_component>
      <object_component id="oc-9ce">
         <name>.text:finddevice</name>
         <load_address>0x2661c</load_address>
         <run_address>0x2661c</run_address>
         <size>0x54</size>
         <input_file_ref idref="fl-143"/>
      </object_component>
      <object_component id="oc-3c4">
         <name>.text</name>
         <load_address>0x26670</load_address>
         <run_address>0x26670</run_address>
         <size>0x54</size>
         <input_file_ref idref="fl-f5"/>
      </object_component>
      <object_component id="oc-2bc">
         <name>.text</name>
         <load_address>0x266c4</load_address>
         <run_address>0x266c4</run_address>
         <size>0x50</size>
         <input_file_ref idref="fl-f6"/>
      </object_component>
      <object_component id="oc-3be">
         <name>.text:rand</name>
         <load_address>0x26714</load_address>
         <run_address>0x26714</run_address>
         <size>0x4c</size>
         <input_file_ref idref="fl-118"/>
      </object_component>
      <object_component id="oc-3cf">
         <name>.text</name>
         <load_address>0x26760</load_address>
         <run_address>0x26760</run_address>
         <size>0x4c</size>
         <input_file_ref idref="fl-103"/>
      </object_component>
      <object_component id="oc-460">
         <name>.text</name>
         <load_address>0x267ac</load_address>
         <run_address>0x267ac</run_address>
         <size>0x4c</size>
         <input_file_ref idref="fl-104"/>
      </object_component>
      <object_component id="oc-399">
         <name>.text</name>
         <load_address>0x267f8</load_address>
         <run_address>0x267f8</run_address>
         <size>0x4c</size>
         <input_file_ref idref="fl-106"/>
      </object_component>
      <object_component id="oc-70d">
         <name>.text:strspn</name>
         <load_address>0x26844</load_address>
         <run_address>0x26844</run_address>
         <size>0x4c</size>
         <input_file_ref idref="fl-131"/>
      </object_component>
      <object_component id="oc-321">
         <name>.text:strncpy</name>
         <load_address>0x26890</load_address>
         <run_address>0x26890</run_address>
         <size>0x48</size>
         <input_file_ref idref="fl-11d"/>
      </object_component>
      <object_component id="oc-984">
         <name>.text:unlink</name>
         <load_address>0x268d8</load_address>
         <run_address>0x268d8</run_address>
         <size>0x48</size>
         <input_file_ref idref="fl-146"/>
      </object_component>
      <object_component id="oc-8e0">
         <name>.text:lseek</name>
         <load_address>0x26920</load_address>
         <run_address>0x26920</run_address>
         <size>0x44</size>
         <input_file_ref idref="fl-141"/>
      </object_component>
      <object_component id="oc-713">
         <name>.text:strcspn</name>
         <load_address>0x26964</load_address>
         <run_address>0x26964</run_address>
         <size>0x44</size>
         <input_file_ref idref="fl-130"/>
      </object_component>
      <object_component id="oc-76e">
         <name>.text:write</name>
         <load_address>0x269a8</load_address>
         <run_address>0x269a8</run_address>
         <size>0x44</size>
         <input_file_ref idref="fl-132"/>
      </object_component>
      <object_component id="oc-92b">
         <name>.text:free_list_insert</name>
         <load_address>0x269ec</load_address>
         <run_address>0x269ec</run_address>
         <size>0x40</size>
         <input_file_ref idref="fl-12e"/>
      </object_component>
      <object_component id="oc-3d4">
         <name>.text</name>
         <load_address>0x26a2c</load_address>
         <run_address>0x26a2c</run_address>
         <size>0x3c</size>
         <input_file_ref idref="fl-105"/>
      </object_component>
      <object_component id="oc-4b8">
         <name>.text</name>
         <load_address>0x26a68</load_address>
         <run_address>0x26a68</run_address>
         <size>0x38</size>
         <input_file_ref idref="fl-10a"/>
      </object_component>
      <object_component id="oc-2d0">
         <name>.text</name>
         <load_address>0x26aa0</load_address>
         <run_address>0x26aa0</run_address>
         <size>0x34</size>
         <input_file_ref idref="fl-109"/>
      </object_component>
      <object_component id="oc-444">
         <name>.text:_outs</name>
         <load_address>0x26ad4</load_address>
         <run_address>0x26ad4</run_address>
         <size>0x30</size>
         <input_file_ref idref="fl-f2"/>
      </object_component>
      <object_component id="oc-925">
         <name>.text:free_list_remove</name>
         <load_address>0x26b04</load_address>
         <run_address>0x26b04</run_address>
         <size>0x30</size>
         <input_file_ref idref="fl-12e"/>
      </object_component>
      <object_component id="oc-68d">
         <name>.text:memccpy</name>
         <load_address>0x26b34</load_address>
         <run_address>0x26b34</run_address>
         <size>0x2c</size>
         <input_file_ref idref="fl-12c"/>
      </object_component>
      <object_component id="oc-762">
         <name>.text:memchr</name>
         <load_address>0x26b60</load_address>
         <run_address>0x26b60</run_address>
         <size>0x2c</size>
         <input_file_ref idref="fl-12d"/>
      </object_component>
      <object_component id="oc-32d">
         <name>.text:strcat</name>
         <load_address>0x26b8c</load_address>
         <run_address>0x26b8c</run_address>
         <size>0x28</size>
         <input_file_ref idref="fl-119"/>
      </object_component>
      <object_component id="oc-80d">
         <name>.text:strchr</name>
         <load_address>0x26bb4</load_address>
         <run_address>0x26bb4</run_address>
         <size>0x28</size>
         <input_file_ref idref="fl-12f"/>
      </object_component>
      <object_component id="oc-327">
         <name>.text:strcmp</name>
         <load_address>0x26bdc</load_address>
         <run_address>0x26bdc</run_address>
         <size>0x28</size>
         <input_file_ref idref="fl-11a"/>
      </object_component>
      <object_component id="oc-2f6">
         <name>.text:_abort_msg</name>
         <load_address>0x26c04</load_address>
         <run_address>0x26c04</run_address>
         <size>0x24</size>
         <input_file_ref idref="fl-115"/>
      </object_component>
      <object_component id="oc-693">
         <name>.text:wcslen</name>
         <load_address>0x26c28</load_address>
         <run_address>0x26c28</run_address>
         <size>0x24</size>
         <input_file_ref idref="fl-134"/>
      </object_component>
      <object_component id="oc-31b">
         <name>.text:strlen</name>
         <load_address>0x26c4c</load_address>
         <run_address>0x26c4c</run_address>
         <size>0x20</size>
         <input_file_ref idref="fl-11c"/>
      </object_component>
      <object_component id="oc-315">
         <name>.text:strcpy</name>
         <load_address>0x26c6c</load_address>
         <run_address>0x26c6c</run_address>
         <size>0x18</size>
         <input_file_ref idref="fl-11b"/>
      </object_component>
      <object_component id="oc-44a">
         <name>.text:_outc</name>
         <load_address>0x26c84</load_address>
         <run_address>0x26c84</run_address>
         <size>0x14</size>
         <input_file_ref idref="fl-f2"/>
      </object_component>
      <object_component id="oc-14">
         <name>.text:decompress:none:__TI_decompress_none</name>
         <load_address>0x26c98</load_address>
         <run_address>0x26c98</run_address>
         <size>0x14</size>
         <input_file_ref idref="fl-110"/>
      </object_component>
      <object_component id="oc-6d">
         <name>.text:decompress:ZI:__TI_zero_init</name>
         <load_address>0x26cac</load_address>
         <run_address>0x26cac</run_address>
         <size>0x10</size>
         <input_file_ref idref="fl-10f"/>
      </object_component>
      <object_component id="oc-604">
         <name>.text:__aeabi_errno_addr</name>
         <load_address>0x26cbc</load_address>
         <run_address>0x26cbc</run_address>
         <size>0xc</size>
         <input_file_ref idref="fl-120"/>
      </object_component>
      <object_component id="oc-7c7">
         <name>.text:copysign</name>
         <load_address>0x26cc8</load_address>
         <run_address>0x26cc8</run_address>
         <size>0xc</size>
         <input_file_ref idref="fl-f3"/>
      </object_component>
      <object_component id="oc-8ee">
         <name>.text:malloc</name>
         <load_address>0x26cd4</load_address>
         <run_address>0x26cd4</run_address>
         <size>0xc</size>
         <input_file_ref idref="fl-12e"/>
      </object_component>
      <object_component id="oc-1e9">
         <name>.text:abort:abort</name>
         <load_address>0x26ce0</load_address>
         <run_address>0x26ce0</run_address>
         <size>0x8</size>
         <input_file_ref idref="fl-113"/>
      </object_component>
      <object_component id="oc-4c3">
         <name>.text:atof</name>
         <load_address>0x26ce8</load_address>
         <run_address>0x26ce8</run_address>
         <size>0x8</size>
         <input_file_ref idref="fl-116"/>
      </object_component>
      <object_component id="oc-72d">
         <name>.text:_nop</name>
         <load_address>0x26cf0</load_address>
         <run_address>0x26cf0</run_address>
         <size>0x4</size>
         <input_file_ref idref="fl-114"/>
      </object_component>
      <object_component id="oc-3b">
         <name>.text:retain</name>
         <load_address>0x26cf4</load_address>
         <run_address>0x26cf4</run_address>
         <size>0x4</size>
         <input_file_ref idref="fl-2a"/>
      </object_component>
      <object_component id="oc-567">
         <name>.text</name>
         <load_address>0x26cf8</load_address>
         <run_address>0x26cf8</run_address>
         <size>0x4</size>
         <input_file_ref idref="fl-128"/>
      </object_component>
      <object_component id="oc-7e">
         <name>.text</name>
         <load_address>0x26cfc</load_address>
         <run_address>0x26cfc</run_address>
         <size>0x4</size>
         <input_file_ref idref="fl-2d"/>
      </object_component>
      <object_component id="oc-2d5">
         <name>.const:het1PROGRAM</name>
         <load_address>0x26d00</load_address>
         <run_address>0x26d00</run_address>
         <size>0x3a0</size>
         <input_file_ref idref="fl-16"/>
      </object_component>
      <object_component id="oc-5c1">
         <name>.const:.string</name>
         <load_address>0x270a0</load_address>
         <run_address>0x270a0</run_address>
         <size>0x230</size>
         <input_file_ref idref="fl-4"/>
      </object_component>
      <object_component id="oc-27">
         <name>.const:s_vim_init</name>
         <load_address>0x272d0</load_address>
         <run_address>0x272d0</run_address>
         <size>0x180</size>
         <input_file_ref idref="fl-2e"/>
      </object_component>
      <object_component id="oc-851">
         <name>.const:ipio2</name>
         <load_address>0x27450</load_address>
         <run_address>0x27450</run_address>
         <size>0x108</size>
         <input_file_ref idref="fl-112"/>
      </object_component>
      <object_component id="oc-7e0">
         <name>.const:.string:_ctypes_</name>
         <load_address>0x27558</load_address>
         <run_address>0x27558</run_address>
         <size>0x101</size>
         <input_file_ref idref="fl-12a"/>
      </object_component>
      <object_component id="oc-3de">
         <name>.const:.string:$P$T0$1</name>
         <load_address>0x27659</load_address>
         <run_address>0x27659</run_address>
         <size>0x2</size>
         <input_file_ref idref="fl-e"/>
      </object_component>
      <object_component id="oc-507">
         <name>.const:.string</name>
         <load_address>0x2765c</load_address>
         <run_address>0x2765c</run_address>
         <size>0xb4</size>
         <input_file_ref idref="fl-e"/>
      </object_component>
      <object_component id="oc-86b">
         <name>.const:digits</name>
         <load_address>0x27710</load_address>
         <run_address>0x27710</run_address>
         <size>0x80</size>
         <input_file_ref idref="fl-11e"/>
      </object_component>
      <object_component id="oc-846">
         <name>.const:aT</name>
         <load_address>0x27790</load_address>
         <run_address>0x27790</run_address>
         <size>0x58</size>
         <input_file_ref idref="fl-ed"/>
      </object_component>
      <object_component id="oc-86e">
         <name>.const:powerof10</name>
         <load_address>0x277e8</load_address>
         <run_address>0x277e8</run_address>
         <size>0x48</size>
         <input_file_ref idref="fl-11e"/>
      </object_component>
      <object_component id="oc-854">
         <name>.const:PIo2</name>
         <load_address>0x27830</load_address>
         <run_address>0x27830</run_address>
         <size>0x40</size>
         <input_file_ref idref="fl-112"/>
      </object_component>
      <object_component id="oc-728">
         <name>.const:.string</name>
         <load_address>0x27870</load_address>
         <run_address>0x27870</run_address>
         <size>0x24</size>
         <input_file_ref idref="fl-a"/>
      </object_component>
      <object_component id="oc-5ad">
         <name>.const</name>
         <load_address>0x27894</load_address>
         <run_address>0x27894</run_address>
         <size>0x4</size>
         <input_file_ref idref="fl-5"/>
      </object_component>
      <object_component id="oc-840">
         <name>.const:atanhi</name>
         <load_address>0x27898</load_address>
         <run_address>0x27898</run_address>
         <size>0x20</size>
         <input_file_ref idref="fl-ed"/>
      </object_component>
      <object_component id="oc-843">
         <name>.const:atanlo</name>
         <load_address>0x278b8</load_address>
         <run_address>0x278b8</run_address>
         <size>0x20</size>
         <input_file_ref idref="fl-ed"/>
      </object_component>
      <object_component id="oc-700">
         <name>.const:s_het1pwmPolarity</name>
         <load_address>0x278d8</load_address>
         <run_address>0x278d8</run_address>
         <size>0x20</size>
         <input_file_ref idref="fl-d"/>
      </object_component>
      <object_component id="oc-2d8">
         <name>.const:s_het1pwmPolarity</name>
         <load_address>0x278f8</load_address>
         <run_address>0x278f8</run_address>
         <size>0x20</size>
         <input_file_ref idref="fl-16"/>
      </object_component>
      <object_component id="oc-1e0">
         <name>.const:$P$T0$1</name>
         <load_address>0x27918</load_address>
         <run_address>0x27918</run_address>
         <size>0x14</size>
         <input_file_ref idref="fl-27"/>
      </object_component>
      <object_component id="oc-78c">
         <name>.const:.string</name>
         <load_address>0x2792c</load_address>
         <run_address>0x2792c</run_address>
         <size>0x14</size>
         <input_file_ref idref="fl-5"/>
      </object_component>
      <object_component id="oc-615">
         <name>.const:bp</name>
         <load_address>0x27940</load_address>
         <run_address>0x27940</run_address>
         <size>0x10</size>
         <input_file_ref idref="fl-eb"/>
      </object_component>
      <object_component id="oc-618">
         <name>.const:dp_h</name>
         <load_address>0x27950</load_address>
         <run_address>0x27950</run_address>
         <size>0x10</size>
         <input_file_ref idref="fl-eb"/>
      </object_component>
      <object_component id="oc-61b">
         <name>.const:dp_l</name>
         <load_address>0x27960</load_address>
         <run_address>0x27960</run_address>
         <size>0x10</size>
         <input_file_ref idref="fl-eb"/>
      </object_component>
      <object_component id="oc-84e">
         <name>.const:init_jk</name>
         <load_address>0x27970</load_address>
         <run_address>0x27970</run_address>
         <size>0x10</size>
         <input_file_ref idref="fl-112"/>
      </object_component>
      <object_component id="oc-2e2">
         <name>.const:s_adcFiFoSize</name>
         <load_address>0x27980</load_address>
[...]
         <object_component_ref idref="oc-f2"/>
      </symbol>
      <symbol id="sm-1893">
         <name>memset</name>
         <value>0x2522c</value>
         <object_component_ref idref="oc-f2"/>
      </symbol>
      <symbol id="sm-1894">
         <name>__aeabi_memset8</name>
         <value>0x25220</value>
         <object_component_ref idref="oc-f2"/>
      </symbol>
      <symbol id="sm-1895">
         <name>__aeabi_memset4</name>
         <value>0x25220</value>
         <object_component_ref idref="oc-f2"/>
      </symbol>
      <symbol id="sm-1896">
         <name>__aeabi_memclr8</name>
         <value>0x2521c</value>
         <object_component_ref idref="oc-f2"/>
      </symbol>
      <symbol id="sm-1897">
         <name>__aeabi_memclr4</name>
         <value>0x2521c</value>
         <object_component_ref idref="oc-f2"/>
      </symbol>
      <symbol id="sm-1898">
         <name>__aeabi_memclr</name>
         <value>0x2521c</value>
         <object_component_ref idref="oc-f2"/>
      </symbol>
      <symbol id="sm-18a4">
         <name>__aeabi_idivmod</name>
         <value>0x26670</value>
         <object_component_ref idref="oc-3c4"/>
      </symbol>
      <symbol id="sm-18a5">
         <name>__aeabi_idiv</name>
         <value>0x26670</value>
         <object_component_ref idref="oc-3c4"/>
      </symbol>
      <symbol id="sm-18b1">
         <name>__aeabi_uidivmod</name>
         <value>0x266c4</value>
         <object_component_ref idref="oc-2bc"/>
      </symbol>
      <symbol id="sm-18b2">
         <name>__aeabi_uidiv</name>
         <value>0x266c4</value>
         <object_component_ref idref="oc-2bc"/>
      </symbol>
      <symbol id="sm-18c9">
         <name>__aeabi_dsub</name>
         <value>0x22868</value>
         <object_component_ref idref="oc-2ea"/>
      </symbol>
      <symbol id="sm-18ca">
         <name>__aeabi_dadd</name>
         <value>0x22874</value>
         <object_component_ref idref="oc-2ea"/>
      </symbol>
      <symbol id="sm-18ec">
         <name>__aeabi_cdcmpeq</name>
         <value>0x24d28</value>
         <object_component_ref idref="oc-60a"/>
      </symbol>
      <symbol id="sm-18ed">
         <name>__aeabi_cdcmple</name>
         <value>0x24d28</value>
         <object_component_ref idref="oc-60a"/>
      </symbol>
      <symbol id="sm-18ee">
         <name>__aeabi_cdrcmple</name>
         <value>0x24e08</value>
         <object_component_ref idref="oc-57c"/>
      </symbol>
      <symbol id="sm-1902">
         <name>__aeabi_ddiv</name>
         <value>0x23870</value>
         <object_component_ref idref="oc-2c6"/>
      </symbol>
      <symbol id="sm-190d">
         <name>__aeabi_dmul</name>
         <value>0x24604</value>
         <object_component_ref idref="oc-2c1"/>
      </symbol>
      <symbol id="sm-1917">
         <name>__aeabi_d2iz</name>
         <value>0x26410</value>
         <object_component_ref idref="oc-3d9"/>
      </symbol>
      <symbol id="sm-1923">
         <name>__aeabi_d2f</name>
         <value>0x25808</value>
         <object_component_ref idref="oc-3ae"/>
      </symbol>
      <symbol id="sm-192d">
         <name>__aeabi_d2uiz</name>
         <value>0x264c8</value>
         <object_component_ref idref="oc-2cb"/>
      </symbol>
      <symbol id="sm-193e">
         <name>__aeabi_fadd</name>
         <value>0x243a4</value>
         <object_component_ref idref="oc-1a0"/>
      </symbol>
      <symbol id="sm-193f">
         <name>__aeabi_fsub</name>
         <value>0x243a0</value>
         <object_component_ref idref="oc-1a0"/>
      </symbol>
      <symbol id="sm-1957">
         <name>__aeabi_cfrcmple</name>
         <value>0x25d3c</value>
         <object_component_ref idref="oc-1a5"/>
      </symbol>
      <symbol id="sm-1958">
         <name>__aeabi_cfcmpeq</name>
         <value>0x25cb4</value>
         <object_component_ref idref="oc-1aa"/>
      </symbol>
      <symbol id="sm-1959">
         <name>__aeabi_cfcmple</name>
         <value>0x25cb4</value>
         <object_component_ref idref="oc-1aa"/>
      </symbol>
      <symbol id="sm-1966">
         <name>__aeabi_fdiv</name>
         <value>0x24fc8</value>
         <object_component_ref idref="oc-39e"/>
      </symbol>
      <symbol id="sm-1970">
         <name>__aeabi_fmul</name>
         <value>0x25578</value>
         <object_component_ref idref="oc-3b9"/>
      </symbol>
      <symbol id="sm-197b">
         <name>__aeabi_f2d</name>
         <value>0x2646c</value>
         <object_component_ref idref="oc-3a3"/>
      </symbol>
      <symbol id="sm-1985">
         <name>__aeabi_f2iz</name>
         <value>0x26760</value>
         <object_component_ref idref="oc-3cf"/>
      </symbol>
      <symbol id="sm-1990">
         <name>__aeabi_f2uiz</name>
         <value>0x267ac</value>
         <object_component_ref idref="oc-460"/>
      </symbol>
      <symbol id="sm-199a">
         <name>__aeabi_i2d</name>
         <value>0x26a2c</value>
         <object_component_ref idref="oc-3d4"/>
      </symbol>
      <symbol id="sm-19a5">
         <name>__aeabi_i2f</name>
         <value>0x267f8</value>
         <object_component_ref idref="oc-399"/>
      </symbol>
      <symbol id="sm-19b0">
         <name>__aeabi_l2f</name>
         <value>0x263b0</value>
         <object_component_ref idref="oc-46a"/>
      </symbol>
      <symbol id="sm-19c9">
         <name>memcpy</name>
         <value>0x23a00</value>
         <object_component_ref idref="oc-5b"/>
      </symbol>
      <symbol id="sm-19ca">
         <name>__aeabi_memcpy</name>
         <value>0x23a00</value>
         <object_component_ref idref="oc-5b"/>
      </symbol>
      <symbol id="sm-19cb">
         <name>__aeabi_memcpy8</name>
         <value>0x23a00</value>
         <object_component_ref idref="oc-5b"/>
      </symbol>
      <symbol id="sm-19cc">
         <name>__aeabi_memcpy4</name>
         <value>0x23a00</value>
         <object_component_ref idref="oc-5b"/>
      </symbol>
      <symbol id="sm-19d6">
         <name>__aeabi_ui2d</name>
         <value>0x26aa0</value>
         <object_component_ref idref="oc-2d0"/>
      </symbol>
      <symbol id="sm-19e1">
         <name>__aeabi_ui2f</name>
         <value>0x26a68</value>
         <object_component_ref idref="oc-4b8"/>
      </symbol>
      <symbol id="sm-19ef">
         <name>__aeabi_ldivmod</name>
         <value>0x25a6c</value>
         <object_component_ref idref="oc-465"/>
      </symbol>
      <symbol id="sm-1a0b">
         <name>__aeabi_uldivmod</name>
         <value>0x2157c</value>
         <object_component_ref idref="oc-6ae"/>
      </symbol>
      <symbol id="sm-1a33">
         <name>__TI_auto_init_nobinit_nopinit</name>
         <value>0x26218</value>
         <object_component_ref idref="oc-116"/>
      </symbol>
      <symbol id="sm-1a46">
         <name>__TI_zero_init</name>
         <value>0x26cac</value>
         <object_component_ref idref="oc-6d"/>
      </symbol>
      <symbol id="sm-1a5d">
         <name>__TI_decompress_none</name>
         <value>0x26c98</value>
         <object_component_ref idref="oc-14"/>
      </symbol>
      <symbol id="sm-1a80">
         <name>__TI_decompress_lzss</name>
         <value>0x25c24</value>
         <object_component_ref idref="oc-e"/>
      </symbol>
      <symbol id="sm-1aef">
         <name>__kernel_rem_pio2</name>
         <value>0x18cbc</value>
         <object_component_ref idref="oc-6f0"/>
      </symbol>
      <symbol id="sm-1b15">
         <name>C$$EXIT</name>
         <value>0x26ce0</value>
         <object_component_ref idref="oc-1e9"/>
      </symbol>
      <symbol id="sm-1b16">
         <name>abort</name>
         <value>0x26ce0</value>
         <object_component_ref idref="oc-1e9"/>
      </symbol>
      <symbol id="sm-1b17">
         <name>__TI_dtors_ptr</name>
         <value>0x8003f20</value>
         <object_component_ref idref="oc-520"/>
      </symbol>
      <symbol id="sm-1b18">
         <name>__TI_cleanup_ptr</name>
         <value>0x8003f1c</value>
         <object_component_ref idref="oc-520"/>
      </symbol>
      <symbol id="sm-1b19">
         <name>__TI_enable_exit_profile_output</name>
         <value>0x8003f24</value>
         <object_component_ref idref="oc-520"/>
      </symbol>
      <symbol id="sm-1b1a">
         <name>exit</name>
         <value>0x25fd0</value>
         <object_component_ref idref="oc-1ef"/>
      </symbol>
      <symbol id="sm-1b2f">
         <name>_nop</name>
         <value>0x26cf0</value>
         <object_component_ref idref="oc-72d"/>
      </symbol>
      <symbol id="sm-1b30">
         <name>_lock</name>
         <value>0x8003f6c</value>
         <object_component_ref idref="oc-523"/>
      </symbol>
      <symbol id="sm-1b31">
         <name>_unlock</name>
         <value>0x8003f70</value>
         <object_component_ref idref="oc-523"/>
      </symbol>
      <symbol id="sm-1b45">
         <name>_abort_msg</name>
         <value>0x26c04</value>
         <object_component_ref idref="oc-2f6"/>
      </symbol>
      <symbol id="sm-1b52">
         <name>atof</name>
         <value>0x26ce8</value>
         <object_component_ref idref="oc-4c3"/>
      </symbol>
      <symbol id="sm-1b67">
         <name>__TI_tmpnams</name>
         <value>0x8003868</value>
      </symbol>
      <symbol id="sm-1b68">
         <name>__aeabi_stdout</name>
         <value>0x8003f04</value>
         <object_component_ref idref="oc-776"/>
      </symbol>
      <symbol id="sm-1b69">
         <name>__aeabi_stderr</name>
         <value>0x8003f08</value>
         <object_component_ref idref="oc-776"/>
      </symbol>
      <symbol id="sm-1b6a">
         <name>__aeabi_stdin</name>
         <value>0x8003f00</value>
         <object_component_ref idref="oc-776"/>
      </symbol>
      <symbol id="sm-1b6b">
         <name>_ftable</name>
         <value>0x8003b3c</value>
         <object_component_ref idref="oc-594"/>
      </symbol>
      <symbol id="sm-1b6c">
         <name>__TI_ft_end</name>
         <value>0x8003efc</value>
         <object_component_ref idref="oc-776"/>
      </symbol>
      <symbol id="sm-1b82">
         <name>rand</name>
         <value>0x26714</value>
         <object_component_ref idref="oc-3be"/>
      </symbol>
      <symbol id="sm-1b91">
         <name>strcat</name>
         <value>0x26b8c</value>
         <object_component_ref idref="oc-32d"/>
      </symbol>
      <symbol id="sm-1b9f">
         <name>strcmp</name>
         <value>0x26bdc</value>
         <object_component_ref idref="oc-327"/>
      </symbol>
      <symbol id="sm-1bad">
         <name>strcpy</name>
         <value>0x26c6c</value>
         <object_component_ref idref="oc-315"/>
      </symbol>
      <symbol id="sm-1bbb">
         <name>strlen</name>
         <value>0x26c4c</value>
         <object_component_ref idref="oc-31b"/>
      </symbol>
      <symbol id="sm-1bca">
         <name>strncpy</name>
         <value>0x26890</value>
         <object_component_ref idref="oc-321"/>
      </symbol>
      <symbol id="sm-1c26">
         <name>strtold</name>
         <value>0x1efa0</value>
         <object_component_ref idref="oc-71e"/>
      </symbol>
      <symbol id="sm-1c27">
         <name>strtod</name>
         <value>0x1efa0</value>
         <object_component_ref idref="oc-71e"/>
      </symbol>
      <symbol id="sm-1c3e">
         <name>strtok</name>
         <value>0x26280</value>
         <object_component_ref idref="oc-4bd"/>
      </symbol>
      <symbol id="sm-1c54">
         <name>__aeabi_errno_addr</name>
         <value>0x26cbc</value>
         <object_component_ref idref="oc-604"/>
      </symbol>
      <symbol id="sm-1c55">
         <name>errno</name>
         <value>0x800408c</value>
         <object_component_ref idref="oc-7c1"/>
      </symbol>
      <symbol id="sm-1c6b">
         <name>__kernel_cos</name>
         <value>0x22a7c</value>
         <object_component_ref idref="oc-6f6"/>
      </symbol>
      <symbol id="sm-1c82">
         <name>__kernel_sin</name>
         <value>0x22428</value>
         <object_component_ref idref="oc-6ea"/>
      </symbol>
      <symbol id="sm-1dd4">
         <name>__TI_printfi</name>
         <value>0x13024</value>
         <object_component_ref idref="oc-43e"/>
      </symbol>
      <symbol id="sm-1df5">
         <name>__TI_doflush</name>
         <value>0x25dc4</value>
         <object_component_ref idref="oc-768"/>
      </symbol>
      <symbol id="sm-1df6">
         <name>fflush</name>
         <value>0x25378</value>
         <object_component_ref idref="oc-58e"/>
      </symbol>
      <symbol id="sm-1e12">
         <name>fputs</name>
         <value>0x23534</value>
         <object_component_ref idref="oc-588"/>
      </symbol>
      <symbol id="sm-1e29">
         <name>__TI_wrt_ok</name>
         <value>0x25768</value>
         <object_component_ref idref="oc-75c"/>
      </symbol>
      <symbol id="sm-1e43">
         <name>setvbuf</name>
         <value>0x23fb0</value>
         <object_component_ref idref="oc-87e"/>
      </symbol>
      <symbol id="sm-1e4d">
         <name>__aeabi_idiv0</name>
         <value>0x26cf8</value>
         <object_component_ref idref="oc-567"/>
      </symbol>
      <symbol id="sm-1e4e">
         <name>__aeabi_ldiv0</name>
         <value>0x26cf8</value>
         <object_component_ref idref="oc-567"/>
      </symbol>
      <symbol id="sm-1e61">
         <name>atoi</name>
         <value>0x25ecc</value>
         <object_component_ref idref="oc-669"/>
      </symbol>
      <symbol id="sm-1e6c">
         <name>_ctypes_</name>
         <value>0x27558</value>
         <object_component_ref idref="oc-7e0"/>
      </symbol>
      <symbol id="sm-1e7a">
         <name>ltoa</name>
         <value>0x25f50</value>
         <object_component_ref idref="oc-7e6"/>
      </symbol>
      <symbol id="sm-1e89">
         <name>memccpy</name>
         <value>0x26b34</value>
         <object_component_ref idref="oc-68d"/>
      </symbol>
      <symbol id="sm-1e98">
         <name>memchr</name>
         <value>0x26b60</value>
         <object_component_ref idref="oc-762"/>
      </symbol>
      <symbol id="sm-1f16">
         <name>_sys_memory</name>
         <value>0x50e0</value>
         <object_component_ref idref="oc-4d"/>
      </symbol>
      <symbol id="sm-1f17">
         <name>free</name>
         <value>0x23b80</value>
         <object_component_ref idref="oc-8e8"/>
      </symbol>
      <symbol id="sm-1f18">
         <name>memalign</name>
         <value>0x231dc</value>
         <object_component_ref idref="oc-932"/>
      </symbol>
      <symbol id="sm-1f19">
         <name>malloc</name>
         <value>0x26cd4</value>
         <object_component_ref idref="oc-8ee"/>
      </symbol>
      <symbol id="sm-1f1a">
         <name>aligned_alloc</name>
         <value>0x231dc</value>
         <object_component_ref idref="oc-932"/>
      </symbol>
      <symbol id="sm-1f28">
         <name>strchr</name>
         <value>0x26bb4</value>
         <object_component_ref idref="oc-80d"/>
      </symbol>
      <symbol id="sm-1f39">
         <name>strcspn</name>
         <value>0x26964</value>
         <object_component_ref idref="oc-713"/>
      </symbol>
      <symbol id="sm-1f4a">
         <name>strspn</name>
         <value>0x26844</value>
         <object_component_ref idref="oc-70d"/>
      </symbol>
      <symbol id="sm-1f64">
         <name>write</name>
         <value>0x269a8</value>
         <object_component_ref idref="oc-76e"/>
      </symbol>
      <symbol id="sm-1f75">
         <name>_stream</name>
         <value>0x8003e1c</value>
         <object_component_ref idref="oc-889"/>
      </symbol>
      <symbol id="sm-1f76">
         <name>_device</name>
         <value>0x8003ccc</value>
         <object_component_ref idref="oc-905"/>
      </symbol>
      <symbol id="sm-1f8e">
         <name>wcslen</name>
         <value>0x26c28</value>
         <object_component_ref idref="oc-693"/>
      </symbol>
      <symbol id="sm-1fa1">
         <name>frexpl</name>
         <value>0x2604c</value>
         <object_component_ref idref="oc-807"/>
      </symbol>
      <symbol id="sm-1fa2">
         <name>frexp</name>
         <value>0x2604c</value>
         <object_component_ref idref="oc-807"/>
      </symbol>
      <symbol id="sm-1fb1">
         <name>__TI_cleanup</name>
         <value>0x26520</value>
         <object_component_ref idref="oc-8f4"/>
      </symbol>
      <symbol id="sm-1fc3">
         <name>fseek</name>
         <value>0x254d0</value>
         <object_component_ref idref="oc-878"/>
      </symbol>
      <symbol id="sm-1fd4">
         <name>HOSTclose</name>
         <value>0x260c8</value>
         <object_component_ref idref="oc-948"/>
      </symbol>
      <symbol id="sm-1fe5">
         <name>HOSTlseek</name>
         <value>0x252cc</value>
         <object_component_ref idref="oc-95a"/>
      </symbol>
      <symbol id="sm-1ff7">
         <name>parmbuf</name>
         <value>0x8003b10</value>
      </symbol>
      <symbol id="sm-1ff8">
         <name>HOSTopen</name>
         <value>0x258a4</value>
         <object_component_ref idref="oc-942"/>
      </symbol>
      <symbol id="sm-2009">
         <name>HOSTread</name>
         <value>0x25b04</value>
         <object_component_ref idref="oc-94e"/>
      </symbol>
      <symbol id="sm-201a">
         <name>HOSTrename</name>
         <value>0x25620</value>
         <object_component_ref idref="oc-966"/>
      </symbol>
      <symbol id="sm-202b">
         <name>HOSTunlink</name>
         <value>0x2613c</value>
         <object_component_ref idref="oc-960"/>
      </symbol>
      <symbol id="sm-203c">
         <name>HOSTwrite</name>
         <value>0x25b94</value>
         <object_component_ref idref="oc-954"/>
      </symbol>
      <symbol id="sm-205f">
         <name>__TI_readmsg</name>
         <value>0x26574</value>
         <object_component_ref idref="oc-993"/>
      </symbol>
      <symbol id="sm-2060">
         <name>C$$IO$$</name>
         <value>0x26610</value>
         <object_component_ref idref="oc-98d"/>
      </symbol>
      <symbol id="sm-2061">
         <name>__CIOBUF_</name>
         <value>0x8003680</value>
         <object_component_ref idref="oc-9b8"/>
      </symbol>
      <symbol id="sm-2062">
         <name>__TI_writemsg</name>
         <value>0x265c8</value>
         <object_component_ref idref="oc-98d"/>
      </symbol>
      <symbol id="sm-2073">
         <name>lseek</name>
         <value>0x26920</value>
         <object_component_ref idref="oc-8e0"/>
      </symbol>
      <symbol id="sm-2088">
         <name>__TI_closefile</name>
         <value>0x25164</value>
         <object_component_ref idref="oc-939"/>
      </symbol>
      <symbol id="sm-20aa">
         <name>finddevice</name>
         <value>0x2661c</value>
         <object_component_ref idref="oc-9ce"/>
      </symbol>
      <symbol id="sm-20ab">
         <name>getdevice</name>
         <value>0x261ac</value>
         <object_component_ref idref="oc-9ae"/>
      </symbol>
      <symbol id="sm-20c0">
         <name>close</name>
         <value>0x259d4</value>
         <object_component_ref idref="oc-97e"/>
      </symbol>
      <symbol id="sm-20d0">
         <name>unlink</name>
         <value>0x268d8</value>
         <object_component_ref idref="oc-984"/>
      </symbol>
      <symbol id="sm-20d1">
         <name>__TI_static_base__</name>
         <value>0x0</value>
      </symbol>
      <symbol id="sm-20d5">
         <name>SHT$$INIT_ARRAY$$Base</name>
         <value>0x0</value>
      </symbol>
      <symbol id="sm-20d6">
         <name>SHT$$INIT_ARRAY$$Limit</name>
         <value>0x0</value>
      </symbol>
      <symbol id="sm-20d7">
         <name>_system_post_cinit</name>
         <value>0x0</value>
      </symbol>
      <symbol id="sm-20d8">
         <name>remove</name>
         <value>0x268d8</value>
      </symbol>
   </symbol_table>
   <title>Link successful</title>
</link_info>
